Archive member included to satisfy reference by file (symbol)

h:/programs/truestudio for stm32 9.2.0/armtools/bin/../lib/gcc/arm-atollic-eabi/6.3.1/../../../../arm-atollic-eabi/lib/armv6-m\libc_nano.a(lib_a-errno.o)
                              Src\syscalls.o (__errno)
h:/programs/truestudio for stm32 9.2.0/armtools/bin/../lib/gcc/arm-atollic-eabi/6.3.1/../../../../arm-atollic-eabi/lib/armv6-m\libc_nano.a(lib_a-impure.o)
                              h:/programs/truestudio for stm32 9.2.0/armtools/bin/../lib/gcc/arm-atollic-eabi/6.3.1/../../../../arm-atollic-eabi/lib/armv6-m\libc_nano.a(lib_a-errno.o) (_impure_ptr)
h:/programs/truestudio for stm32 9.2.0/armtools/bin/../lib/gcc/arm-atollic-eabi/6.3.1/../../../../arm-atollic-eabi/lib/armv6-m\libc_nano.a(lib_a-init.o)
                              startup\startup_stm32l011xx.o (__libc_init_array)
h:/programs/truestudio for stm32 9.2.0/armtools/bin/../lib/gcc/arm-atollic-eabi/6.3.1/../../../../arm-atollic-eabi/lib/armv6-m\libc_nano.a(lib_a-memset.o)
                              Drivers\STM32L0xx_HAL_Driver\Src\stm32l0xx_hal_rcc.o (memset)
h:/programs/truestudio for stm32 9.2.0/armtools/bin/../lib/gcc/arm-atollic-eabi/6.3.1/armv6-m\libgcc.a(_udivsi3.o)
                              Drivers\STM32L0xx_HAL_Driver\Src\stm32l0xx_hal.o (__aeabi_uidiv)
h:/programs/truestudio for stm32 9.2.0/armtools/bin/../lib/gcc/arm-atollic-eabi/6.3.1/armv6-m\libgcc.a(_dvmd_tls.o)
                              h:/programs/truestudio for stm32 9.2.0/armtools/bin/../lib/gcc/arm-atollic-eabi/6.3.1/armv6-m\libgcc.a(_udivsi3.o) (__aeabi_idiv0)
h:/programs/truestudio for stm32 9.2.0/armtools/bin/../lib/gcc/arm-atollic-eabi/6.3.1/armv6-m\libgcc.a(_fixunsdfsi.o)
                              Src\stm32l0xx_it.o (__aeabi_d2uiz)
h:/programs/truestudio for stm32 9.2.0/armtools/bin/../lib/gcc/arm-atollic-eabi/6.3.1/armv6-m\libgcc.a(muldf3.o)
                              Src\stm32l0xx_it.o (__aeabi_dmul)
h:/programs/truestudio for stm32 9.2.0/armtools/bin/../lib/gcc/arm-atollic-eabi/6.3.1/armv6-m\libgcc.a(subdf3.o)
                              h:/programs/truestudio for stm32 9.2.0/armtools/bin/../lib/gcc/arm-atollic-eabi/6.3.1/armv6-m\libgcc.a(_fixunsdfsi.o) (__aeabi_dsub)
h:/programs/truestudio for stm32 9.2.0/armtools/bin/../lib/gcc/arm-atollic-eabi/6.3.1/armv6-m\libgcc.a(fixdfsi.o)
                              h:/programs/truestudio for stm32 9.2.0/armtools/bin/../lib/gcc/arm-atollic-eabi/6.3.1/armv6-m\libgcc.a(_fixunsdfsi.o) (__aeabi_d2iz)
h:/programs/truestudio for stm32 9.2.0/armtools/bin/../lib/gcc/arm-atollic-eabi/6.3.1/armv6-m\libgcc.a(floatunsidf.o)
                              Src\stm32l0xx_it.o (__aeabi_ui2d)
h:/programs/truestudio for stm32 9.2.0/armtools/bin/../lib/gcc/arm-atollic-eabi/6.3.1/armv6-m\libgcc.a(_arm_cmpdf2.o)
                              h:/programs/truestudio for stm32 9.2.0/armtools/bin/../lib/gcc/arm-atollic-eabi/6.3.1/armv6-m\libgcc.a(_fixunsdfsi.o) (__aeabi_dcmpge)
h:/programs/truestudio for stm32 9.2.0/armtools/bin/../lib/gcc/arm-atollic-eabi/6.3.1/armv6-m\libgcc.a(_clzsi2.o)
                              h:/programs/truestudio for stm32 9.2.0/armtools/bin/../lib/gcc/arm-atollic-eabi/6.3.1/armv6-m\libgcc.a(muldf3.o) (__clzsi2)
h:/programs/truestudio for stm32 9.2.0/armtools/bin/../lib/gcc/arm-atollic-eabi/6.3.1/armv6-m\libgcc.a(eqdf2.o)
                              h:/programs/truestudio for stm32 9.2.0/armtools/bin/../lib/gcc/arm-atollic-eabi/6.3.1/armv6-m\libgcc.a(_arm_cmpdf2.o) (__eqdf2)
h:/programs/truestudio for stm32 9.2.0/armtools/bin/../lib/gcc/arm-atollic-eabi/6.3.1/armv6-m\libgcc.a(gedf2.o)
                              h:/programs/truestudio for stm32 9.2.0/armtools/bin/../lib/gcc/arm-atollic-eabi/6.3.1/armv6-m\libgcc.a(_arm_cmpdf2.o) (__gedf2)
h:/programs/truestudio for stm32 9.2.0/armtools/bin/../lib/gcc/arm-atollic-eabi/6.3.1/armv6-m\libgcc.a(ledf2.o)
                              h:/programs/truestudio for stm32 9.2.0/armtools/bin/../lib/gcc/arm-atollic-eabi/6.3.1/armv6-m\libgcc.a(_arm_cmpdf2.o) (__ledf2)

Allocating common symbols
Common symbol       size              file

uwTick              0x4               Drivers\STM32L0xx_HAL_Driver\Src\stm32l0xx_hal.o
pFlash              0x18              Drivers\STM32L0xx_HAL_Driver\Src\stm32l0xx_hal_flash.o
hlptim1             0x30              Src\lptim.o
htim2               0x3c              Src\tim.o
hdma_adc            0x48              Src\adc.o
hadc                0x5c              Src\adc.o
htim21              0x3c              Src\tim.o

Discarded input sections

 .text          0x00000000        0x0 h:/programs/truestudio for stm32 9.2.0/armtools/bin/../lib/gcc/arm-atollic-eabi/6.3.1/armv6-m/crti.o
 .data          0x00000000        0x0 h:/programs/truestudio for stm32 9.2.0/armtools/bin/../lib/gcc/arm-atollic-eabi/6.3.1/armv6-m/crti.o
 .bss           0x00000000        0x0 h:/programs/truestudio for stm32 9.2.0/armtools/bin/../lib/gcc/arm-atollic-eabi/6.3.1/armv6-m/crti.o
[...]
Memory Configuration

Name             Origin             Length             Attributes
RAM              0x20000000         0x00000800         xrw
FLASH            0x08000000         0x00004000         xr
*default*        0x00000000         0xffffffff

Linker script and memory map

LOAD h:/programs/truestudio for stm32 9.2.0/armtools/bin/../lib/gcc/arm-atollic-eabi/6.3.1/armv6-m/crti.o
LOAD h:/programs/truestudio for stm32 9.2.0/armtools/bin/../lib/gcc/arm-atollic-eabi/6.3.1/armv6-m/crtbegin.o
LOAD Drivers\STM32L0xx_HAL_Driver\Src\stm32l0xx_hal.o
LOAD Drivers\STM32L0xx_HAL_Driver\Src\stm32l0xx_hal_adc.o
LOAD Drivers\STM32L0xx_HAL_Driver\Src\stm32l0xx_hal_adc_ex.o
LOAD Drivers\STM32L0xx_HAL_Driver\Src\stm32l0xx_hal_cortex.o
LOAD Drivers\STM32L0xx_HAL_Driver\Src\stm32l0xx_hal_dma.o
LOAD Drivers\STM32L0xx_HAL_Driver\Src\stm32l0xx_hal_flash.o
LOAD Drivers\STM32L0xx_HAL_Driver\Src\stm32l0xx_hal_flash_ex.o
LOAD Drivers\STM32L0xx_HAL_Driver\Src\stm32l0xx_hal_flash_ramfunc.o
LOAD Drivers\STM32L0xx_HAL_Driver\Src\stm32l0xx_hal_gpio.o
LOAD Drivers\STM32L0xx_HAL_Driver\Src\stm32l0xx_hal_i2c.o
LOAD Drivers\STM32L0xx_HAL_Driver\Src\stm32l0xx_hal_i2c_ex.o
LOAD Drivers\STM32L0xx_HAL_Driver\Src\stm32l0xx_hal_lptim.o
LOAD Drivers\STM32L0xx_HAL_Driver\Src\stm32l0xx_hal_pwr.o
LOAD Drivers\STM32L0xx_HAL_Driver\Src\stm32l0xx_hal_pwr_ex.o
LOAD Drivers\STM32L0xx_HAL_Driver\Src\stm32l0xx_hal_rcc.o
LOAD Drivers\STM32L0xx_HAL_Driver\Src\stm32l0xx_hal_rcc_ex.o
LOAD Drivers\STM32L0xx_HAL_Driver\Src\stm32l0xx_hal_tim.o
LOAD Drivers\STM32L0xx_HAL_Driver\Src\stm32l0xx_hal_tim_ex.o
LOAD Src\adc.o
LOAD Src\dma.o
LOAD Src\gpio.o
LOAD Src\lptim.o
LOAD Src\main.o
LOAD Src\stm32l0xx_hal_msp.o
LOAD Src\stm32l0xx_it.o
LOAD Src\syscalls.o
LOAD Src\system_stm32l0xx.o
LOAD Src\tim.o
LOAD startup\startup_stm32l011xx.o
                0x00000080                malloc_getpagesize_P = 0x80
START GROUP
LOAD h:/programs/truestudio for stm32 9.2.0/armtools/bin/../lib/gcc/arm-atollic-eabi/6.3.1/../../../../arm-atollic-eabi/lib/armv6-m\libc_nano.a
LOAD h:/programs/truestudio for stm32 9.2.0/armtools/bin/../lib/gcc/arm-atollic-eabi/6.3.1/../../../../arm-atollic-eabi/lib/armv6-m\libm.a
END GROUP
START GROUP
LOAD h:/programs/truestudio for stm32 9.2.0/armtools/bin/../lib/gcc/arm-atollic-eabi/6.3.1/armv6-m\libgcc.a
LOAD h:/programs/truestudio for stm32 9.2.0/armtools/bin/../lib/gcc/arm-atollic-eabi/6.3.1/../../../../arm-atollic-eabi/lib/armv6-m\libc_nano.a
END GROUP
START GROUP
LOAD h:/programs/truestudio for stm32 9.2.0/armtools/bin/../lib/gcc/arm-atollic-eabi/6.3.1/armv6-m\libgcc.a
LOAD h:/programs/truestudio for stm32 9.2.0/armtools/bin/../lib/gcc/arm-atollic-eabi/6.3.1/../../../../arm-atollic-eabi/lib/armv6-m\libc_nano.a
LOAD h:/programs/truestudio for stm32 9.2.0/armtools/bin/../lib/gcc/arm-atollic-eabi/6.3.1/../../../../arm-atollic-eabi/lib/armv6-m\libnosys.a
END GROUP
START GROUP
LOAD h:/programs/truestudio for stm32 9.2.0/armtools/bin/../lib/gcc/arm-atollic-eabi/6.3.1/armv6-m\libgcc.a
LOAD h:/programs/truestudio for stm32 9.2.0/armtools/bin/../lib/gcc/arm-atollic-eabi/6.3.1/../../../../arm-atollic-eabi/lib/armv6-m\libc_nano.a
LOAD h:/programs/truestudio for stm32 9.2.0/armtools/bin/../lib/gcc/arm-atollic-eabi/6.3.1/../../../../arm-atollic-eabi/lib/armv6-m\libnosys.a
END GROUP
LOAD h:/programs/truestudio for stm32 9.2.0/armtools/bin/../lib/gcc/arm-atollic-eabi/6.3.1/armv6-m/crtend.o
LOAD h:/programs/truestudio for stm32 9.2.0/armtools/bin/../lib/gcc/arm-atollic-eabi/6.3.1/armv6-m/crtn.o
                0x20000800                _estack = 0x20000800
                0x00000200                _Min_Heap_Size = 0x200
                0x00000400                _Min_Stack_Size = 0x400

.isr_vector     0x08000000       0xc0
                0x08000000                . = ALIGN (0x4)
 *(.isr_vector)
 .isr_vector    0x08000000       0xc0 startup\startup_stm32l011xx.o
                0x08000000                g_pfnVectors
                0x080000c0                . = ALIGN (0x4)

.text           0x080000c0     0x32a4
                0x080000c0                . = ALIGN (0x4)
 *(.text)
 .text          0x080000c0       0x48 h:/programs/truestudio for stm32 9.2.0/armtools/bin/../lib/gcc/arm-atollic-eabi/6.3.1/armv6-m/crtbegin.o
 .text          0x08000108      0x114 h:/programs/truestudio for stm32 9.2.0/armtools/bin/../lib/gcc/arm-atollic-eabi/6.3.1/armv6-m\libgcc.a(_udivsi3.o)
                0x08000108                __aeabi_uidiv
                0x08000108                __udivsi3
                0x08000214                __aeabi_uidivmod
 .text          0x0800021c        0x4 h:/programs/truestudio for stm32 9.2.0/armtools/bin/../lib/gcc/arm-atollic-eabi/6.3.1/armv6-m\libgcc.a(_dvmd_tls.o)
                0x0800021c                __aeabi_idiv0
                0x0800021c                __aeabi_ldiv0
 .text          0x08000220       0x3c h:/programs/truestudio for stm32 9.2.0/armtools/bin/../lib/gcc/arm-atollic-eabi/6.3.1/armv6-m\libgcc.a(_fixunsdfsi.o)
                0x08000220                __aeabi_d2uiz
                0x08000220                __fixunsdfsi
 .text          0x0800025c      0x500 h:/programs/truestudio for stm32 9.2.0/armtools/bin/../lib/gcc/arm-atollic-eabi/6.3.1/armv6-m\libgcc.a(muldf3.o)
                0x0800025c                __aeabi_dmul
 .text          0x0800075c      0x62c h:/programs/truestudio for stm32 9.2.0/armtools/bin/../lib/gcc/arm-atollic-eabi/6.3.1/armv6-m\libgcc.a(subdf3.o)
                0x0800075c                __aeabi_dsub
 .text          0x08000d88       0x68 h:/programs/truestudio for stm32 9.2.0/armtools/bin/../lib/gcc/arm-atollic-eabi/6.3.1/armv6-m\libgcc.a(fixdfsi.o)
                0x08000d88                __aeabi_d2iz
 .text          0x08000df0       0x70 h:/programs/truestudio for stm32 9.2.0/armtools/bin/../lib/gcc/arm-atollic-eabi/6.3.1/armv6-m\libgcc.a(floatunsidf.o)
                0x08000df0                __aeabi_ui2d
 .text          0x08000e60       0x7c h:/programs/truestudio for stm32 9.2.0/armtools/bin/../lib/gcc/arm-atollic-eabi/6.3.1/armv6-m\libgcc.a(_arm_cmpdf2.o)
                0x08000e60                __aeabi_cdrcmple
                0x08000e70                __aeabi_cdcmple
                0x08000e70                __aeabi_cdcmpeq
                0x08000e80                __aeabi_dcmpeq
                0x08000e8c                __aeabi_dcmplt
                0x08000ea0                __aeabi_dcmple
                0x08000eb4                __aeabi_dcmpgt
                0x08000ec8                __aeabi_dcmpge
 .text          0x08000edc       0x3c h:/programs/truestudio for stm32 9.2.0/armtools/bin/../lib/gcc/arm-atollic-eabi/6.3.1/armv6-m\libgcc.a(_clzsi2.o)
                0x08000edc                __clzsi2
 .text          0x08000f18       0x74 h:/programs/truestudio for stm32 9.2.0/armtools/bin/../lib/gcc/arm-atollic-eabi/6.3.1/armv6-m\libgcc.a(eqdf2.o)
                0x08000f18                __nedf2
                0x08000f18                __eqdf2
 .text          0x08000f8c       0xc8 h:/programs/truestudio for stm32 9.2.0/armtools/bin/../lib/gcc/arm-atollic-eabi/6.3.1/armv6-m\libgcc.a(gedf2.o)
                0x08000f8c                __gedf2
                0x08000f8c                __gtdf2
 .text          0x08001054       0xc4 h:/programs/truestudio for stm32 9.2.0/armtools/bin/../lib/gcc/arm-atollic-eabi/6.3.1/armv6-m\libgcc.a(ledf2.o)
                0x08001054                __ledf2
                0x08001054                __ltdf2
 *(.text*)
 .text.HAL_InitTick
                0x08001118       0x30 Drivers\STM32L0xx_HAL_Driver\Src\stm32l0xx_hal.o
                0x08001118                HAL_InitTick
 .text.HAL_Init
                0x08001148       0x28 Drivers\STM32L0xx_HAL_Driver\Src\stm32l0xx_hal.o
                0x08001148                HAL_Init
 .text.HAL_IncTick
                0x08001170       0x10 Drivers\STM32L0xx_HAL_Driver\Src\stm32l0xx_hal.o
                0x08001170                HAL_IncTick
 .text.HAL_GetTick
                0x08001180        0xc Drivers\STM32L0xx_HAL_Driver\Src\stm32l0xx_hal.o
                0x08001180                HAL_GetTick
 .text.ADC_DelayMicroSecond
                0x0800118c       0x30 Drivers\STM32L0xx_HAL_Driver\Src\stm32l0xx_hal_adc.o
 .text.ADC_Enable
                0x080011bc       0x88 Drivers\STM32L0xx_HAL_Driver\Src\stm32l0xx_hal_adc.o
 .text.HAL_ADC_Init
                0x08001244      0x1f4 Drivers\STM32L0xx_HAL_Driver\Src\stm32l0xx_hal_adc.o
                0x08001244                HAL_ADC_Init
 .text.HAL_ADC_Start_DMA
                0x08001438       0xa8 Drivers\STM32L0xx_HAL_Driver\Src\stm32l0xx_hal_adc.o
                0x08001438                HAL_ADC_Start_DMA
 .text.HAL_ADC_ConvCpltCallback
                0x080014e0        0x2 Drivers\STM32L0xx_HAL_Driver\Src\stm32l0xx_hal_adc.o
                0x080014e0                HAL_ADC_ConvCpltCallback
 *fill*         0x080014e2        0x2 
 .text.ADC_DMAConvCplt
                0x080014e4       0x74 Drivers\STM32L0xx_HAL_Driver\Src\stm32l0xx_hal_adc.o
 .text.HAL_ADC_ConvHalfCpltCallback
                0x08001558        0x2 Drivers\STM32L0xx_HAL_Driver\Src\stm32l0xx_hal_adc.o
                0x08001558                HAL_ADC_ConvHalfCpltCallback
 .text.ADC_DMAHalfConvCplt
                0x0800155a        0xa Drivers\STM32L0xx_HAL_Driver\Src\stm32l0xx_hal_adc.o
 .text.HAL_ADC_ErrorCallback
                0x08001564        0x2 Drivers\STM32L0xx_HAL_Driver\Src\stm32l0xx_hal_adc.o
                0x08001564                HAL_ADC_ErrorCallback
 .text.ADC_DMAError
                0x08001566       0x1a Drivers\STM32L0xx_HAL_Driver\Src\stm32l0xx_hal_adc.o
 .text.HAL_ADC_ConfigChannel
                0x08001580       0xbc Drivers\STM32L0xx_HAL_Driver\Src\stm32l0xx_hal_adc.o
                0x08001580                HAL_ADC_ConfigChannel
 .text.HAL_ADCEx_Calibration_Start
                0x0800163c       0xb8 Drivers\STM32L0xx_HAL_Driver\Src\stm32l0xx_hal_adc_ex.o
                0x0800163c                HAL_ADCEx_Calibration_Start
 .text.HAL_NVIC_SetPriority
                0x080016f4       0x64 Drivers\STM32L0xx_HAL_Driver\Src\stm32l0xx_hal_cortex.o
                0x080016f4                HAL_NVIC_SetPriority
 .text.HAL_NVIC_EnableIRQ
                0x08001758       0x14 Drivers\STM32L0xx_HAL_Driver\Src\stm32l0xx_hal_cortex.o
                0x08001758                HAL_NVIC_EnableIRQ
 .text.HAL_SYSTICK_Config
                0x0800176c       0x38 Drivers\STM32L0xx_HAL_Driver\Src\stm32l0xx_hal_cortex.o
                0x0800176c                HAL_SYSTICK_Config
 .text.DMA_SetConfig
                0x080017a4       0x2e Drivers\STM32L0xx_HAL_Driver\Src\stm32l0xx_hal_dma.o
 *fill*         0x080017d2        0x2 
 .text.HAL_DMA_Init
                0x080017d4       0x98 Drivers\STM32L0xx_HAL_Driver\Src\stm32l0xx_hal_dma.o
                0x080017d4                HAL_DMA_Init
 .text.HAL_DMA_Start_IT
                0x0800186c       0x76 Drivers\STM32L0xx_HAL_Driver\Src\stm32l0xx_hal_dma.o
                0x0800186c                HAL_DMA_Start_IT
 .text.HAL_DMA_IRQHandler
                0x080018e2       0xba Drivers\STM32L0xx_HAL_Driver\Src\stm32l0xx_hal_dma.o
                0x080018e2                HAL_DMA_IRQHandler
 .text.HAL_GPIO_Init
                0x0800199c      0x17c Drivers\STM32L0xx_HAL_Driver\Src\stm32l0xx_hal_gpio.o
                0x0800199c                HAL_GPIO_Init
 .text.HAL_GPIO_WritePin
                0x08001b18        0xc Drivers\STM32L0xx_HAL_Driver\Src\stm32l0xx_hal_gpio.o
                0x08001b18                HAL_GPIO_WritePin
 .text.HAL_GPIO_TogglePin
                0x08001b24        0x8 Drivers\STM32L0xx_HAL_Driver\Src\stm32l0xx_hal_gpio.o
                0x08001b24                HAL_GPIO_TogglePin
 .text.HAL_GPIO_EXTI_Callback
                0x08001b2c        0x2 Drivers\STM32L0xx_HAL_Driver\Src\stm32l0xx_hal_gpio.o
                0x08001b2c                HAL_GPIO_EXTI_Callback
 *fill*         0x08001b2e        0x2 
 .text.HAL_GPIO_EXTI_IRQHandler
                0x08001b30       0x1c Drivers\STM32L0xx_HAL_Driver\Src\stm32l0xx_hal_gpio.o
                0x08001b30                HAL_GPIO_EXTI_IRQHandler
 .text.HAL_LPTIM_Init
                0x08001b4c       0xa0 Drivers\STM32L0xx_HAL_Driver\Src\stm32l0xx_hal_lptim.o
                0x08001b4c                HAL_LPTIM_Init
 .text.HAL_LPTIM_TimeOut_Start_IT
                0x08001bec       0x50 Drivers\STM32L0xx_HAL_Driver\Src\stm32l0xx_hal_lptim.o
                0x08001bec                HAL_LPTIM_TimeOut_Start_IT
 .text.HAL_LPTIM_CompareMatchCallback
                0x08001c3c        0x2 Drivers\STM32L0xx_HAL_Driver\Src\stm32l0xx_hal_lptim.o
                0x08001c3c                HAL_LPTIM_CompareMatchCallback
 .text.HAL_LPTIM_AutoReloadMatchCallback
                0x08001c3e        0x2 Drivers\STM32L0xx_HAL_Driver\Src\stm32l0xx_hal_lptim.o
                0x08001c3e                HAL_LPTIM_AutoReloadMatchCallback
 .text.HAL_LPTIM_TriggerCallback
                0x08001c40        0x2 Drivers\STM32L0xx_HAL_Driver\Src\stm32l0xx_hal_lptim.o
                0x08001c40                HAL_LPTIM_TriggerCallback
 .text.HAL_LPTIM_CompareWriteCallback
                0x08001c42        0x2 Drivers\STM32L0xx_HAL_Driver\Src\stm32l0xx_hal_lptim.o
                0x08001c42                HAL_LPTIM_CompareWriteCallback
 .text.HAL_LPTIM_AutoReloadWriteCallback
                0x08001c44        0x2 Drivers\STM32L0xx_HAL_Driver\Src\stm32l0xx_hal_lptim.o
                0x08001c44                HAL_LPTIM_AutoReloadWriteCallback
 .text.HAL_LPTIM_DirectionUpCallback
                0x08001c46        0x2 Drivers\STM32L0xx_HAL_Driver\Src\stm32l0xx_hal_lptim.o
                0x08001c46                HAL_LPTIM_DirectionUpCallback
 .text.HAL_LPTIM_DirectionDownCallback
                0x08001c48        0x2 Drivers\STM32L0xx_HAL_Driver\Src\stm32l0xx_hal_lptim.o
                0x08001c48                HAL_LPTIM_DirectionDownCallback
 .text.HAL_LPTIM_IRQHandler
                0x08001c4a       0xba Drivers\STM32L0xx_HAL_Driver\Src\stm32l0xx_hal_lptim.o
                0x08001c4a                HAL_LPTIM_IRQHandler
 .text.HAL_RCC_GetSysClockFreq
                0x08001d04       0x94 Drivers\STM32L0xx_HAL_Driver\Src\stm32l0xx_hal_rcc.o
                0x08001d04                HAL_RCC_GetSysClockFreq
 .text.HAL_RCC_OscConfig
                0x08001d98      0x510 Drivers\STM32L0xx_HAL_Driver\Src\stm32l0xx_hal_rcc.o
                0x08001d98                HAL_RCC_OscConfig
 .text.HAL_RCC_ClockConfig
                0x080022a8      0x1a8 Drivers\STM32L0xx_HAL_Driver\Src\stm32l0xx_hal_rcc.o
                0x080022a8                HAL_RCC_ClockConfig
 .text.HAL_RCCEx_PeriphCLKConfig
                0x08002450      0x1a0 Drivers\STM32L0xx_HAL_Driver\Src\stm32l0xx_hal_rcc_ex.o
                0x08002450                HAL_RCCEx_PeriphCLKConfig
 .text.TIM_Base_SetConfig
                0x080025f0       0x54 Drivers\STM32L0xx_HAL_Driver\Src\stm32l0xx_hal_tim.o
 .text.TIM_OC1_SetConfig
                0x08002644       0x2c Drivers\STM32L0xx_HAL_Driver\Src\stm32l0xx_hal_tim.o
 .text.TIM_OC2_SetConfig
                0x08002670       0x34 Drivers\STM32L0xx_HAL_Driver\Src\stm32l0xx_hal_tim.o
 .text.TIM_OC3_SetConfig
                0x080026a4       0x38 Drivers\STM32L0xx_HAL_Driver\Src\stm32l0xx_hal_tim.o
 .text.TIM_OC4_SetConfig
                0x080026dc       0x3c Drivers\STM32L0xx_HAL_Driver\Src\stm32l0xx_hal_tim.o
 .text.TIM_TI1_ConfigInputStage
                0x08002718       0x22 Drivers\STM32L0xx_HAL_Driver\Src\stm32l0xx_hal_tim.o
 *fill*         0x0800273a        0x2 
 .text.TIM_TI2_ConfigInputStage
                0x0800273c       0x28 Drivers\STM32L0xx_HAL_Driver\Src\stm32l0xx_hal_tim.o
 .text.TIM_ITRx_SetConfig
                0x08002764       0x12 Drivers\STM32L0xx_HAL_Driver\Src\stm32l0xx_hal_tim.o
 *fill*         0x08002776        0x2 
 .text.TIM_ETR_SetConfig
                0x08002778       0x18 Drivers\STM32L0xx_HAL_Driver\Src\stm32l0xx_hal_tim.o
 .text.TIM_CCxChannelCmd
                0x08002790       0x1a Drivers\STM32L0xx_HAL_Driver\Src\stm32l0xx_hal_tim.o
 .text.HAL_TIM_Base_Init
                0x080027aa       0x34 Drivers\STM32L0xx_HAL_Driver\Src\stm32l0xx_hal_tim.o
                0x080027aa                HAL_TIM_Base_Init
 .text.HAL_TIM_Base_Start_IT
                0x080027de       0x22 Drivers\STM32L0xx_HAL_Driver\Src\stm32l0xx_hal_tim.o
                0x080027de                HAL_TIM_Base_Start_IT
 .text.HAL_TIM_PWM_MspInit
                0x08002800        0x2 Drivers\STM32L0xx_HAL_Driver\Src\stm32l0xx_hal_tim.o
                0x08002800                HAL_TIM_PWM_MspInit
 .text.HAL_TIM_PWM_Init
                0x08002802       0x34 Drivers\STM32L0xx_HAL_Driver\Src\stm32l0xx_hal_tim.o
                0x08002802                HAL_TIM_PWM_Init
 .text.HAL_TIM_PWM_Start_IT
                0x08002836       0x64 Drivers\STM32L0xx_HAL_Driver\Src\stm32l0xx_hal_tim.o
                0x08002836                HAL_TIM_PWM_Start_IT
 *fill*         0x0800289a        0x2 
 .text.HAL_TIM_PWM_ConfigChannel
                0x0800289c       0xec Drivers\STM32L0xx_HAL_Driver\Src\stm32l0xx_hal_tim.o
                0x0800289c                HAL_TIM_PWM_ConfigChannel
 .text.HAL_TIM_ConfigClockSource
                0x08002988       0xe4 Drivers\STM32L0xx_HAL_Driver\Src\stm32l0xx_hal_tim.o
                0x08002988                HAL_TIM_ConfigClockSource
 .text.HAL_TIM_PeriodElapsedCallback
                0x08002a6c        0x2 Drivers\STM32L0xx_HAL_Driver\Src\stm32l0xx_hal_tim.o
                0x08002a6c                HAL_TIM_PeriodElapsedCallback
 .text.HAL_TIM_OC_DelayElapsedCallback
                0x08002a6e        0x2 Drivers\STM32L0xx_HAL_Driver\Src\stm32l0xx_hal_tim.o
                0x08002a6e                HAL_TIM_OC_DelayElapsedCallback
 .text.HAL_TIM_IC_CaptureCallback
                0x08002a70        0x2 Drivers\STM32L0xx_HAL_Driver\Src\stm32l0xx_hal_tim.o
                0x08002a70                HAL_TIM_IC_CaptureCallback
 .text.HAL_TIM_PWM_PulseFinishedCallback
                0x08002a72        0x2 Drivers\STM32L0xx_HAL_Driver\Src\stm32l0xx_hal_tim.o
                0x08002a72                HAL_TIM_PWM_PulseFinishedCallback
 .text.HAL_TIM_TriggerCallback
                0x08002a74        0x2 Drivers\STM32L0xx_HAL_Driver\Src\stm32l0xx_hal_tim.o
                0x08002a74                HAL_TIM_TriggerCallback
 .text.HAL_TIM_IRQHandler
                0x08002a76      0x122 Drivers\STM32L0xx_HAL_Driver\Src\stm32l0xx_hal_tim.o
                0x08002a76                HAL_TIM_IRQHandler
 .text.HAL_TIMEx_MasterConfigSynchronization
                0x08002b98       0x56 Drivers\STM32L0xx_HAL_Driver\Src\stm32l0xx_hal_tim_ex.o
                0x08002b98                HAL_TIMEx_MasterConfigSynchronization
 *fill*         0x08002bee        0x2 
 .text.MX_ADC_Init
                0x08002bf0       0xa8 Src\adc.o
                0x08002bf0                MX_ADC_Init
 .text.HAL_ADC_MspInit
                0x08002c98       0x90 Src\adc.o
                0x08002c98                HAL_ADC_MspInit
 .text.MX_DMA_Init
                0x08002d28       0x30 Src\dma.o
                0x08002d28                MX_DMA_Init
 .text.MX_GPIO_Init
                0x08002d58       0x88 Src\gpio.o
                0x08002d58                MX_GPIO_Init
 .text.MX_LPTIM1_Init
                0x08002de0       0x3c Src\lptim.o
                0x08002de0                MX_LPTIM1_Init
 .text.HAL_LPTIM_MspInit
                0x08002e1c       0x34 Src\lptim.o
                0x08002e1c                HAL_LPTIM_MspInit
 .text.SystemClock_Config
                0x08002e50       0x84 Src\main.o
                0x08002e50                SystemClock_Config
 .text.main     0x08002ed4       0x68 Src\main.o
                0x08002ed4                main
 .text.Error_Handler
                0x08002f3c        0x2 Src\main.o
                0x08002f3c                Error_Handler
 *fill*         0x08002f3e        0x2 
 .text.HAL_MspInit
                0x08002f40       0x1c Src\stm32l0xx_hal_msp.o
                0x08002f40                HAL_MspInit
 .text.NMI_Handler
                0x08002f5c        0x2 Src\stm32l0xx_it.o
                0x08002f5c                NMI_Handler
 .text.HardFault_Handler
                0x08002f5e        0x2 Src\stm32l0xx_it.o
                0x08002f5e                HardFault_Handler
 .text.SVC_Handler
                0x08002f60        0x2 Src\stm32l0xx_it.o
                0x08002f60                SVC_Handler
 .text.PendSV_Handler
                0x08002f62        0x2 Src\stm32l0xx_it.o
                0x08002f62                PendSV_Handler
 .text.SysTick_Handler
                0x08002f64        0x8 Src\stm32l0xx_it.o
                0x08002f64                SysTick_Handler
 .text.EXTI4_15_IRQHandler
                0x08002f6c       0x3c Src\stm32l0xx_it.o
                0x08002f6c                EXTI4_15_IRQHandler
 .text.DMA1_Channel1_IRQHandler
                0x08002fa8       0x10 Src\stm32l0xx_it.o
                0x08002fa8                DMA1_Channel1_IRQHandler
 .text.LPTIM1_IRQHandler
                0x08002fb8       0x80 Src\stm32l0xx_it.o
                0x08002fb8                LPTIM1_IRQHandler
 .text.TIM21_IRQHandler
                0x08003038       0x1c Src\stm32l0xx_it.o
                0x08003038                TIM21_IRQHandler
 .text.SystemInit
                0x08003054       0x5c Src\system_stm32l0xx.o
                0x08003054                SystemInit
 .text.MX_TIM21_Init
                0x080030b0       0x7c Src\tim.o
                0x080030b0                MX_TIM21_Init
 .text.HAL_TIM_Base_MspInit
                0x0800312c       0x44 Src\tim.o
                0x0800312c                HAL_TIM_Base_MspInit
 .text.HAL_TIM_MspPostInit
                0x08003170       0x48 Src\tim.o
                0x08003170                HAL_TIM_MspPostInit
 .text.MX_TIM2_Init
                0x080031b8       0xc8 Src\tim.o
                0x080031b8                MX_TIM2_Init
 .text.Reset_Handler
                0x08003280       0x70 startup\startup_stm32l011xx.o
                0x08003280                Reset_Handler
 .text.Default_Handler
                0x080032f0        0x2 startup\startup_stm32l011xx.o
                0x080032f0                ADC1_COMP_IRQHandler
                0x080032f0                PVD_IRQHandler
                0x080032f0                I2C1_IRQHandler
                0x080032f0                SPI1_IRQHandler
                0x080032f0                EXTI2_3_IRQHandler
                0x080032f0                RTC_IRQHandler
                0x080032f0                RCC_IRQHandler
                0x080032f0                Default_Handler
                0x080032f0                DMA1_Channel4_5_IRQHandler
                0x080032f0                EXTI0_1_IRQHandler
                0x080032f0                WWDG_IRQHandler
                0x080032f0                LPUART1_IRQHandler
                0x080032f0                TIM2_IRQHandler
                0x080032f0                DMA1_Channel2_3_IRQHandler
                0x080032f0                USART2_IRQHandler
                0x080032f0                FLASH_IRQHandler
 *fill*         0x080032f2        0x2 
 .text.__libc_init_array
                0x080032f4       0x48 h:/programs/truestudio for stm32 9.2.0/armtools/bin/../lib/gcc/arm-atollic-eabi/6.3.1/../../../../arm-atollic-eabi/lib/armv6-m\libc_nano.a(lib_a-init.o)
                0x080032f4                __libc_init_array
 .text.memset   0x0800333c       0x10 h:/programs/truestudio for stm32 9.2.0/armtools/bin/../lib/gcc/arm-atollic-eabi/6.3.1/../../../../arm-atollic-eabi/lib/armv6-m\libc_nano.a(lib_a-memset.o)
                0x0800333c                memset
 *(.glue_7)
 .glue_7        0x0800334c        0x0 linker stubs
 *(.glue_7t)
 .glue_7t       0x0800334c        0x0 linker stubs
 *(.eh_frame)
 .eh_frame      0x0800334c        0x0 h:/programs/truestudio for stm32 9.2.0/armtools/bin/../lib/gcc/arm-atollic-eabi/6.3.1/armv6-m/crtbegin.o
 *(.init)
 .init          0x0800334c        0x4 h:/programs/truestudio for stm32 9.2.0/armtools/bin/../lib/gcc/arm-atollic-eabi/6.3.1/armv6-m/crti.o
                0x0800334c                _init
 .init          0x08003350        0x8 h:/programs/truestudio for stm32 9.2.0/armtools/bin/../lib/gcc/arm-atollic-eabi/6.3.1/armv6-m/crtn.o
 *(.fini)
 .fini          0x08003358        0x4 h:/programs/truestudio for stm32 9.2.0/armtools/bin/../lib/gcc/arm-atollic-eabi/6.3.1/armv6-m/crti.o
                0x08003358                _fini
 .fini          0x0800335c        0x8 h:/programs/truestudio for stm32 9.2.0/armtools/bin/../lib/gcc/arm-atollic-eabi/6.3.1/armv6-m/crtn.o
                0x08003364                . = ALIGN (0x4)
                0x08003364                _etext = .

.vfp11_veneer   0x08003364        0x0
 .vfp11_veneer  0x08003364        0x0 linker stubs

.v4_bx          0x08003364        0x0
 .v4_bx         0x08003364        0x0 linker stubs

.iplt           0x08003364        0x0
 .iplt          0x08003364        0x0 h:/programs/truestudio for stm32 9.2.0/armtools/bin/../lib/gcc/arm-atollic-eabi/6.3.1/armv6-m/crtbegin.o

.rodata         0x08003364       0x5c
                0x08003364                . = ALIGN (0x4)
 *(.rodata)
 .rodata        0x08003364       0x40 h:/programs/truestudio for stm32 9.2.0/armtools/bin/../lib/gcc/arm-atollic-eabi/6.3.1/armv6-m\libgcc.a(muldf3.o)
 *(.rodata*)
 .rodata.AHBPrescTable
                0x080033a4       0x10 Src\system_stm32l0xx.o
                0x080033a4                AHBPrescTable
 .rodata.PLLMulTable
                0x080033b4        0x9 Src\system_stm32l0xx.o
                0x080033b4                PLLMulTable
                0x080033c0                . = ALIGN (0x4)
 *fill*         0x080033bd        0x3 

.rel.dyn        0x080033c0        0x0
 .rel.iplt      0x080033c0        0x0 h:/programs/truestudio for stm32 9.2.0/armtools/bin/../lib/gcc/arm-atollic-eabi/6.3.1/armv6-m/crtbegin.o

.ARM.extab
 *(.ARM.extab* .gnu.linkonce.armextab.*)

.ARM            0x080033c0        0x0
                0x080033c0                __exidx_start = .
 *(.ARM.exidx*)
                0x080033c0                __exidx_end = .

.preinit_array  0x080033c0        0x0
                0x080033c0                PROVIDE (__preinit_array_start, .)
 *(.preinit_array*)
                0x080033c0                PROVIDE (__preinit_array_end, .)

.init_array     0x080033c0        0x4
                0x080033c0                PROVIDE (__init_array_start, .)
 *(SORT(.init_array.*))
 *(.init_array*)
 .init_array    0x080033c0        0x4 h:/programs/truestudio for stm32 9.2.0/armtools/bin/../lib/gcc/arm-atollic-eabi/6.3.1/armv6-m/crtbegin.o
                0x080033c4                PROVIDE (__init_array_end, .)

.fini_array     0x080033c4        0x4
                [!provide]                PROVIDE (__fini_array_start, .)
 *(SORT(.fini_array.*))
 *(.fini_array*)
 .fini_array    0x080033c4        0x4 h:/programs/truestudio for stm32 9.2.0/armtools/bin/../lib/gcc/arm-atollic-eabi/6.3.1/armv6-m/crtbegin.o
                [!provide]                PROVIDE (__fini_array_end, .)
                0x080033c8                _sidata = LOADADDR (.data)

.data           0x20000000        0x4 load address 0x080033c8
                0x20000000                . = ALIGN (0x4)
                0x20000000                _sdata = .
 *(.data)
 *(.data*)
 .data.SystemCoreClock
                0x20000000        0x4 Src\system_stm32l0xx.o
                0x20000000                SystemCoreClock
                0x20000004                . = ALIGN (0x4)
                0x20000004                _edata = .

.igot.plt       0x20000004        0x0 load address 0x080033cc
 .igot.plt      0x20000004        0x0 h:/programs/truestudio for stm32 9.2.0/armtools/bin/../lib/gcc/arm-atollic-eabi/6.3.1/armv6-m/crtbegin.o
                0x20000004                . = ALIGN (0x4)

.bss            0x20000004      0x190 load address 0x080033cc
                0x20000004                _sbss = .
                0x20000004                __bss_start__ = _sbss
 *(.bss)
 .bss           0x20000004       0x1c h:/programs/truestudio for stm32 9.2.0/armtools/bin/../lib/gcc/arm-atollic-eabi/6.3.1/armv6-m/crtbegin.o
 *(.bss*)
 .bss.input     0x20000020       0x20 Src\main.o
                0x20000020                input
 .bss.pwm_value
                0x20000040        0x2 Src\stm32l0xx_it.o
                0x20000040                pwm_value
 .bss.step      0x20000042        0x2 Src\stm32l0xx_it.o
                0x20000042                step
 *(COMMON)
 COMMON         0x20000044        0x4 Drivers\STM32L0xx_HAL_Driver\Src\stm32l0xx_hal.o
                0x20000044                uwTick
 COMMON         0x20000048       0xa4 Src\adc.o
                0x20000048                hdma_adc
                0x20000090                hadc
 COMMON         0x200000ec       0x30 Src\lptim.o
                0x200000ec                hlptim1
 COMMON         0x2000011c       0x78 Src\tim.o
                0x2000011c                htim2
                0x20000158                htim21
                0x20000194                . = ALIGN (0x4)
                0x20000194                _ebss = .
                0x20000194                __bss_end__ = _ebss

._user_heap_stack
                0x20000194      0x600 load address 0x080033cc
                0x20000194                . = ALIGN (0x4)
                0x20000194                PROVIDE (end, .)
                [!provide]                PROVIDE (_end, .)
                0x20000394                . = (. + _Min_Heap_Size)
 *fill*         0x20000194      0x200 
                0x20000794                . = (. + _Min_Stack_Size)
 *fill*         0x20000394      0x400 
                0x20000794                . = ALIGN (0x4)

/DISCARD/
 libc.a(*)
 libm.a(*)
 libgcc.a(*)

.ARM.attributes
                0x00000000       0x28
 *(.ARM.attributes)
 .ARM.attributes
                0x00000000       0x1e h:/programs/truestudio for stm32 9.2.0/armtools/bin/../lib/gcc/arm-atollic-eabi/6.3.1/armv6-m/crti.o
 .ARM.attributes
                0x0000001e       0x2c h:/programs/truestudio for stm32 9.2.0/armtools/bin/../lib/gcc/arm-atollic-eabi/6.3.1/armv6-m/crtbegin.o
 .ARM.attributes
                0x0000004a       0x32 Drivers\STM32L0xx_HAL_Driver\Src\stm32l0xx_hal.o
 .ARM.attributes
                0x0000007c       0x32 Drivers\STM32L0xx_HAL_Driver\Src\stm32l0xx_hal_adc.o
 .ARM.attributes
                0x000000ae       0x32 Drivers\STM32L0xx_HAL_Driver\Src\stm32l0xx_hal_adc_ex.o
 .ARM.attributes
                0x000000e0       0x32 Drivers\STM32L0xx_HAL_Driver\Src\stm32l0xx_hal_cortex.o
 .ARM.attributes
                0x00000112       0x32 Drivers\STM32L0xx_HAL_Driver\Src\stm32l0xx_hal_dma.o
 .ARM.attributes
                0x00000144       0x32 Drivers\STM32L0xx_HAL_Driver\Src\stm32l0xx_hal_gpio.o
 .ARM.attributes
                0x00000176       0x32 Drivers\STM32L0xx_HAL_Driver\Src\stm32l0xx_hal_lptim.o
 .ARM.attributes
                0x000001a8       0x32 Drivers\STM32L0xx_HAL_Driver\Src\stm32l0xx_hal_rcc.o
 .ARM.attributes
                0x000001da       0x32 Drivers\STM32L0xx_HAL_Driver\Src\stm32l0xx_hal_rcc_ex.o
 .ARM.attributes
                0x0000020c       0x32 Drivers\STM32L0xx_HAL_Driver\Src\stm32l0xx_hal_tim.o
 .ARM.attributes
                0x0000023e       0x32 Drivers\STM32L0xx_HAL_Driver\Src\stm32l0xx_hal_tim_ex.o
 .ARM.attributes
                0x00000270       0x32 Src\adc.o
 .ARM.attributes
                0x000002a2       0x32 Src\dma.o
 .ARM.attributes
                0x000002d4       0x32 Src\gpio.o
 .ARM.attributes
                0x00000306       0x32 Src\lptim.o
 .ARM.attributes
                0x00000338       0x32 Src\main.o
 .ARM.attributes
                0x0000036a       0x32 Src\stm32l0xx_hal_msp.o
 .ARM.attributes
                0x0000039c       0x32 Src\stm32l0xx_it.o
 .ARM.attributes
                0x000003ce       0x32 Src\system_stm32l0xx.o
 .ARM.attributes
                0x00000400       0x32 Src\tim.o
 .ARM.attributes
                0x00000432       0x22 startup\startup_stm32l011xx.o
 .ARM.attributes
                0x00000454       0x2c h:/programs/truestudio for stm32 9.2.0/armtools/bin/../lib/gcc/arm-atollic-eabi/6.3.1/../../../../arm-atollic-eabi/lib/armv6-m\libc_nano.a(lib_a-init.o)
 .ARM.attributes
                0x00000480       0x2c h:/programs/truestudio for stm32 9.2.0/armtools/bin/../lib/gcc/arm-atollic-eabi/6.3.1/../../../../arm-atollic-eabi/lib/armv6-m\libc_nano.a(lib_a-memset.o)
 .ARM.attributes
                0x000004ac       0x1e h:/programs/truestudio for stm32 9.2.0/armtools/bin/../lib/gcc/arm-atollic-eabi/6.3.1/armv6-m\libgcc.a(_udivsi3.o)
 .ARM.attributes
                0x000004ca       0x1e h:/programs/truestudio for stm32 9.2.0/armtools/bin/../lib/gcc/arm-atollic-eabi/6.3.1/armv6-m\libgcc.a(_dvmd_tls.o)
 .ARM.attributes
                0x000004e8       0x2c h:/programs/truestudio for stm32 9.2.0/armtools/bin/../lib/gcc/arm-atollic-eabi/6.3.1/armv6-m\libgcc.a(_fixunsdfsi.o)
 .ARM.attributes
                0x00000514       0x2c h:/programs/truestudio for stm32 9.2.0/armtools/bin/../lib/gcc/arm-atollic-eabi/6.3.1/armv6-m\libgcc.a(muldf3.o)
 .ARM.attributes
                0x00000540       0x2c h:/programs/truestudio for stm32 9.2.0/armtools/bin/../lib/gcc/arm-atollic-eabi/6.3.1/armv6-m\libgcc.a(subdf3.o)
 .ARM.attributes
                0x0000056c       0x2c h:/programs/truestudio for stm32 9.2.0/armtools/bin/../lib/gcc/arm-atollic-eabi/6.3.1/armv6-m\libgcc.a(fixdfsi.o)
 .ARM.attributes
                0x00000598       0x2c h:/programs/truestudio for stm32 9.2.0/armtools/bin/../lib/gcc/arm-atollic-eabi/6.3.1/armv6-m\libgcc.a(floatunsidf.o)
 .ARM.attributes
                0x000005c4       0x1e h:/programs/truestudio for stm32 9.2.0/armtools/bin/../lib/gcc/arm-atollic-eabi/6.3.1/armv6-m\libgcc.a(_arm_cmpdf2.o)
 .ARM.attributes
                0x000005e2       0x1e h:/programs/truestudio for stm32 9.2.0/armtools/bin/../lib/gcc/arm-atollic-eabi/6.3.1/armv6-m\libgcc.a(_clzsi2.o)
 .ARM.attributes
                0x00000600       0x2c h:/programs/truestudio for stm32 9.2.0/armtools/bin/../lib/gcc/arm-atollic-eabi/6.3.1/armv6-m\libgcc.a(eqdf2.o)
 .ARM.attributes
                0x0000062c       0x2c h:/programs/truestudio for stm32 9.2.0/armtools/bin/../lib/gcc/arm-atollic-eabi/6.3.1/armv6-m\libgcc.a(gedf2.o)
 .ARM.attributes
                0x00000658       0x2c h:/programs/truestudio for stm32 9.2.0/armtools/bin/../lib/gcc/arm-atollic-eabi/6.3.1/armv6-m\libgcc.a(ledf2.o)
 .ARM.attributes
                0x00000684       0x1e h:/programs/truestudio for stm32 9.2.0/armtools/bin/../lib/gcc/arm-atollic-eabi/6.3.1/armv6-m/crtn.o
OUTPUT(PWMGEN.elf elf32-littlearm)

.debug_info     0x00000000     0xd2f1
 .debug_info    0x00000000      0x7ec Drivers\STM32L0xx_HAL_Driver\Src\stm32l0xx_hal.o
 .debug_info    0x000007ec      0xf27 Drivers\STM32L0xx_HAL_Driver\Src\stm32l0xx_hal_adc.o
 .debug_info    0x00001713      0x83d Drivers\STM32L0xx_HAL_Driver\Src\stm32l0xx_hal_adc_ex.o
 .debug_info    0x00001f50      0x7b5 Drivers\STM32L0xx_HAL_Driver\Src\stm32l0xx_hal_cortex.o
 .debug_info    0x00002705      0x815 Drivers\STM32L0xx_HAL_Driver\Src\stm32l0xx_hal_dma.o
 .debug_info    0x00002f1a      0x6cb Drivers\STM32L0xx_HAL_Driver\Src\stm32l0xx_hal_gpio.o
 .debug_info    0x000035e5      0xf64 Drivers\STM32L0xx_HAL_Driver\Src\stm32l0xx_hal_lptim.o
 .debug_info    0x00004549      0xae4 Drivers\STM32L0xx_HAL_Driver\Src\stm32l0xx_hal_rcc.o
 .debug_info    0x0000502d      0x56f Drivers\STM32L0xx_HAL_Driver\Src\stm32l0xx_hal_rcc_ex.o
 .debug_info    0x0000559c     0x2ff5 Drivers\STM32L0xx_HAL_Driver\Src\stm32l0xx_hal_tim.o
 .debug_info    0x00008591      0x68b Drivers\STM32L0xx_HAL_Driver\Src\stm32l0xx_hal_tim_ex.o
 .debug_info    0x00008c1c      0xa93 Src\adc.o
 .debug_info    0x000096af      0x379 Src\dma.o
 .debug_info    0x00009a28      0x564 Src\gpio.o
 .debug_info    0x00009f8c      0x664 Src\lptim.o
 .debug_info    0x0000a5f0      0xecc Src\main.o
 .debug_info    0x0000b4bc      0x279 Src\stm32l0xx_hal_msp.o
 .debug_info    0x0000b735      0xa4a Src\stm32l0xx_it.o
 .debug_info    0x0000c17f      0x398 Src\system_stm32l0xx.o
 .debug_info    0x0000c517      0xd5a Src\tim.o
 .debug_info    0x0000d271       0x80 startup\startup_stm32l011xx.o

.debug_abbrev   0x00000000     0x23ab
 .debug_abbrev  0x00000000      0x231 Drivers\STM32L0xx_HAL_Driver\Src\stm32l0xx_hal.o
 .debug_abbrev  0x00000231      0x21b Drivers\STM32L0xx_HAL_Driver\Src\stm32l0xx_hal_adc.o
 .debug_abbrev  0x0000044c      0x1d4 Drivers\STM32L0xx_HAL_Driver\Src\stm32l0xx_hal_adc_ex.o
 .debug_abbrev  0x00000620      0x222 Drivers\STM32L0xx_HAL_Driver\Src\stm32l0xx_hal_cortex.o
 .debug_abbrev  0x00000842      0x1f6 Drivers\STM32L0xx_HAL_Driver\Src\stm32l0xx_hal_dma.o
 .debug_abbrev  0x00000a38      0x1ca Drivers\STM32L0xx_HAL_Driver\Src\stm32l0xx_hal_gpio.o
 .debug_abbrev  0x00000c02      0x201 Drivers\STM32L0xx_HAL_Driver\Src\stm32l0xx_hal_lptim.o
 .debug_abbrev  0x00000e03      0x265 Drivers\STM32L0xx_HAL_Driver\Src\stm32l0xx_hal_rcc.o
 .debug_abbrev  0x00001068      0x1de Drivers\STM32L0xx_HAL_Driver\Src\stm32l0xx_hal_rcc_ex.o
 .debug_abbrev  0x00001246      0x21f Drivers\STM32L0xx_HAL_Driver\Src\stm32l0xx_hal_tim.o
 .debug_abbrev  0x00001465      0x197 Drivers\STM32L0xx_HAL_Driver\Src\stm32l0xx_hal_tim_ex.o
 .debug_abbrev  0x000015fc      0x1e6 Src\adc.o
 .debug_abbrev  0x000017e2      0x13b Src\dma.o
 .debug_abbrev  0x0000191d      0x184 Src\gpio.o
 .debug_abbrev  0x00001aa1      0x17e Src\lptim.o
 .debug_abbrev  0x00001c1f      0x1fa Src\main.o
 .debug_abbrev  0x00001e19       0xc9 Src\stm32l0xx_hal_msp.o
 .debug_abbrev  0x00001ee2      0x1cf Src\stm32l0xx_it.o
 .debug_abbrev  0x000020b1      0x10e Src\system_stm32l0xx.o
 .debug_abbrev  0x000021bf      0x1da Src\tim.o
 .debug_abbrev  0x00002399       0x12 startup\startup_stm32l011xx.o

.debug_loc      0x00000000     0x6ff1
 .debug_loc     0x00000000      0x12c Drivers\STM32L0xx_HAL_Driver\Src\stm32l0xx_hal.o
 .debug_loc     0x0000012c      0xbc9 Drivers\STM32L0xx_HAL_Driver\Src\stm32l0xx_hal_adc.o
 .debug_loc     0x00000cf5      0x25c Drivers\STM32L0xx_HAL_Driver\Src\stm32l0xx_hal_adc_ex.o
 .debug_loc     0x00000f51      0x393 Drivers\STM32L0xx_HAL_Driver\Src\stm32l0xx_hal_cortex.o
 .debug_loc     0x000012e4      0x7a6 Drivers\STM32L0xx_HAL_Driver\Src\stm32l0xx_hal_dma.o
 .debug_loc     0x00001a8a      0x2a5 Drivers\STM32L0xx_HAL_Driver\Src\stm32l0xx_hal_gpio.o
 .debug_loc     0x00001d2f      0x9b3 Drivers\STM32L0xx_HAL_Driver\Src\stm32l0xx_hal_lptim.o
 .debug_loc     0x000026e2      0x558 Drivers\STM32L0xx_HAL_Driver\Src\stm32l0xx_hal_rcc.o
 .debug_loc     0x00002c3a      0x614 Drivers\STM32L0xx_HAL_Driver\Src\stm32l0xx_hal_rcc_ex.o
 .debug_loc     0x0000324e     0x3940 Drivers\STM32L0xx_HAL_Driver\Src\stm32l0xx_hal_tim.o
 .debug_loc     0x00006b8e      0x111 Drivers\STM32L0xx_HAL_Driver\Src\stm32l0xx_hal_tim_ex.o
 .debug_loc     0x00006c9f       0x79 Src\adc.o
 .debug_loc     0x00006d18       0x74 Src\lptim.o
 .debug_loc     0x00006d8c       0x18 Src\stm32l0xx_it.o
 .debug_loc     0x00006da4      0x1a2 Src\system_stm32l0xx.o
 .debug_loc     0x00006f46       0xab Src\tim.o

.debug_aranges  0x00000000      0xb68
 .debug_aranges
                0x00000000       0xf8 Drivers\STM32L0xx_HAL_Driver\Src\stm32l0xx_hal.o
 .debug_aranges
                0x000000f8      0x100 Drivers\STM32L0xx_HAL_Driver\Src\stm32l0xx_hal_adc.o
 .debug_aranges
                0x000001f8       0x50 Drivers\STM32L0xx_HAL_Driver\Src\stm32l0xx_hal_adc_ex.o
 .debug_aranges
                0x00000248       0x78 Drivers\STM32L0xx_HAL_Driver\Src\stm32l0xx_hal_cortex.o
 .debug_aranges
                0x000002c0       0x80 Drivers\STM32L0xx_HAL_Driver\Src\stm32l0xx_hal_dma.o
 .debug_aranges
                0x00000340       0x58 Drivers\STM32L0xx_HAL_Driver\Src\stm32l0xx_hal_gpio.o
 .debug_aranges
                0x00000398      0x160 Drivers\STM32L0xx_HAL_Driver\Src\stm32l0xx_hal_lptim.o
 .debug_aranges
                0x000004f8       0x68 Drivers\STM32L0xx_HAL_Driver\Src\stm32l0xx_hal_rcc.o
 .debug_aranges
                0x00000560       0x58 Drivers\STM32L0xx_HAL_Driver\Src\stm32l0xx_hal_rcc_ex.o
 .debug_aranges
                0x000005b8      0x3a8 Drivers\STM32L0xx_HAL_Driver\Src\stm32l0xx_hal_tim.o
 .debug_aranges
                0x00000960       0x28 Drivers\STM32L0xx_HAL_Driver\Src\stm32l0xx_hal_tim_ex.o
 .debug_aranges
                0x00000988       0x30 Src\adc.o
 .debug_aranges
                0x000009b8       0x20 Src\dma.o
 .debug_aranges
                0x000009d8       0x20 Src\gpio.o
 .debug_aranges
                0x000009f8       0x30 Src\lptim.o
 .debug_aranges
                0x00000a28       0x30 Src\main.o
 .debug_aranges
                0x00000a58       0x20 Src\stm32l0xx_hal_msp.o
 .debug_aranges
                0x00000a78       0x60 Src\stm32l0xx_it.o
 .debug_aranges
                0x00000ad8       0x28 Src\system_stm32l0xx.o
 .debug_aranges
                0x00000b00       0x40 Src\tim.o
 .debug_aranges
                0x00000b40       0x28 startup\startup_stm32l011xx.o

.debug_ranges   0x00000000      0xab0
 .debug_ranges  0x00000000       0xe8 Drivers\STM32L0xx_HAL_Driver\Src\stm32l0xx_hal.o
 .debug_ranges  0x000000e8       0xf0 Drivers\STM32L0xx_HAL_Driver\Src\stm32l0xx_hal_adc.o
 .debug_ranges  0x000001d8       0x40 Drivers\STM32L0xx_HAL_Driver\Src\stm32l0xx_hal_adc_ex.o
 .debug_ranges  0x00000218       0xb0 Drivers\STM32L0xx_HAL_Driver\Src\stm32l0xx_hal_cortex.o
 .debug_ranges  0x000002c8       0x70 Drivers\STM32L0xx_HAL_Driver\Src\stm32l0xx_hal_dma.o
 .debug_ranges  0x00000338       0x48 Drivers\STM32L0xx_HAL_Driver\Src\stm32l0xx_hal_gpio.o
 .debug_ranges  0x00000380      0x150 Drivers\STM32L0xx_HAL_Driver\Src\stm32l0xx_hal_lptim.o
 .debug_ranges  0x000004d0       0x88 Drivers\STM32L0xx_HAL_Driver\Src\stm32l0xx_hal_rcc.o
 .debug_ranges  0x00000558       0x60 Drivers\STM32L0xx_HAL_Driver\Src\stm32l0xx_hal_rcc_ex.o
 .debug_ranges  0x000005b8      0x398 Drivers\STM32L0xx_HAL_Driver\Src\stm32l0xx_hal_tim.o
 .debug_ranges  0x00000950       0x18 Drivers\STM32L0xx_HAL_Driver\Src\stm32l0xx_hal_tim_ex.o
 .debug_ranges  0x00000968       0x20 Src\adc.o
 .debug_ranges  0x00000988       0x10 Src\dma.o
 .debug_ranges  0x00000998       0x10 Src\gpio.o
 .debug_ranges  0x000009a8       0x20 Src\lptim.o
 .debug_ranges  0x000009c8       0x20 Src\main.o
 .debug_ranges  0x000009e8       0x10 Src\stm32l0xx_hal_msp.o
 .debug_ranges  0x000009f8       0x50 Src\stm32l0xx_it.o
 .debug_ranges  0x00000a48       0x18 Src\system_stm32l0xx.o
 .debug_ranges  0x00000a60       0x30 Src\tim.o
 .debug_ranges  0x00000a90       0x20 startup\startup_stm32l011xx.o

.debug_line     0x00000000     0x502e
 .debug_line    0x00000000      0x40d Drivers\STM32L0xx_HAL_Driver\Src\stm32l0xx_hal.o
 .debug_line    0x0000040d      0x6ff Drivers\STM32L0xx_HAL_Driver\Src\stm32l0xx_hal_adc.o
 .debug_line    0x00000b0c      0x2f1 Drivers\STM32L0xx_HAL_Driver\Src\stm32l0xx_hal_adc_ex.o
 .debug_line    0x00000dfd      0x347 Drivers\STM32L0xx_HAL_Driver\Src\stm32l0xx_hal_cortex.o
 .debug_line    0x00001144      0x411 Drivers\STM32L0xx_HAL_Driver\Src\stm32l0xx_hal_dma.o
 .debug_line    0x00001555      0x328 Drivers\STM32L0xx_HAL_Driver\Src\stm32l0xx_hal_gpio.o
 .debug_line    0x0000187d      0x67b Drivers\STM32L0xx_HAL_Driver\Src\stm32l0xx_hal_lptim.o
 .debug_line    0x00001ef8      0x4ab Drivers\STM32L0xx_HAL_Driver\Src\stm32l0xx_hal_rcc.o
 .debug_line    0x000023a3      0x399 Drivers\STM32L0xx_HAL_Driver\Src\stm32l0xx_hal_rcc_ex.o
 .debug_line    0x0000273c     0x11ac Drivers\STM32L0xx_HAL_Driver\Src\stm32l0xx_hal_tim.o
 .debug_line    0x000038e8      0x268 Drivers\STM32L0xx_HAL_Driver\Src\stm32l0xx_hal_tim_ex.o
 .debug_line    0x00003b50      0x273 Src\adc.o
 .debug_line    0x00003dc3      0x1b5 Src\dma.o
 .debug_line    0x00003f78      0x1da Src\gpio.o
 .debug_line    0x00004152      0x22b Src\lptim.o
 .debug_line    0x0000437d      0x2dd Src\main.o
 .debug_line    0x0000465a      0x1a9 Src\stm32l0xx_hal_msp.o
 .debug_line    0x00004803      0x2ce Src\stm32l0xx_it.o
 .debug_line    0x00004ad1      0x1f8 Src\system_stm32l0xx.o
 .debug_line    0x00004cc9      0x2d0 Src\tim.o
 .debug_line    0x00004f99       0x95 startup\startup_stm32l011xx.o

.debug_str      0x00000000     0x3295
 .debug_str     0x00000000      0x727 Drivers\STM32L0xx_HAL_Driver\Src\stm32l0xx_hal.o
                                0x77e (size before relaxing)
 .debug_str     0x00000727      0x71e Drivers\STM32L0xx_HAL_Driver\Src\stm32l0xx_hal_adc.o
                                0x9bb (size before relaxing)
 .debug_str     0x00000e45      0x148 Drivers\STM32L0xx_HAL_Driver\Src\stm32l0xx_hal_adc_ex.o
                                0x79d (size before relaxing)
 .debug_str     0x00000f8d      0x1d5 Drivers\STM32L0xx_HAL_Driver\Src\stm32l0xx_hal_cortex.o
                                0x5fe (size before relaxing)
 .debug_str     0x00001162      0x24d Drivers\STM32L0xx_HAL_Driver\Src\stm32l0xx_hal_dma.o
                                0x698 (size before relaxing)
 .debug_str     0x000013af      0x1a4 Drivers\STM32L0xx_HAL_Driver\Src\stm32l0xx_hal_gpio.o
                                0x4b2 (size before relaxing)
 .debug_str     0x00001553      0x5f3 Drivers\STM32L0xx_HAL_Driver\Src\stm32l0xx_hal_lptim.o
                                0x951 (size before relaxing)
 .debug_str     0x00001b46      0x2ed Drivers\STM32L0xx_HAL_Driver\Src\stm32l0xx_hal_rcc.o
                                0x691 (size before relaxing)
 .debug_str     0x00001e33      0x1da Drivers\STM32L0xx_HAL_Driver\Src\stm32l0xx_hal_rcc_ex.o
                                0x516 (size before relaxing)
 .debug_str     0x0000200d      0xf40 Drivers\STM32L0xx_HAL_Driver\Src\stm32l0xx_hal_tim.o
                               0x1444 (size before relaxing)
 .debug_str     0x00002f4d       0xc7 Drivers\STM32L0xx_HAL_Driver\Src\stm32l0xx_hal_tim_ex.o
                                0x6ad (size before relaxing)
 .debug_str     0x00003014       0x50 Src\adc.o
                                0x800 (size before relaxing)
 .debug_str     0x00003064       0x19 Src\dma.o
                                0x3fe (size before relaxing)
 .debug_str     0x0000307d       0x1b Src\gpio.o
                                0x4c4 (size before relaxing)
 .debug_str     0x00003098       0x32 Src\lptim.o
                                0x66a (size before relaxing)
 .debug_str     0x000030ca       0x4e Src\main.o
                                0xca5 (size before relaxing)
 .debug_str     0x00003118       0x1b Src\stm32l0xx_hal_msp.o
                                0x2a6 (size before relaxing)
 .debug_str     0x00003133       0xcc Src\stm32l0xx_it.o
                                0x907 (size before relaxing)
 .debug_str     0x000031ff       0x5c Src\system_stm32l0xx.o
                                0x304 (size before relaxing)
 .debug_str     0x0000325b       0x3a Src\tim.o
                                0xa6b (size before relaxing)

.comment        0x00000000       0x7c
 .comment       0x00000000       0x7c Drivers\STM32L0xx_HAL_Driver\Src\stm32l0xx_hal.o
                                 0x7d (size before relaxing)
 .comment       0x0000007c       0x7d Drivers\STM32L0xx_HAL_Driver\Src\stm32l0xx_hal_adc.o
 .comment       0x0000007c       0x7d Drivers\STM32L0xx_HAL_Driver\Src\stm32l0xx_hal_adc_ex.o
 .comment       0x0000007c       0x7d Drivers\STM32L0xx_HAL_Driver\Src\stm32l0xx_hal_cortex.o
 .comment       0x0000007c       0x7d Drivers\STM32L0xx_HAL_Driver\Src\stm32l0xx_hal_dma.o
 .comment       0x0000007c       0x7d Drivers\STM32L0xx_HAL_Driver\Src\stm32l0xx_hal_gpio.o
 .comment       0x0000007c       0x7d Drivers\STM32L0xx_HAL_Driver\Src\stm32l0xx_hal_lptim.o
 .comment       0x0000007c       0x7d Drivers\STM32L0xx_HAL_Driver\Src\stm32l0xx_hal_rcc.o
 .comment       0x0000007c       0x7d Drivers\STM32L0xx_HAL_Driver\Src\stm32l0xx_hal_rcc_ex.o
 .comment       0x0000007c       0x7d Drivers\STM32L0xx_HAL_Driver\Src\stm32l0xx_hal_tim.o
 .comment       0x0000007c       0x7d Drivers\STM32L0xx_HAL_Driver\Src\stm32l0xx_hal_tim_ex.o
 .comment       0x0000007c       0x7d Src\adc.o
 .comment       0x0000007c       0x7d Src\dma.o
 .comment       0x0000007c       0x7d Src\gpio.o
 .comment       0x0000007c       0x7d Src\lptim.o
 .comment       0x0000007c       0x7d Src\main.o
 .comment       0x0000007c       0x7d Src\stm32l0xx_hal_msp.o
 .comment       0x0000007c       0x7d Src\stm32l0xx_it.o
 .comment       0x0000007c       0x7d Src\system_stm32l0xx.o
 .comment       0x0000007c       0x7d Src\tim.o

.debug_frame    0x00000000     0x1d88
 .debug_frame   0x00000000      0x1f4 Drivers\STM32L0xx_HAL_Driver\Src\stm32l0xx_hal.o
 .debug_frame   0x000001f4      0x2bc Drivers\STM32L0xx_HAL_Driver\Src\stm32l0xx_hal_adc.o
 .debug_frame   0x000004b0       0xa8 Drivers\STM32L0xx_HAL_Driver\Src\stm32l0xx_hal_adc_ex.o
 .debug_frame   0x00000558       0xe4 Drivers\STM32L0xx_HAL_Driver\Src\stm32l0xx_hal_cortex.o
 .debug_frame   0x0000063c      0x150 Drivers\STM32L0xx_HAL_Driver\Src\stm32l0xx_hal_dma.o
 .debug_frame   0x0000078c       0xc8 Drivers\STM32L0xx_HAL_Driver\Src\stm32l0xx_hal_gpio.o
 .debug_frame   0x00000854      0x3f8 Drivers\STM32L0xx_HAL_Driver\Src\stm32l0xx_hal_lptim.o
 .debug_frame   0x00000c4c      0x10c Drivers\STM32L0xx_HAL_Driver\Src\stm32l0xx_hal_rcc.o
 .debug_frame   0x00000d58       0xac Drivers\STM32L0xx_HAL_Driver\Src\stm32l0xx_hal_rcc_ex.o
 .debug_frame   0x00000e04      0xa28 Drivers\STM32L0xx_HAL_Driver\Src\stm32l0xx_hal_tim.o
 .debug_frame   0x0000182c       0x44 Drivers\STM32L0xx_HAL_Driver\Src\stm32l0xx_hal_tim_ex.o
 .debug_frame   0x00001870       0x5c Src\adc.o
 .debug_frame   0x000018cc       0x28 Src\dma.o
 .debug_frame   0x000018f4       0x30 Src\gpio.o
 .debug_frame   0x00001924       0x58 Src\lptim.o
 .debug_frame   0x0000197c       0x54 Src\main.o
 .debug_frame   0x000019d0       0x20 Src\stm32l0xx_hal_msp.o
 .debug_frame   0x000019f0       0xcc Src\stm32l0xx_it.o
 .debug_frame   0x00001abc       0x38 Src\system_stm32l0xx.o
 .debug_frame   0x00001af4       0x8c Src\tim.o
 .debug_frame   0x00001b80       0x2c h:/programs/truestudio for stm32 9.2.0/armtools/bin/../lib/gcc/arm-atollic-eabi/6.3.1/../../../../arm-atollic-eabi/lib/armv6-m\libc_nano.a(lib_a-init.o)
 .debug_frame   0x00001bac       0x20 h:/programs/truestudio for stm32 9.2.0/armtools/bin/../lib/gcc/arm-atollic-eabi/6.3.1/../../../../arm-atollic-eabi/lib/armv6-m\libc_nano.a(lib_a-memset.o)
 .debug_frame   0x00001bcc       0x20 h:/programs/truestudio for stm32 9.2.0/armtools/bin/../lib/gcc/arm-atollic-eabi/6.3.1/armv6-m\libgcc.a(_udivsi3.o)
 .debug_frame   0x00001bec       0x2c h:/programs/truestudio for stm32 9.2.0/armtools/bin/../lib/gcc/arm-atollic-eabi/6.3.1/armv6-m\libgcc.a(_fixunsdfsi.o)
 .debug_frame   0x00001c18       0x3c h:/programs/truestudio for stm32 9.2.0/armtools/bin/../lib/gcc/arm-atollic-eabi/6.3.1/armv6-m\libgcc.a(muldf3.o)
 .debug_frame   0x00001c54       0x38 h:/programs/truestudio for stm32 9.2.0/armtools/bin/../lib/gcc/arm-atollic-eabi/6.3.1/armv6-m\libgcc.a(subdf3.o)
 .debug_frame   0x00001c8c       0x2c h:/programs/truestudio for stm32 9.2.0/armtools/bin/../lib/gcc/arm-atollic-eabi/6.3.1/armv6-m\libgcc.a(fixdfsi.o)
 .debug_frame   0x00001cb8       0x28 h:/programs/truestudio for stm32 9.2.0/armtools/bin/../lib/gcc/arm-atollic-eabi/6.3.1/armv6-m\libgcc.a(floatunsidf.o)
 .debug_frame   0x00001ce0       0x38 h:/programs/truestudio for stm32 9.2.0/armtools/bin/../lib/gcc/arm-atollic-eabi/6.3.1/armv6-m\libgcc.a(eqdf2.o)
 .debug_frame   0x00001d18       0x38 h:/programs/truestudio for stm32 9.2.0/armtools/bin/../lib/gcc/arm-atollic-eabi/6.3.1/armv6-m\libgcc.a(gedf2.o)
 .debug_frame   0x00001d50       0x38 h:/programs/truestudio for stm32 9.2.0/armtools/bin/../lib/gcc/arm-atollic-eabi/6.3.1/armv6-m\libgcc.a(ledf2.o)
