Info: Nothing to build for PWMGEN_STM32F051
Info: Nothing to build for PWMGEN_STM32F051
Info: Nothing to build for PWMGEN_STM32F051
Info: Nothing to build for PWMGEN_STM32F051
Info: Nothing to build for PWMGEN_STM32F051
Info: Nothing to build for PWMGEN_STM32F051
01:17:14 **** Incremental Build of configuration Debug for project PWMGEN_STM32F051 ****
Info: Internal Builder is used for build
arm-atollic-eabi-gcc -c -mthumb -mcpu=cortex-m0 -std=gnu11 -D__weak=__attribute__((weak)) -D__packed=__attribute__((__packed__)) -DUSE_HAL_DRIVER -DSTM32F051x8 -I../Inc -I../Drivers/STM32F0xx_HAL_Driver/Inc -I../Drivers/STM32F0xx_HAL_Driver/Inc/Legacy -I../Drivers/CMSIS/Device/ST/STM32F0xx/Include -I../Drivers/CMSIS/Include -Og -ffunction-sections -fdata-sections -g -fstack-usage -Wall -specs=nano.specs -o Src\stm32f0xx_it.o ..\Src\stm32f0xx_it.c 
arm-atollic-eabi-gcc -o PWMGEN_STM32F051.elf Drivers\STM32F0xx_HAL_Driver\Src\stm32f0xx_hal.o Drivers\STM32F0xx_HAL_Driver\Src\stm32f0xx_hal_adc.o Drivers\STM32F0xx_HAL_Driver\Src\stm32f0xx_hal_adc_ex.o Drivers\STM32F0xx_HAL_Driver\Src\stm32f0xx_hal_cortex.o Drivers\STM32F0xx_HAL_Driver\Src\stm32f0xx_hal_dma.o Drivers\STM32F0xx_HAL_Driver\Src\stm32f0xx_hal_flash.o Drivers\STM32F0xx_HAL_Driver\Src\stm32f0xx_hal_flash_ex.o Drivers\STM32F0xx_HAL_Driver\Src\stm32f0xx_hal_gpio.o Drivers\STM32F0xx_HAL_Driver\Src\stm32f0xx_hal_i2c.o Drivers\STM32F0xx_HAL_Driver\Src\stm32f0xx_hal_i2c_ex.o Drivers\STM32F0xx_HAL_Driver\Src\stm32f0xx_hal_pwr.o Drivers\STM32F0xx_HAL_Driver\Src\stm32f0xx_hal_pwr_ex.o Drivers\STM32F0xx_HAL_Driver\Src\stm32f0xx_hal_rcc.o Drivers\STM32F0xx_HAL_Driver\Src\stm32f0xx_hal_rcc_ex.o Drivers\STM32F0xx_HAL_Driver\Src\stm32f0xx_hal_tim.o Drivers\STM32F0xx_HAL_Driver\Src\stm32f0xx_hal_tim_ex.o Src\adc.o Src\dma.o Src\gpio.o Src\main.o Src\stm32f0xx_hal_msp.o Src\stm32f0xx_it.o Src\syscalls.o Src\system_stm32f0xx.o Src\tim.o startup\startup_stm32f051x8.o -mthumb -mcpu=cortex-m0 -T../STM32F051K8_FLASH.ld -specs=nosys.specs -static -Wl,-Map=PWMGEN_STM32F051.map -Wl,--gc-sections -Wl,--defsym=malloc_getpagesize_P=0x80 -Wl,--start-group -lc -lm -Wl,--end-group -specs=nano.specs 
H:\Programs\TrueSTUDIO for STM32 9.2.0\ide\jre\bin\java -jar H:\Programs\TrueSTUDIO for STM32 9.2.0\Tools\arm-atollic-reports.jar sizeinfo list PWMGEN_STM32F051.elf 
Generate build reports...
Print size information
   text	   data	    bss	    dec	    hex	filename
  12572	     16	   1940	  14528	   38c0	PWMGEN_STM32F051.elf
Print size information done
Generate listing file
Output sent to: PWMGEN_STM32F051.list
Generate listing file done
Generate build reports done
arm-atollic-eabi-objcopy.exe -O ihex PWMGEN_STM32F051.elf PWMGEN_STM32F051.hex 
01:17:54 **** Incremental Build of configuration Debug for project PWMGEN_STM32F051_LL ****
Info: Internal Builder is used for build
arm-atollic-eabi-gcc -c -mthumb -mcpu=cortex-m0 -std=gnu11 -DUSE_FULL_LL_DRIVER -D__weak=__attribute__((weak)) -D__packed=__attribute__((__packed__)) -DSTM32F051x8 -DUSE_HAL_DRIVER -I../Inc -I../Drivers/STM32F0xx_HAL_Driver/Inc -I../Drivers/CMSIS/Device/ST/STM32F0xx/Include -I../Drivers/CMSIS/Include -I../Drivers/STM32F0xx_HAL_Driver/Inc/Legacy -Og -ffunction-sections -fdata-sections -g -fstack-usage -Wall -specs=nano.specs -o Src\stm32f0xx_it.o ..\Src\stm32f0xx_it.c 
arm-atollic-eabi-gcc -o PWMGEN_STM32F051_LL.elf Drivers\STM32F0xx_HAL_Driver\Src\stm32f0xx_hal.o Drivers\STM32F0xx_HAL_Driver\Src\stm32f0xx_hal_adc.o Drivers\STM32F0xx_HAL_Driver\Src\stm32f0xx_hal_adc_ex.o Drivers\STM32F0xx_HAL_Driver\Src\stm32f0xx_hal_cortex.o Drivers\STM32F0xx_HAL_Driver\Src\stm32f0xx_hal_dma.o Drivers\STM32F0xx_HAL_Driver\Src\stm32f0xx_hal_flash.o Drivers\STM32F0xx_HAL_Driver\Src\stm32f0xx_hal_flash_ex.o Drivers\STM32F0xx_HAL_Driver\Src\stm32f0xx_hal_gpio.o Drivers\STM32F0xx_HAL_Driver\Src\stm32f0xx_hal_i2c.o Drivers\STM32F0xx_HAL_Driver\Src\stm32f0xx_hal_i2c_ex.o Drivers\STM32F0xx_HAL_Driver\Src\stm32f0xx_hal_pwr.o Drivers\STM32F0xx_HAL_Driver\Src\stm32f0xx_hal_pwr_ex.o Drivers\STM32F0xx_HAL_Driver\Src\stm32f0xx_hal_rcc.o Drivers\STM32F0xx_HAL_Driver\Src\stm32f0xx_hal_rcc_ex.o Drivers\STM32F0xx_HAL_Driver\Src\stm32f0xx_hal_tim.o Drivers\STM32F0xx_HAL_Driver\Src\stm32f0xx_hal_tim_ex.o Drivers\STM32F0xx_HAL_Driver\Src\stm32f0xx_ll_dma.o Drivers\STM32F0xx_HAL_Driver\Src\stm32f0xx_ll_exti.o Drivers\STM32F0xx_HAL_Driver\Src\stm32f0xx_ll_gpio.o Drivers\STM32F0xx_HAL_Driver\Src\stm32f0xx_ll_rcc.o Drivers\STM32F0xx_HAL_Driver\Src\stm32f0xx_ll_tim.o Drivers\STM32F0xx_HAL_Driver\Src\stm32f0xx_ll_utils.o Src\adc.o Src\dma.o Src\gpio.o Src\main.o Src\stm32f0xx_hal_msp.o Src\stm32f0xx_it.o Src\syscalls.o Src\system_stm32f0xx.o Src\tim.o startup\startup_stm32f051x8.o -mthumb -mcpu=cortex-m0 -T../STM32F051K8_FLASH.ld -specs=nosys.specs -static -Wl,-Map=PWMGEN_STM32F051_LL.map -Wl,--gc-sections -Wl,--defsym=malloc_getpagesize_P=0x80 -Wl,--start-group -lc -lm -Wl,--end-group -specs=nano.specs 
H:\Programs\TrueSTUDIO for STM32 9.2.0\ide\jre\bin\java -jar H:\Programs\TrueSTUDIO for STM32 9.2.0\Tools\arm-atollic-reports.jar sizeinfo list PWMGEN_STM32F051_LL.elf 
Generate build reports...
Print size information
   text	   data	    bss	    dec	    hex	filename
  10332	     16	   1748	  12096	   2f40	PWMGEN_STM32F051_LL.elf
Print size information done
Generate listing file
Output sent to: PWMGEN_STM32F051_LL.list
Generate listing file done
Generate build reports done
arm-atollic-eabi-objcopy.exe -O ihex PWMGEN_STM32F051_LL.elf PWMGEN_STM32F051_LL.hex 
01:18:54 **** Incremental Build of configuration Debug for project PWMGEN_STM32F051_LL ****
Info: Internal Builder is used for build
arm-atollic-eabi-gcc -c -mthumb -mcpu=cortex-m0 -std=gnu11 -DUSE_FULL_LL_DRIVER -D__weak=__attribute__((weak)) -D__packed=__attribute__((__packed__)) -DSTM32F051x8 -DUSE_HAL_DRIVER -I../Inc -I../Drivers/STM32F0xx_HAL_Driver/Inc -I../Drivers/CMSIS/Device/ST/STM32F0xx/Include -I../Drivers/CMSIS/Include -I../Drivers/STM32F0xx_HAL_Driver/Inc/Legacy -Og -ffunction-sections -fdata-sections -g -fstack-usage -Wall -specs=nano.specs -o Src\stm32f0xx_it.o ..\Src\stm32f0xx_it.c 
arm-atollic-eabi-gcc -o PWMGEN_STM32F051_LL.elf Drivers\STM32F0xx_HAL_Driver\Src\stm32f0xx_hal.o Drivers\STM32F0xx_HAL_Driver\Src\stm32f0xx_hal_adc.o Drivers\STM32F0xx_HAL_Driver\Src\stm32f0xx_hal_adc_ex.o Drivers\STM32F0xx_HAL_Driver\Src\stm32f0xx_hal_cortex.o Drivers\STM32F0xx_HAL_Driver\Src\stm32f0xx_hal_dma.o Drivers\STM32F0xx_HAL_Driver\Src\stm32f0xx_hal_flash.o Drivers\STM32F0xx_HAL_Driver\Src\stm32f0xx_hal_flash_ex.o Drivers\STM32F0xx_HAL_Driver\Src\stm32f0xx_hal_gpio.o Drivers\STM32F0xx_HAL_Driver\Src\stm32f0xx_hal_i2c.o Drivers\STM32F0xx_HAL_Driver\Src\stm32f0xx_hal_i2c_ex.o Drivers\STM32F0xx_HAL_Driver\Src\stm32f0xx_hal_pwr.o Drivers\STM32F0xx_HAL_Driver\Src\stm32f0xx_hal_pwr_ex.o Drivers\STM32F0xx_HAL_Driver\Src\stm32f0xx_hal_rcc.o Drivers\STM32F0xx_HAL_Driver\Src\stm32f0xx_hal_rcc_ex.o Drivers\STM32F0xx_HAL_Driver\Src\stm32f0xx_hal_tim.o Drivers\STM32F0xx_HAL_Driver\Src\stm32f0xx_hal_tim_ex.o Drivers\STM32F0xx_HAL_Driver\Src\stm32f0xx_ll_dma.o Drivers\STM32F0xx_HAL_Driver\Src\stm32f0xx_ll_exti.o Drivers\STM32F0xx_HAL_Driver\Src\stm32f0xx_ll_gpio.o Drivers\STM32F0xx_HAL_Driver\Src\stm32f0xx_ll_rcc.o Drivers\STM32F0xx_HAL_Driver\Src\stm32f0xx_ll_tim.o Drivers\STM32F0xx_HAL_Driver\Src\stm32f0xx_ll_utils.o Src\adc.o Src\dma.o Src\gpio.o Src\main.o Src\stm32f0xx_hal_msp.o Src\stm32f0xx_it.o Src\syscalls.o Src\system_stm32f0xx.o Src\tim.o startup\startup_stm32f051x8.o -mthumb -mcpu=cortex-m0 -T../STM32F051K8_FLASH.ld -specs=nosys.specs -static -Wl,-Map=PWMGEN_STM32F051_LL.map -Wl,--gc-sections -Wl,--defsym=malloc_getpagesize_P=0x80 -Wl,--start-group -lc -lm -Wl,--end-group -specs=nano.specs 
H:\Programs\TrueSTUDIO for STM32 9.2.0\ide\jre\bin\java -jar H:\Programs\TrueSTUDIO for STM32 9.2.0\Tools\arm-atollic-reports.jar sizeinfo list PWMGEN_STM32F051_LL.elf 
Generate build reports...
Print size information
   text	   data	    bss	    dec	    hex	filename
  10312	     16	   1748	  12076	   2f2c	PWMGEN_STM32F051_LL.elf
Print size information done
Generate listing file
Output sent to: PWMGEN_STM32F051_LL.list
Generate listing file done
Generate build reports done
arm-atollic-eabi-objcopy.exe -O ihex PWMGEN_STM32F051_LL.elf PWMGEN_STM32F051_LL.hex 
01:22:23 **** Incremental Build of configuration Debug for project PWMGEN_STM32F051_LL ****
Info: Internal Builder is used for build
arm-atollic-eabi-gcc -c -mthumb -mcpu=cortex-m0 -std=gnu11 -DUSE_FULL_LL_DRIVER -D__weak=__attribute__((weak)) -D__packed=__attribute__((__packed__)) -DSTM32F051x8 -DUSE_HAL_DRIVER -I../Inc -I../Drivers/STM32F0xx_HAL_Driver/Inc -I../Drivers/CMSIS/Device/ST/STM32F0xx/Include -I../Drivers/CMSIS/Include -I../Drivers/STM32F0xx_HAL_Driver/Inc/Legacy -Og -ffunction-sections -fdata-sections -g -fstack-usage -Wall -specs=nano.specs -o Src\tim.o ..\Src\tim.c 
arm-atollic-eabi-gcc -o PWMGEN_STM32F051_LL.elf Drivers\STM32F0xx_HAL_Driver\Src\stm32f0xx_hal.o Drivers\STM32F0xx_HAL_Driver\Src\stm32f0xx_hal_adc.o Drivers\STM32F0xx_HAL_Driver\Src\stm32f0xx_hal_adc_ex.o Drivers\STM32F0xx_HAL_Driver\Src\stm32f0xx_hal_cortex.o Drivers\STM32F0xx_HAL_Driver\Src\stm32f0xx_hal_dma.o Drivers\STM32F0xx_HAL_Driver\Src\stm32f0xx_hal_flash.o Drivers\STM32F0xx_HAL_Driver\Src\stm32f0xx_hal_flash_ex.o Drivers\STM32F0xx_HAL_Driver\Src\stm32f0xx_hal_gpio.o Drivers\STM32F0xx_HAL_Driver\Src\stm32f0xx_hal_i2c.o Drivers\STM32F0xx_HAL_Driver\Src\stm32f0xx_hal_i2c_ex.o Drivers\STM32F0xx_HAL_Driver\Src\stm32f0xx_hal_pwr.o Drivers\STM32F0xx_HAL_Driver\Src\stm32f0xx_hal_pwr_ex.o Drivers\STM32F0xx_HAL_Driver\Src\stm32f0xx_hal_rcc.o Drivers\STM32F0xx_HAL_Driver\Src\stm32f0xx_hal_rcc_ex.o Drivers\STM32F0xx_HAL_Driver\Src\stm32f0xx_hal_tim.o Drivers\STM32F0xx_HAL_Driver\Src\stm32f0xx_hal_tim_ex.o Drivers\STM32F0xx_HAL_Driver\Src\stm32f0xx_ll_dma.o Drivers\STM32F0xx_HAL_Driver\Src\stm32f0xx_ll_exti.o Drivers\STM32F0xx_HAL_Driver\Src\stm32f0xx_ll_gpio.o Drivers\STM32F0xx_HAL_Driver\Src\stm32f0xx_ll_rcc.o Drivers\STM32F0xx_HAL_Driver\Src\stm32f0xx_ll_tim.o Drivers\STM32F0xx_HAL_Driver\Src\stm32f0xx_ll_utils.o Src\adc.o Src\dma.o Src\gpio.o Src\main.o Src\stm32f0xx_hal_msp.o Src\stm32f0xx_it.o Src\syscalls.o Src\system_stm32f0xx.o Src\tim.o startup\startup_stm32f051x8.o -mthumb -mcpu=cortex-m0 -T../STM32F051K8_FLASH.ld -specs=nosys.specs -static -Wl,-Map=PWMGEN_STM32F051_LL.map -Wl,--gc-sections -Wl,--defsym=malloc_getpagesize_P=0x80 -Wl,--start-group -lc -lm -Wl,--end-group -specs=nano.specs 
H:\Programs\TrueSTUDIO for STM32 9.2.0\ide\jre\bin\java -jar H:\Programs\TrueSTUDIO for STM32 9.2.0\Tools\arm-atollic-reports.jar sizeinfo list PWMGEN_STM32F051_LL.elf 
Generate build reports...
Print size information
   text	   data	    bss	    dec	    hex	filename
  10304	     16	   1748	  12068	   2f24	PWMGEN_STM32F051_LL.elf
Print size information done
Generate listing file
Output sent to: PWMGEN_STM32F051_LL.list
Generate listing file done
Generate build reports done
arm-atollic-eabi-objcopy.exe -O ihex PWMGEN_STM32F051_LL.elf PWMGEN_STM32F051_LL.hex 
01:22:51 **** Incremental Build of configuration Debug for project PWMGEN_STM32F051_LL ****
Info: Internal Builder is used for build
arm-atollic-eabi-gcc -c -mthumb -mcpu=cortex-m0 -std=gnu11 -DUSE_FULL_LL_DRIVER -D__weak=__attribute__((weak)) -D__packed=__attribute__((__packed__)) -DSTM32F051x8 -DUSE_HAL_DRIVER -I../Inc -I../Drivers/STM32F0xx_HAL_Driver/Inc -I../Drivers/CMSIS/Device/ST/STM32F0xx/Include -I../Drivers/CMSIS/Include -I../Drivers/STM32F0xx_HAL_Driver/Inc/Legacy -Og -ffunction-sections -fdata-sections -g -fstack-usage -Wall -specs=nano.specs -o Src\tim.o ..\Src\tim.c 
arm-atollic-eabi-gcc -o PWMGEN_STM32F051_LL.elf Drivers\STM32F0xx_HAL_Driver\Src\stm32f0xx_hal.o Drivers\STM32F0xx_HAL_Driver\Src\stm32f0xx_hal_adc.o Drivers\STM32F0xx_HAL_Driver\Src\stm32f0xx_hal_adc_ex.o Drivers\STM32F0xx_HAL_Driver\Src\stm32f0xx_hal_cortex.o Drivers\STM32F0xx_HAL_Driver\Src\stm32f0xx_hal_dma.o Drivers\STM32F0xx_HAL_Driver\Src\stm32f0xx_hal_flash.o Drivers\STM32F0xx_HAL_Driver\Src\stm32f0xx_hal_flash_ex.o Drivers\STM32F0xx_HAL_Driver\Src\stm32f0xx_hal_gpio.o Drivers\STM32F0xx_HAL_Driver\Src\stm32f0xx_hal_i2c.o Drivers\STM32F0xx_HAL_Driver\Src\stm32f0xx_hal_i2c_ex.o Drivers\STM32F0xx_HAL_Driver\Src\stm32f0xx_hal_pwr.o Drivers\STM32F0xx_HAL_Driver\Src\stm32f0xx_hal_pwr_ex.o Drivers\STM32F0xx_HAL_Driver\Src\stm32f0xx_hal_rcc.o Drivers\STM32F0xx_HAL_Driver\Src\stm32f0xx_hal_rcc_ex.o Drivers\STM32F0xx_HAL_Driver\Src\stm32f0xx_hal_tim.o Drivers\STM32F0xx_HAL_Driver\Src\stm32f0xx_hal_tim_ex.o Drivers\STM32F0xx_HAL_Driver\Src\stm32f0xx_ll_dma.o Drivers\STM32F0xx_HAL_Driver\Src\stm32f0xx_ll_exti.o Drivers\STM32F0xx_HAL_Driver\Src\stm32f0xx_ll_gpio.o Drivers\STM32F0xx_HAL_Driver\Src\stm32f0xx_ll_rcc.o Drivers\STM32F0xx_HAL_Driver\Src\stm32f0xx_ll_tim.o Drivers\STM32F0xx_HAL_Driver\Src\stm32f0xx_ll_utils.o Src\adc.o Src\dma.o Src\gpio.o Src\main.o Src\stm32f0xx_hal_msp.o Src\stm32f0xx_it.o Src\syscalls.o Src\system_stm32f0xx.o Src\tim.o startup\startup_stm32f051x8.o -mthumb -mcpu=cortex-m0 -T../STM32F051K8_FLASH.ld -specs=nosys.specs -static -Wl,-Map=PWMGEN_STM32F051_LL.map -Wl,--gc-sections -Wl,--defsym=malloc_getpagesize_P=0x80 -Wl,--start-group -lc -lm -Wl,--end-group -specs=nano.specs 
H:\Programs\TrueSTUDIO for STM32 9.2.0\ide\jre\bin\java -jar H:\Programs\TrueSTUDIO for STM32 9.2.0\Tools\arm-atollic-reports.jar sizeinfo list PWMGEN_STM32F051_LL.elf 
Generate build reports...
Print size information
   text	   data	    bss	    dec	    hex	filename
  10296	     16	   1748	  12060	   2f1c	PWMGEN_STM32F051_LL.elf
Print size information done
Generate listing file
Output sent to: PWMGEN_STM32F051_LL.list
Generate listing file done
Generate build reports done
arm-atollic-eabi-objcopy.exe -O ihex PWMGEN_STM32F051_LL.elf PWMGEN_STM32F051_LL.hex 
01:23:40 **** Incremental Build of configuration Debug for project PWMGEN_STM32F051_LL ****
Info: Internal Builder is used for build
arm-atollic-eabi-gcc -c -mthumb -mcpu=cortex-m0 -std=gnu11 -DUSE_FULL_LL_DRIVER -D__weak=__attribute__((weak)) -D__packed=__attribute__((__packed__)) -DSTM32F051x8 -DUSE_HAL_DRIVER -I../Inc -I../Drivers/STM32F0xx_HAL_Driver/Inc -I../Drivers/CMSIS/Device/ST/STM32F0xx/Include -I../Drivers/CMSIS/Include -I../Drivers/STM32F0xx_HAL_Driver/Inc/Legacy -Og -ffunction-sections -fdata-sections -g -fstack-usage -Wall -specs=nano.specs -o Src\stm32f0xx_it.o ..\Src\stm32f0xx_it.c 
arm-atollic-eabi-gcc -o PWMGEN_STM32F051_LL.elf Drivers\STM32F0xx_HAL_Driver\Src\stm32f0xx_hal.o Drivers\STM32F0xx_HAL_Driver\Src\stm32f0xx_hal_adc.o Drivers\STM32F0xx_HAL_Driver\Src\stm32f0xx_hal_adc_ex.o Drivers\STM32F0xx_HAL_Driver\Src\stm32f0xx_hal_cortex.o Drivers\STM32F0xx_HAL_Driver\Src\stm32f0xx_hal_dma.o Drivers\STM32F0xx_HAL_Driver\Src\stm32f0xx_hal_flash.o Drivers\STM32F0xx_HAL_Driver\Src\stm32f0xx_hal_flash_ex.o Drivers\STM32F0xx_HAL_Driver\Src\stm32f0xx_hal_gpio.o Drivers\STM32F0xx_HAL_Driver\Src\stm32f0xx_hal_i2c.o Drivers\STM32F0xx_HAL_Driver\Src\stm32f0xx_hal_i2c_ex.o Drivers\STM32F0xx_HAL_Driver\Src\stm32f0xx_hal_pwr.o Drivers\STM32F0xx_HAL_Driver\Src\stm32f0xx_hal_pwr_ex.o Drivers\STM32F0xx_HAL_Driver\Src\stm32f0xx_hal_rcc.o Drivers\STM32F0xx_HAL_Driver\Src\stm32f0xx_hal_rcc_ex.o Drivers\STM32F0xx_HAL_Driver\Src\stm32f0xx_hal_tim.o Drivers\STM32F0xx_HAL_Driver\Src\stm32f0xx_hal_tim_ex.o Drivers\STM32F0xx_HAL_Driver\Src\stm32f0xx_ll_dma.o Drivers\STM32F0xx_HAL_Driver\Src\stm32f0xx_ll_exti.o Drivers\STM32F0xx_HAL_Driver\Src\stm32f0xx_ll_gpio.o Drivers\STM32F0xx_HAL_Driver\Src\stm32f0xx_ll_rcc.o Drivers\STM32F0xx_HAL_Driver\Src\stm32f0xx_ll_tim.o Drivers\STM32F0xx_HAL_Driver\Src\stm32f0xx_ll_utils.o Src\adc.o Src\dma.o Src\gpio.o Src\main.o Src\stm32f0xx_hal_msp.o Src\stm32f0xx_it.o Src\syscalls.o Src\system_stm32f0xx.o Src\tim.o startup\startup_stm32f051x8.o -mthumb -mcpu=cortex-m0 -T../STM32F051K8_FLASH.ld -specs=nosys.specs -static -Wl,-Map=PWMGEN_STM32F051_LL.map -Wl,--gc-sections -Wl,--defsym=malloc_getpagesize_P=0x80 -Wl,--start-group -lc -lm -Wl,--end-group -specs=nano.specs 
H:\Programs\TrueSTUDIO for STM32 9.2.0\ide\jre\bin\java -jar H:\Programs\TrueSTUDIO for STM32 9.2.0\Tools\arm-atollic-reports.jar sizeinfo list PWMGEN_STM32F051_LL.elf 
Generate build reports...
Print size information
   text	   data	    bss	    dec	    hex	filename
  10316	     16	   1748	  12080	   2f30	PWMGEN_STM32F051_LL.elf
Print size information done
Generate listing file
Output sent to: PWMGEN_STM32F051_LL.list
Generate listing file done
Generate build reports done
arm-atollic-eabi-objcopy.exe -O ihex PWMGEN_STM32F051_LL.elf PWMGEN_STM32F051_LL.hex 
01:24:30 **** Incremental Build of configuration Debug for project PWMGEN_STM32F051_LL ****
Info: Internal Builder is used for build
arm-atollic-eabi-gcc -c -mthumb -mcpu=cortex-m0 -std=gnu11 -DUSE_FULL_LL_DRIVER -D__weak=__attribute__((weak)) -D__packed=__attribute__((__packed__)) -DSTM32F051x8 -DUSE_HAL_DRIVER -I../Inc -I../Drivers/STM32F0xx_HAL_Driver/Inc -I../Drivers/CMSIS/Device/ST/STM32F0xx/Include -I../Drivers/CMSIS/Include -I../Drivers/STM32F0xx_HAL_Driver/Inc/Legacy -Og -ffunction-sections -fdata-sections -g -fstack-usage -Wall -specs=nano.specs -o Src\tim.o ..\Src\tim.c 
arm-atollic-eabi-gcc -o PWMGEN_STM32F051_LL.elf Drivers\STM32F0xx_HAL_Driver\Src\stm32f0xx_hal.o Drivers\STM32F0xx_HAL_Driver\Src\stm32f0xx_hal_adc.o Drivers\STM32F0xx_HAL_Driver\Src\stm32f0xx_hal_adc_ex.o Drivers\STM32F0xx_HAL_Driver\Src\stm32f0xx_hal_cortex.o Drivers\STM32F0xx_HAL_Driver\Src\stm32f0xx_hal_dma.o Drivers\STM32F0xx_HAL_Driver\Src\stm32f0xx_hal_flash.o Drivers\STM32F0xx_HAL_Driver\Src\stm32f0xx_hal_flash_ex.o Drivers\STM32F0xx_HAL_Driver\Src\stm32f0xx_hal_gpio.o Drivers\STM32F0xx_HAL_Driver\Src\stm32f0xx_hal_i2c.o Drivers\STM32F0xx_HAL_Driver\Src\stm32f0xx_hal_i2c_ex.o Drivers\STM32F0xx_HAL_Driver\Src\stm32f0xx_hal_pwr.o Drivers\STM32F0xx_HAL_Driver\Src\stm32f0xx_hal_pwr_ex.o Drivers\STM32F0xx_HAL_Driver\Src\stm32f0xx_hal_rcc.o Drivers\STM32F0xx_HAL_Driver\Src\stm32f0xx_hal_rcc_ex.o Drivers\STM32F0xx_HAL_Driver\Src\stm32f0xx_hal_tim.o Drivers\STM32F0xx_HAL_Driver\Src\stm32f0xx_hal_tim_ex.o Drivers\STM32F0xx_HAL_Driver\Src\stm32f0xx_ll_dma.o Drivers\STM32F0xx_HAL_Driver\Src\stm32f0xx_ll_exti.o Drivers\STM32F0xx_HAL_Driver\Src\stm32f0xx_ll_gpio.o Drivers\STM32F0xx_HAL_Driver\Src\stm32f0xx_ll_rcc.o Drivers\STM32F0xx_HAL_Driver\Src\stm32f0xx_ll_tim.o Drivers\STM32F0xx_HAL_Driver\Src\stm32f0xx_ll_utils.o Src\adc.o Src\dma.o Src\gpio.o Src\main.o Src\stm32f0xx_hal_msp.o Src\stm32f0xx_it.o Src\syscalls.o Src\system_stm32f0xx.o Src\tim.o startup\startup_stm32f051x8.o -mthumb -mcpu=cortex-m0 -T../STM32F051K8_FLASH.ld -specs=nosys.specs -static -Wl,-Map=PWMGEN_STM32F051_LL.map -Wl,--gc-sections -Wl,--defsym=malloc_getpagesize_P=0x80 -Wl,--start-group -lc -lm -Wl,--end-group -specs=nano.specs 
H:\Programs\TrueSTUDIO for STM32 9.2.0\ide\jre\bin\java -jar H:\Programs\TrueSTUDIO for STM32 9.2.0\Tools\arm-atollic-reports.jar sizeinfo list PWMGEN_STM32F051_LL.elf 
Generate build reports...
Print size information
   text	   data	    bss	    dec	    hex	filename
  10312	     16	   1748	  12076	   2f2c	PWMGEN_STM32F051_LL.elf
Print size information done
Generate listing file
Output sent to: PWMGEN_STM32F051_LL.list
Generate listing file done
Generate build reports done
arm-atollic-eabi-objcopy.exe -O ihex PWMGEN_STM32F051_LL.elf PWMGEN_STM32F051_LL.hex 
01:24:54 **** Incremental Build of configuration Debug for project PWMGEN_STM32F051_LL ****
Info: Internal Builder is used for build
arm-atollic-eabi-gcc -c -mthumb -mcpu=cortex-m0 -std=gnu11 -DUSE_FULL_LL_DRIVER -D__weak=__attribute__((weak)) -D__packed=__attribute__((__packed__)) -DSTM32F051x8 -DUSE_HAL_DRIVER -I../Inc -I../Drivers/STM32F0xx_HAL_Driver/Inc -I../Drivers/CMSIS/Device/ST/STM32F0xx/Include -I../Drivers/CMSIS/Include -I../Drivers/STM32F0xx_HAL_Driver/Inc/Legacy -Og -ffunction-sections -fdata-sections -g -fstack-usage -Wall -specs=nano.specs -o Src\tim.o ..\Src\tim.c 
arm-atollic-eabi-gcc -o PWMGEN_STM32F051_LL.elf Drivers\STM32F0xx_HAL_Driver\Src\stm32f0xx_hal.o Drivers\STM32F0xx_HAL_Driver\Src\stm32f0xx_hal_adc.o Drivers\STM32F0xx_HAL_Driver\Src\stm32f0xx_hal_adc_ex.o Drivers\STM32F0xx_HAL_Driver\Src\stm32f0xx_hal_cortex.o Drivers\STM32F0xx_HAL_Driver\Src\stm32f0xx_hal_dma.o Drivers\STM32F0xx_HAL_Driver\Src\stm32f0xx_hal_flash.o Drivers\STM32F0xx_HAL_Driver\Src\stm32f0xx_hal_flash_ex.o Drivers\STM32F0xx_HAL_Driver\Src\stm32f0xx_hal_gpio.o Drivers\STM32F0xx_HAL_Driver\Src\stm32f0xx_hal_i2c.o Drivers\STM32F0xx_HAL_Driver\Src\stm32f0xx_hal_i2c_ex.o Drivers\STM32F0xx_HAL_Driver\Src\stm32f0xx_hal_pwr.o Drivers\STM32F0xx_HAL_Driver\Src\stm32f0xx_hal_pwr_ex.o Drivers\STM32F0xx_HAL_Driver\Src\stm32f0xx_hal_rcc.o Drivers\STM32F0xx_HAL_Driver\Src\stm32f0xx_hal_rcc_ex.o Drivers\STM32F0xx_HAL_Driver\Src\stm32f0xx_hal_tim.o Drivers\STM32F0xx_HAL_Driver\Src\stm32f0xx_hal_tim_ex.o Drivers\STM32F0xx_HAL_Driver\Src\stm32f0xx_ll_dma.o Drivers\STM32F0xx_HAL_Driver\Src\stm32f0xx_ll_exti.o Drivers\STM32F0xx_HAL_Driver\Src\stm32f0xx_ll_gpio.o Drivers\STM32F0xx_HAL_Driver\Src\stm32f0xx_ll_rcc.o Drivers\STM32F0xx_HAL_Driver\Src\stm32f0xx_ll_tim.o Drivers\STM32F0xx_HAL_Driver\Src\stm32f0xx_ll_utils.o Src\adc.o Src\dma.o Src\gpio.o Src\main.o Src\stm32f0xx_hal_msp.o Src\stm32f0xx_it.o Src\syscalls.o Src\system_stm32f0xx.o Src\tim.o startup\startup_stm32f051x8.o -mthumb -mcpu=cortex-m0 -T../STM32F051K8_FLASH.ld -specs=nosys.specs -static -Wl,-Map=PWMGEN_STM32F051_LL.map -Wl,--gc-sections -Wl,--defsym=malloc_getpagesize_P=0x80 -Wl,--start-group -lc -lm -Wl,--end-group -specs=nano.specs 
H:\Programs\TrueSTUDIO for STM32 9.2.0\ide\jre\bin\java -jar H:\Programs\TrueSTUDIO for STM32 9.2.0\Tools\arm-atollic-reports.jar sizeinfo list PWMGEN_STM32F051_LL.elf 
Generate build reports...
Print size information
   text	   data	    bss	    dec	    hex	filename
  10312	     16	   1748	  12076	   2f2c	PWMGEN_STM32F051_LL.elf
Print size information done
Generate listing file
Output sent to: PWMGEN_STM32F051_LL.list
Generate listing file done
Generate build reports done
arm-atollic-eabi-objcopy.exe -O ihex PWMGEN_STM32F051_LL.elf PWMGEN_STM32F051_LL.hex 
01:25:16 **** Incremental Build of configuration Debug for project PWMGEN_STM32F051_LL ****
Info: Internal Builder is used for build
arm-atollic-eabi-gcc -c -mthumb -mcpu=cortex-m0 -std=gnu11 -DUSE_FULL_LL_DRIVER -D__weak=__attribute__((weak)) -D__packed=__attribute__((__packed__)) -DSTM32F051x8 -DUSE_HAL_DRIVER -I../Inc -I../Drivers/STM32F0xx_HAL_Driver/Inc -I../Drivers/CMSIS/Device/ST/STM32F0xx/Include -I../Drivers/CMSIS/Include -I../Drivers/STM32F0xx_HAL_Driver/Inc/Legacy -Og -ffunction-sections -fdata-sections -g -fstack-usage -Wall -specs=nano.specs -o Src\tim.o ..\Src\tim.c 
arm-atollic-eabi-gcc -o PWMGEN_STM32F051_LL.elf Drivers\STM32F0xx_HAL_Driver\Src\stm32f0xx_hal.o Drivers\STM32F0xx_HAL_Driver\Src\stm32f0xx_hal_adc.o Drivers\STM32F0xx_HAL_Driver\Src\stm32f0xx_hal_adc_ex.o Drivers\STM32F0xx_HAL_Driver\Src\stm32f0xx_hal_cortex.o Drivers\STM32F0xx_HAL_Driver\Src\stm32f0xx_hal_dma.o Drivers\STM32F0xx_HAL_Driver\Src\stm32f0xx_hal_flash.o Drivers\STM32F0xx_HAL_Driver\Src\stm32f0xx_hal_flash_ex.o Drivers\STM32F0xx_HAL_Driver\Src\stm32f0xx_hal_gpio.o Drivers\STM32F0xx_HAL_Driver\Src\stm32f0xx_hal_i2c.o Drivers\STM32F0xx_HAL_Driver\Src\stm32f0xx_hal_i2c_ex.o Drivers\STM32F0xx_HAL_Driver\Src\stm32f0xx_hal_pwr.o Drivers\STM32F0xx_HAL_Driver\Src\stm32f0xx_hal_pwr_ex.o Drivers\STM32F0xx_HAL_Driver\Src\stm32f0xx_hal_rcc.o Drivers\STM32F0xx_HAL_Driver\Src\stm32f0xx_hal_rcc_ex.o Drivers\STM32F0xx_HAL_Driver\Src\stm32f0xx_hal_tim.o Drivers\STM32F0xx_HAL_Driver\Src\stm32f0xx_hal_tim_ex.o Drivers\STM32F0xx_HAL_Driver\Src\stm32f0xx_ll_dma.o Drivers\STM32F0xx_HAL_Driver\Src\stm32f0xx_ll_exti.o Drivers\STM32F0xx_HAL_Driver\Src\stm32f0xx_ll_gpio.o Drivers\STM32F0xx_HAL_Driver\Src\stm32f0xx_ll_rcc.o Drivers\STM32F0xx_HAL_Driver\Src\stm32f0xx_ll_tim.o Drivers\STM32F0xx_HAL_Driver\Src\stm32f0xx_ll_utils.o Src\adc.o Src\dma.o Src\gpio.o Src\main.o Src\stm32f0xx_hal_msp.o Src\stm32f0xx_it.o Src\syscalls.o Src\system_stm32f0xx.o Src\tim.o startup\startup_stm32f051x8.o -mthumb -mcpu=cortex-m0 -T../STM32F051K8_FLASH.ld -specs=nosys.specs -static -Wl,-Map=PWMGEN_STM32F051_LL.map -Wl,--gc-sections -Wl,--defsym=malloc_getpagesize_P=0x80 -Wl,--start-group -lc -lm -Wl,--end-group -specs=nano.specs 
H:\Programs\TrueSTUDIO for STM32 9.2.0\ide\jre\bin\java -jar H:\Programs\TrueSTUDIO for STM32 9.2.0\Tools\arm-atollic-reports.jar sizeinfo list PWMGEN_STM32F051_LL.elf 
Generate build reports...
Print size information
   text	   data	    bss	    dec	    hex	filename
  10312	     16	   1748	  12076	   2f2c	PWMGEN_STM32F051_LL.elf
Print size information done
Generate listing file
Output sent to: PWMGEN_STM32F051_LL.list
Generate listing file done
Generate build reports done
arm-atollic-eabi-objcopy.exe -O ihex PWMGEN_STM32F051_LL.elf PWMGEN_STM32F051_LL.hex 
01:26:50 **** Incremental Build of configuration Debug for project PWMGEN_STM32F051_LL ****
Info: Internal Builder is used for build
arm-atollic-eabi-gcc -c -mthumb -mcpu=cortex-m0 -std=gnu11 -DUSE_FULL_LL_DRIVER -D__weak=__attribute__((weak)) -D__packed=__attribute__((__packed__)) -DSTM32F051x8 -DUSE_HAL_DRIVER -I../Inc -I../Drivers/STM32F0xx_HAL_Driver/Inc -I../Drivers/CMSIS/Device/ST/STM32F0xx/Include -I../Drivers/CMSIS/Include -I../Drivers/STM32F0xx_HAL_Driver/Inc/Legacy -Og -ffunction-sections -fdata-sections -g -fstack-usage -Wall -specs=nano.specs -o Src\stm32f0xx_it.o ..\Src\stm32f0xx_it.c 
..\Src\stm32f0xx_it.c: In function 'TIM17_IRQHandler':
..\Src\stm32f0xx_it.c:239:15: error: 'newPulseWidth' undeclared (first use in this function)
  TIM1->CCR1 = newPulseWidth = (TIM1->ARR / 4096.0) * input[1];
               ^~~~~~~~~~~~~
..\Src\stm32f0xx_it.c:239:15: note: each undeclared identifier is reported only once for each function it appears in
01:26:58 **** Incremental Build of configuration Debug for project PWMGEN_STM32F051_LL ****
Info: Internal Builder is used for build
arm-atollic-eabi-gcc -c -mthumb -mcpu=cortex-m0 -std=gnu11 -DUSE_FULL_LL_DRIVER -D__weak=__attribute__((weak)) -D__packed=__attribute__((__packed__)) -DSTM32F051x8 -DUSE_HAL_DRIVER -I../Inc -I../Drivers/STM32F0xx_HAL_Driver/Inc -I../Drivers/CMSIS/Device/ST/STM32F0xx/Include -I../Drivers/CMSIS/Include -I../Drivers/STM32F0xx_HAL_Driver/Inc/Legacy -Og -ffunction-sections -fdata-sections -g -fstack-usage -Wall -specs=nano.specs -o Src\stm32f0xx_it.o ..\Src\stm32f0xx_it.c 
arm-atollic-eabi-gcc -o PWMGEN_STM32F051_LL.elf Drivers\STM32F0xx_HAL_Driver\Src\stm32f0xx_hal.o Drivers\STM32F0xx_HAL_Driver\Src\stm32f0xx_hal_adc.o Drivers\STM32F0xx_HAL_Driver\Src\stm32f0xx_hal_adc_ex.o Drivers\STM32F0xx_HAL_Driver\Src\stm32f0xx_hal_cortex.o Drivers\STM32F0xx_HAL_Driver\Src\stm32f0xx_hal_dma.o Drivers\STM32F0xx_HAL_Driver\Src\stm32f0xx_hal_flash.o Drivers\STM32F0xx_HAL_Driver\Src\stm32f0xx_hal_flash_ex.o Drivers\STM32F0xx_HAL_Driver\Src\stm32f0xx_hal_gpio.o Drivers\STM32F0xx_HAL_Driver\Src\stm32f0xx_hal_i2c.o Drivers\STM32F0xx_HAL_Driver\Src\stm32f0xx_hal_i2c_ex.o Drivers\STM32F0xx_HAL_Driver\Src\stm32f0xx_hal_pwr.o Drivers\STM32F0xx_HAL_Driver\Src\stm32f0xx_hal_pwr_ex.o Drivers\STM32F0xx_HAL_Driver\Src\stm32f0xx_hal_rcc.o Drivers\STM32F0xx_HAL_Driver\Src\stm32f0xx_hal_rcc_ex.o Drivers\STM32F0xx_HAL_Driver\Src\stm32f0xx_hal_tim.o Drivers\STM32F0xx_HAL_Driver\Src\stm32f0xx_hal_tim_ex.o Drivers\STM32F0xx_HAL_Driver\Src\stm32f0xx_ll_dma.o Drivers\STM32F0xx_HAL_Driver\Src\stm32f0xx_ll_exti.o Drivers\STM32F0xx_HAL_Driver\Src\stm32f0xx_ll_gpio.o Drivers\STM32F0xx_HAL_Driver\Src\stm32f0xx_ll_rcc.o Drivers\STM32F0xx_HAL_Driver\Src\stm32f0xx_ll_tim.o Drivers\STM32F0xx_HAL_Driver\Src\stm32f0xx_ll_utils.o Src\adc.o Src\dma.o Src\gpio.o Src\main.o Src\stm32f0xx_hal_msp.o Src\stm32f0xx_it.o Src\syscalls.o Src\system_stm32f0xx.o Src\tim.o startup\startup_stm32f051x8.o -mthumb -mcpu=cortex-m0 -T../STM32F051K8_FLASH.ld -specs=nosys.specs -static -Wl,-Map=PWMGEN_STM32F051_LL.map -Wl,--gc-sections -Wl,--defsym=malloc_getpagesize_P=0x80 -Wl,--start-group -lc -lm -Wl,--end-group -specs=nano.specs 
H:\Programs\TrueSTUDIO for STM32 9.2.0\ide\jre\bin\java -jar H:\Programs\TrueSTUDIO for STM32 9.2.0\Tools\arm-atollic-reports.jar sizeinfo list PWMGEN_STM32F051_LL.elf 
Generate build reports...
Print size information
   text	   data	    bss	    dec	    hex	filename
  10284	     16	   1748	  12048	   2f10	PWMGEN_STM32F051_LL.elf
Print size information done
Generate listing file
Output sent to: PWMGEN_STM32F051_LL.list
Generate listing file done
Generate build reports done
arm-atollic-eabi-objcopy.exe -O ihex PWMGEN_STM32F051_LL.elf PWMGEN_STM32F051_LL.hex 
Info: Nothing to build for PWMGEN_STM32F051_LL
Info: Nothing to build for PWMGEN_STM32F051_LL
01:30:18 **** Incremental Build of configuration Debug for project PWMGEN_STM32F051_LL ****
Info: Internal Builder is used for build
arm-atollic-eabi-gcc -c -mthumb -mcpu=cortex-m0 -std=gnu11 -DUSE_FULL_LL_DRIVER -D__weak=__attribute__((weak)) -D__packed=__attribute__((__packed__)) -DSTM32F051x8 -DUSE_HAL_DRIVER -I../Inc -I../Drivers/STM32F0xx_HAL_Driver/Inc -I../Drivers/CMSIS/Device/ST/STM32F0xx/Include -I../Drivers/CMSIS/Include -I../Drivers/STM32F0xx_HAL_Driver/Inc/Legacy -Og -ffunction-sections -fdata-sections -g -fstack-usage -Wall -specs=nano.specs -o Src\tim.o ..\Src\tim.c 
arm-atollic-eabi-gcc -o PWMGEN_STM32F051_LL.elf Drivers\STM32F0xx_HAL_Driver\Src\stm32f0xx_hal.o Drivers\STM32F0xx_HAL_Driver\Src\stm32f0xx_hal_adc.o Drivers\STM32F0xx_HAL_Driver\Src\stm32f0xx_hal_adc_ex.o Drivers\STM32F0xx_HAL_Driver\Src\stm32f0xx_hal_cortex.o Drivers\STM32F0xx_HAL_Driver\Src\stm32f0xx_hal_dma.o Drivers\STM32F0xx_HAL_Driver\Src\stm32f0xx_hal_flash.o Drivers\STM32F0xx_HAL_Driver\Src\stm32f0xx_hal_flash_ex.o Drivers\STM32F0xx_HAL_Driver\Src\stm32f0xx_hal_gpio.o Drivers\STM32F0xx_HAL_Driver\Src\stm32f0xx_hal_i2c.o Drivers\STM32F0xx_HAL_Driver\Src\stm32f0xx_hal_i2c_ex.o Drivers\STM32F0xx_HAL_Driver\Src\stm32f0xx_hal_pwr.o Drivers\STM32F0xx_HAL_Driver\Src\stm32f0xx_hal_pwr_ex.o Drivers\STM32F0xx_HAL_Driver\Src\stm32f0xx_hal_rcc.o Drivers\STM32F0xx_HAL_Driver\Src\stm32f0xx_hal_rcc_ex.o Drivers\STM32F0xx_HAL_Driver\Src\stm32f0xx_hal_tim.o Drivers\STM32F0xx_HAL_Driver\Src\stm32f0xx_hal_tim_ex.o Drivers\STM32F0xx_HAL_Driver\Src\stm32f0xx_ll_dma.o Drivers\STM32F0xx_HAL_Driver\Src\stm32f0xx_ll_exti.o Drivers\STM32F0xx_HAL_Driver\Src\stm32f0xx_ll_gpio.o Drivers\STM32F0xx_HAL_Driver\Src\stm32f0xx_ll_rcc.o Drivers\STM32F0xx_HAL_Driver\Src\stm32f0xx_ll_tim.o Drivers\STM32F0xx_HAL_Driver\Src\stm32f0xx_ll_utils.o Src\adc.o Src\dma.o Src\gpio.o Src\main.o Src\stm32f0xx_hal_msp.o Src\stm32f0xx_it.o Src\syscalls.o Src\system_stm32f0xx.o Src\tim.o startup\startup_stm32f051x8.o -mthumb -mcpu=cortex-m0 -T../STM32F051K8_FLASH.ld -specs=nosys.specs -static -Wl,-Map=PWMGEN_STM32F051_LL.map -Wl,--gc-sections -Wl,--defsym=malloc_getpagesize_P=0x80 -Wl,--start-group -lc -lm -Wl,--end-group -specs=nano.specs 
H:\Programs\TrueSTUDIO for STM32 9.2.0\ide\jre\bin\java -jar H:\Programs\TrueSTUDIO for STM32 9.2.0\Tools\arm-atollic-reports.jar sizeinfo list PWMGEN_STM32F051_LL.elf 
Generate build reports...
Print size information
   text	   data	    bss	    dec	    hex	filename
  10280	     16	   1748	  12044	   2f0c	PWMGEN_STM32F051_LL.elf
Print size information done
Generate listing file
Output sent to: PWMGEN_STM32F051_LL.list
Generate listing file done
Generate build reports done
arm-atollic-eabi-objcopy.exe -O ihex PWMGEN_STM32F051_LL.elf PWMGEN_STM32F051_LL.hex 
01:31:25 **** Incremental Build of configuration Debug for project PWMGEN_STM32F051_LL ****
Info: Internal Builder is used for build
arm-atollic-eabi-gcc -c -mthumb -mcpu=cortex-m0 -std=gnu11 -DUSE_FULL_LL_DRIVER -D__weak=__attribute__((weak)) -D__packed=__attribute__((__packed__)) -DSTM32F051x8 -DUSE_HAL_DRIVER -I../Inc -I../Drivers/STM32F0xx_HAL_Driver/Inc -I../Drivers/CMSIS/Device/ST/STM32F0xx/Include -I../Drivers/CMSIS/Include -I../Drivers/STM32F0xx_HAL_Driver/Inc/Legacy -Og -ffunction-sections -fdata-sections -g -fstack-usage -Wall -specs=nano.specs -o Src\tim.o ..\Src\tim.c 
arm-atollic-eabi-gcc -o PWMGEN_STM32F051_LL.elf Drivers\STM32F0xx_HAL_Driver\Src\stm32f0xx_hal.o Drivers\STM32F0xx_HAL_Driver\Src\stm32f0xx_hal_adc.o Drivers\STM32F0xx_HAL_Driver\Src\stm32f0xx_hal_adc_ex.o Drivers\STM32F0xx_HAL_Driver\Src\stm32f0xx_hal_cortex.o Drivers\STM32F0xx_HAL_Driver\Src\stm32f0xx_hal_dma.o Drivers\STM32F0xx_HAL_Driver\Src\stm32f0xx_hal_flash.o Drivers\STM32F0xx_HAL_Driver\Src\stm32f0xx_hal_flash_ex.o Drivers\STM32F0xx_HAL_Driver\Src\stm32f0xx_hal_gpio.o Drivers\STM32F0xx_HAL_Driver\Src\stm32f0xx_hal_i2c.o Drivers\STM32F0xx_HAL_Driver\Src\stm32f0xx_hal_i2c_ex.o Drivers\STM32F0xx_HAL_Driver\Src\stm32f0xx_hal_pwr.o Drivers\STM32F0xx_HAL_Driver\Src\stm32f0xx_hal_pwr_ex.o Drivers\STM32F0xx_HAL_Driver\Src\stm32f0xx_hal_rcc.o Drivers\STM32F0xx_HAL_Driver\Src\stm32f0xx_hal_rcc_ex.o Drivers\STM32F0xx_HAL_Driver\Src\stm32f0xx_hal_tim.o Drivers\STM32F0xx_HAL_Driver\Src\stm32f0xx_hal_tim_ex.o Drivers\STM32F0xx_HAL_Driver\Src\stm32f0xx_ll_dma.o Drivers\STM32F0xx_HAL_Driver\Src\stm32f0xx_ll_exti.o Drivers\STM32F0xx_HAL_Driver\Src\stm32f0xx_ll_gpio.o Drivers\STM32F0xx_HAL_Driver\Src\stm32f0xx_ll_rcc.o Drivers\STM32F0xx_HAL_Driver\Src\stm32f0xx_ll_tim.o Drivers\STM32F0xx_HAL_Driver\Src\stm32f0xx_ll_utils.o Src\adc.o Src\dma.o Src\gpio.o Src\main.o Src\stm32f0xx_hal_msp.o Src\stm32f0xx_it.o Src\syscalls.o Src\system_stm32f0xx.o Src\tim.o startup\startup_stm32f051x8.o -mthumb -mcpu=cortex-m0 -T../STM32F051K8_FLASH.ld -specs=nosys.specs -static -Wl,-Map=PWMGEN_STM32F051_LL.map -Wl,--gc-sections -Wl,--defsym=malloc_getpagesize_P=0x80 -Wl,--start-group -lc -lm -Wl,--end-group -specs=nano.specs 
H:\Programs\TrueSTUDIO for STM32 9.2.0\ide\jre\bin\java -jar H:\Programs\TrueSTUDIO for STM32 9.2.0\Tools\arm-atollic-reports.jar sizeinfo list PWMGEN_STM32F051_LL.elf 
Generate build reports...
Print size information
   text	   data	    bss	    dec	    hex	filename
  10284	     16	   1748	  12048	   2f10	PWMGEN_STM32F051_LL.elf
Print size information done
Generate listing file
Output sent to: PWMGEN_STM32F051_LL.list
Generate listing file done
Generate build reports done
arm-atollic-eabi-objcopy.exe -O ihex PWMGEN_STM32F051_LL.elf PWMGEN_STM32F051_LL.hex 
01:31:49 **** Incremental Build of configuration Debug for project PWMGEN_STM32F051_LL ****
Info: Internal Builder is used for build
arm-atollic-eabi-gcc -c -mthumb -mcpu=cortex-m0 -std=gnu11 -DUSE_FULL_LL_DRIVER -D__weak=__attribute__((weak)) -D__packed=__attribute__((__packed__)) -DSTM32F051x8 -DUSE_HAL_DRIVER -I../Inc -I../Drivers/STM32F0xx_HAL_Driver/Inc -I../Drivers/CMSIS/Device/ST/STM32F0xx/Include -I../Drivers/CMSIS/Include -I../Drivers/STM32F0xx_HAL_Driver/Inc/Legacy -Og -ffunction-sections -fdata-sections -g -fstack-usage -Wall -specs=nano.specs -o Src\tim.o ..\Src\tim.c 
arm-atollic-eabi-gcc -o PWMGEN_STM32F051_LL.elf Drivers\STM32F0xx_HAL_Driver\Src\stm32f0xx_hal.o Drivers\STM32F0xx_HAL_Driver\Src\stm32f0xx_hal_adc.o Drivers\STM32F0xx_HAL_Driver\Src\stm32f0xx_hal_adc_ex.o Drivers\STM32F0xx_HAL_Driver\Src\stm32f0xx_hal_cortex.o Drivers\STM32F0xx_HAL_Driver\Src\stm32f0xx_hal_dma.o Drivers\STM32F0xx_HAL_Driver\Src\stm32f0xx_hal_flash.o Drivers\STM32F0xx_HAL_Driver\Src\stm32f0xx_hal_flash_ex.o Drivers\STM32F0xx_HAL_Driver\Src\stm32f0xx_hal_gpio.o Drivers\STM32F0xx_HAL_Driver\Src\stm32f0xx_hal_i2c.o Drivers\STM32F0xx_HAL_Driver\Src\stm32f0xx_hal_i2c_ex.o Drivers\STM32F0xx_HAL_Driver\Src\stm32f0xx_hal_pwr.o Drivers\STM32F0xx_HAL_Driver\Src\stm32f0xx_hal_pwr_ex.o Drivers\STM32F0xx_HAL_Driver\Src\stm32f0xx_hal_rcc.o Drivers\STM32F0xx_HAL_Driver\Src\stm32f0xx_hal_rcc_ex.o Drivers\STM32F0xx_HAL_Driver\Src\stm32f0xx_hal_tim.o Drivers\STM32F0xx_HAL_Driver\Src\stm32f0xx_hal_tim_ex.o Drivers\STM32F0xx_HAL_Driver\Src\stm32f0xx_ll_dma.o Drivers\STM32F0xx_HAL_Driver\Src\stm32f0xx_ll_exti.o Drivers\STM32F0xx_HAL_Driver\Src\stm32f0xx_ll_gpio.o Drivers\STM32F0xx_HAL_Driver\Src\stm32f0xx_ll_rcc.o Drivers\STM32F0xx_HAL_Driver\Src\stm32f0xx_ll_tim.o Drivers\STM32F0xx_HAL_Driver\Src\stm32f0xx_ll_utils.o Src\adc.o Src\dma.o Src\gpio.o Src\main.o Src\stm32f0xx_hal_msp.o Src\stm32f0xx_it.o Src\syscalls.o Src\system_stm32f0xx.o Src\tim.o startup\startup_stm32f051x8.o -mthumb -mcpu=cortex-m0 -T../STM32F051K8_FLASH.ld -specs=nosys.specs -static -Wl,-Map=PWMGEN_STM32F051_LL.map -Wl,--gc-sections -Wl,--defsym=malloc_getpagesize_P=0x80 -Wl,--start-group -lc -lm -Wl,--end-group -specs=nano.specs 
H:\Programs\TrueSTUDIO for STM32 9.2.0\ide\jre\bin\java -jar H:\Programs\TrueSTUDIO for STM32 9.2.0\Tools\arm-atollic-reports.jar sizeinfo list PWMGEN_STM32F051_LL.elf 
Generate build reports...
Print size information
   text	   data	    bss	    dec	    hex	filename
  10284	     16	   1748	  12048	   2f10	PWMGEN_STM32F051_LL.elf
Print size information done
Generate listing file
Output sent to: PWMGEN_STM32F051_LL.list
Generate listing file done
Generate build reports done
arm-atollic-eabi-objcopy.exe -O ihex PWMGEN_STM32F051_LL.elf PWMGEN_STM32F051_LL.hex 
01:32:07 **** Incremental Build of configuration Debug for project PWMGEN_STM32F051_LL ****
Info: Internal Builder is used for build
arm-atollic-eabi-gcc -c -mthumb -mcpu=cortex-m0 -std=gnu11 -DUSE_FULL_LL_DRIVER -D__weak=__attribute__((weak)) -D__packed=__attribute__((__packed__)) -DSTM32F051x8 -DUSE_HAL_DRIVER -I../Inc -I../Drivers/STM32F0xx_HAL_Driver/Inc -I../Drivers/CMSIS/Device/ST/STM32F0xx/Include -I../Drivers/CMSIS/Include -I../Drivers/STM32F0xx_HAL_Driver/Inc/Legacy -Og -ffunction-sections -fdata-sections -g -fstack-usage -Wall -specs=nano.specs -o Src\tim.o ..\Src\tim.c 
arm-atollic-eabi-gcc -o PWMGEN_STM32F051_LL.elf Drivers\STM32F0xx_HAL_Driver\Src\stm32f0xx_hal.o Drivers\STM32F0xx_HAL_Driver\Src\stm32f0xx_hal_adc.o Drivers\STM32F0xx_HAL_Driver\Src\stm32f0xx_hal_adc_ex.o Drivers\STM32F0xx_HAL_Driver\Src\stm32f0xx_hal_cortex.o Drivers\STM32F0xx_HAL_Driver\Src\stm32f0xx_hal_dma.o Drivers\STM32F0xx_HAL_Driver\Src\stm32f0xx_hal_flash.o Drivers\STM32F0xx_HAL_Driver\Src\stm32f0xx_hal_flash_ex.o Drivers\STM32F0xx_HAL_Driver\Src\stm32f0xx_hal_gpio.o Drivers\STM32F0xx_HAL_Driver\Src\stm32f0xx_hal_i2c.o Drivers\STM32F0xx_HAL_Driver\Src\stm32f0xx_hal_i2c_ex.o Drivers\STM32F0xx_HAL_Driver\Src\stm32f0xx_hal_pwr.o Drivers\STM32F0xx_HAL_Driver\Src\stm32f0xx_hal_pwr_ex.o Drivers\STM32F0xx_HAL_Driver\Src\stm32f0xx_hal_rcc.o Drivers\STM32F0xx_HAL_Driver\Src\stm32f0xx_hal_rcc_ex.o Drivers\STM32F0xx_HAL_Driver\Src\stm32f0xx_hal_tim.o Drivers\STM32F0xx_HAL_Driver\Src\stm32f0xx_hal_tim_ex.o Drivers\STM32F0xx_HAL_Driver\Src\stm32f0xx_ll_dma.o Drivers\STM32F0xx_HAL_Driver\Src\stm32f0xx_ll_exti.o Drivers\STM32F0xx_HAL_Driver\Src\stm32f0xx_ll_gpio.o Drivers\STM32F0xx_HAL_Driver\Src\stm32f0xx_ll_rcc.o Drivers\STM32F0xx_HAL_Driver\Src\stm32f0xx_ll_tim.o Drivers\STM32F0xx_HAL_Driver\Src\stm32f0xx_ll_utils.o Src\adc.o Src\dma.o Src\gpio.o Src\main.o Src\stm32f0xx_hal_msp.o Src\stm32f0xx_it.o Src\syscalls.o Src\system_stm32f0xx.o Src\tim.o startup\startup_stm32f051x8.o -mthumb -mcpu=cortex-m0 -T../STM32F051K8_FLASH.ld -specs=nosys.specs -static -Wl,-Map=PWMGEN_STM32F051_LL.map -Wl,--gc-sections -Wl,--defsym=malloc_getpagesize_P=0x80 -Wl,--start-group -lc -lm -Wl,--end-group -specs=nano.specs 
H:\Programs\TrueSTUDIO for STM32 9.2.0\ide\jre\bin\java -jar H:\Programs\TrueSTUDIO for STM32 9.2.0\Tools\arm-atollic-reports.jar sizeinfo list PWMGEN_STM32F051_LL.elf 
Generate build reports...
Print size information
   text	   data	    bss	    dec	    hex	filename
  10288	     16	   1748	  12052	   2f14	PWMGEN_STM32F051_LL.elf
Print size information done
Generate listing file
Output sent to: PWMGEN_STM32F051_LL.list
Generate listing file done
Generate build reports done
arm-atollic-eabi-objcopy.exe -O ihex PWMGEN_STM32F051_LL.elf PWMGEN_STM32F051_LL.hex 
01:32:22 **** Incremental Build of configuration Debug for project PWMGEN_STM32F051_LL ****
Info: Internal Builder is used for build
arm-atollic-eabi-gcc -c -mthumb -mcpu=cortex-m0 -std=gnu11 -DUSE_FULL_LL_DRIVER -D__weak=__attribute__((weak)) -D__packed=__attribute__((__packed__)) -DSTM32F051x8 -DUSE_HAL_DRIVER -I../Inc -I../Drivers/STM32F0xx_HAL_Driver/Inc -I../Drivers/CMSIS/Device/ST/STM32F0xx/Include -I../Drivers/CMSIS/Include -I../Drivers/STM32F0xx_HAL_Driver/Inc/Legacy -Og -ffunction-sections -fdata-sections -g -fstack-usage -Wall -specs=nano.specs -o Src\tim.o ..\Src\tim.c 
arm-atollic-eabi-gcc -o PWMGEN_STM32F051_LL.elf Drivers\STM32F0xx_HAL_Driver\Src\stm32f0xx_hal.o Drivers\STM32F0xx_HAL_Driver\Src\stm32f0xx_hal_adc.o Drivers\STM32F0xx_HAL_Driver\Src\stm32f0xx_hal_adc_ex.o Drivers\STM32F0xx_HAL_Driver\Src\stm32f0xx_hal_cortex.o Drivers\STM32F0xx_HAL_Driver\Src\stm32f0xx_hal_dma.o Drivers\STM32F0xx_HAL_Driver\Src\stm32f0xx_hal_flash.o Drivers\STM32F0xx_HAL_Driver\Src\stm32f0xx_hal_flash_ex.o Drivers\STM32F0xx_HAL_Driver\Src\stm32f0xx_hal_gpio.o Drivers\STM32F0xx_HAL_Driver\Src\stm32f0xx_hal_i2c.o Drivers\STM32F0xx_HAL_Driver\Src\stm32f0xx_hal_i2c_ex.o Drivers\STM32F0xx_HAL_Driver\Src\stm32f0xx_hal_pwr.o Drivers\STM32F0xx_HAL_Driver\Src\stm32f0xx_hal_pwr_ex.o Drivers\STM32F0xx_HAL_Driver\Src\stm32f0xx_hal_rcc.o Drivers\STM32F0xx_HAL_Driver\Src\stm32f0xx_hal_rcc_ex.o Drivers\STM32F0xx_HAL_Driver\Src\stm32f0xx_hal_tim.o Drivers\STM32F0xx_HAL_Driver\Src\stm32f0xx_hal_tim_ex.o Drivers\STM32F0xx_HAL_Driver\Src\stm32f0xx_ll_dma.o Drivers\STM32F0xx_HAL_Driver\Src\stm32f0xx_ll_exti.o Drivers\STM32F0xx_HAL_Driver\Src\stm32f0xx_ll_gpio.o Drivers\STM32F0xx_HAL_Driver\Src\stm32f0xx_ll_rcc.o Drivers\STM32F0xx_HAL_Driver\Src\stm32f0xx_ll_tim.o Drivers\STM32F0xx_HAL_Driver\Src\stm32f0xx_ll_utils.o Src\adc.o Src\dma.o Src\gpio.o Src\main.o Src\stm32f0xx_hal_msp.o Src\stm32f0xx_it.o Src\syscalls.o Src\system_stm32f0xx.o Src\tim.o startup\startup_stm32f051x8.o -mthumb -mcpu=cortex-m0 -T../STM32F051K8_FLASH.ld -specs=nosys.specs -static -Wl,-Map=PWMGEN_STM32F051_LL.map -Wl,--gc-sections -Wl,--defsym=malloc_getpagesize_P=0x80 -Wl,--start-group -lc -lm -Wl,--end-group -specs=nano.specs 
H:\Programs\TrueSTUDIO for STM32 9.2.0\ide\jre\bin\java -jar H:\Programs\TrueSTUDIO for STM32 9.2.0\Tools\arm-atollic-reports.jar sizeinfo list PWMGEN_STM32F051_LL.elf 
Generate build reports...
Print size information
   text	   data	    bss	    dec	    hex	filename
  10288	     16	   1748	  12052	   2f14	PWMGEN_STM32F051_LL.elf
Print size information done
Generate listing file
Output sent to: PWMGEN_STM32F051_LL.list
Generate listing file done
Generate build reports done
arm-atollic-eabi-objcopy.exe -O ihex PWMGEN_STM32F051_LL.elf PWMGEN_STM32F051_LL.hex 
01:32:36 **** Incremental Build of configuration Debug for project PWMGEN_STM32F051_LL ****
Info: Internal Builder is used for build
arm-atollic-eabi-gcc -c -mthumb -mcpu=cortex-m0 -std=gnu11 -DUSE_FULL_LL_DRIVER -D__weak=__attribute__((weak)) -D__packed=__attribute__((__packed__)) -DSTM32F051x8 -DUSE_HAL_DRIVER -I../Inc -I../Drivers/STM32F0xx_HAL_Driver/Inc -I../Drivers/CMSIS/Device/ST/STM32F0xx/Include -I../Drivers/CMSIS/Include -I../Drivers/STM32F0xx_HAL_Driver/Inc/Legacy -Og -ffunction-sections -fdata-sections -g -fstack-usage -Wall -specs=nano.specs -o Src\tim.o ..\Src\tim.c 
arm-atollic-eabi-gcc -o PWMGEN_STM32F051_LL.elf Drivers\STM32F0xx_HAL_Driver\Src\stm32f0xx_hal.o Drivers\STM32F0xx_HAL_Driver\Src\stm32f0xx_hal_adc.o Drivers\STM32F0xx_HAL_Driver\Src\stm32f0xx_hal_adc_ex.o Drivers\STM32F0xx_HAL_Driver\Src\stm32f0xx_hal_cortex.o Drivers\STM32F0xx_HAL_Driver\Src\stm32f0xx_hal_dma.o Drivers\STM32F0xx_HAL_Driver\Src\stm32f0xx_hal_flash.o Drivers\STM32F0xx_HAL_Driver\Src\stm32f0xx_hal_flash_ex.o Drivers\STM32F0xx_HAL_Driver\Src\stm32f0xx_hal_gpio.o Drivers\STM32F0xx_HAL_Driver\Src\stm32f0xx_hal_i2c.o Drivers\STM32F0xx_HAL_Driver\Src\stm32f0xx_hal_i2c_ex.o Drivers\STM32F0xx_HAL_Driver\Src\stm32f0xx_hal_pwr.o Drivers\STM32F0xx_HAL_Driver\Src\stm32f0xx_hal_pwr_ex.o Drivers\STM32F0xx_HAL_Driver\Src\stm32f0xx_hal_rcc.o Drivers\STM32F0xx_HAL_Driver\Src\stm32f0xx_hal_rcc_ex.o Drivers\STM32F0xx_HAL_Driver\Src\stm32f0xx_hal_tim.o Drivers\STM32F0xx_HAL_Driver\Src\stm32f0xx_hal_tim_ex.o Drivers\STM32F0xx_HAL_Driver\Src\stm32f0xx_ll_dma.o Drivers\STM32F0xx_HAL_Driver\Src\stm32f0xx_ll_exti.o Drivers\STM32F0xx_HAL_Driver\Src\stm32f0xx_ll_gpio.o Drivers\STM32F0xx_HAL_Driver\Src\stm32f0xx_ll_rcc.o Drivers\STM32F0xx_HAL_Driver\Src\stm32f0xx_ll_tim.o Drivers\STM32F0xx_HAL_Driver\Src\stm32f0xx_ll_utils.o Src\adc.o Src\dma.o Src\gpio.o Src\main.o Src\stm32f0xx_hal_msp.o Src\stm32f0xx_it.o Src\syscalls.o Src\system_stm32f0xx.o Src\tim.o startup\startup_stm32f051x8.o -mthumb -mcpu=cortex-m0 -T../STM32F051K8_FLASH.ld -specs=nosys.specs -static -Wl,-Map=PWMGEN_STM32F051_LL.map -Wl,--gc-sections -Wl,--defsym=malloc_getpagesize_P=0x80 -Wl,--start-group -lc -lm -Wl,--end-group -specs=nano.specs 
H:\Programs\TrueSTUDIO for STM32 9.2.0\ide\jre\bin\java -jar H:\Programs\TrueSTUDIO for STM32 9.2.0\Tools\arm-atollic-reports.jar sizeinfo list PWMGEN_STM32F051_LL.elf 
Generate build reports...
Print size information
   text	   data	    bss	    dec	    hex	filename
  10288	     16	   1748	  12052	   2f14	PWMGEN_STM32F051_LL.elf
Print size information done
Generate listing file
Output sent to: PWMGEN_STM32F051_LL.list
Generate listing file done
Generate build reports done
arm-atollic-eabi-objcopy.exe -O ihex PWMGEN_STM32F051_LL.elf PWMGEN_STM32F051_LL.hex 
Info: Nothing to build for PWMGEN_STM32F051_LL
01:33:48 **** Incremental Build of configuration Debug for project PWMGEN_STM32F051_LL ****
Info: Internal Builder is used for build
arm-atollic-eabi-gcc -c -mthumb -mcpu=cortex-m0 -std=gnu11 -DUSE_FULL_LL_DRIVER -D__weak=__attribute__((weak)) -D__packed=__attribute__((__packed__)) -DSTM32F051x8 -DUSE_HAL_DRIVER -I../Inc -I../Drivers/STM32F0xx_HAL_Driver/Inc -I../Drivers/CMSIS/Device/ST/STM32F0xx/Include -I../Drivers/CMSIS/Include -I../Drivers/STM32F0xx_HAL_Driver/Inc/Legacy -Og -ffunction-sections -fdata-sections -g -fstack-usage -Wall -specs=nano.specs -o Src\stm32f0xx_it.o ..\Src\stm32f0xx_it.c 
arm-atollic-eabi-gcc -o PWMGEN_STM32F051_LL.elf Drivers\STM32F0xx_HAL_Driver\Src\stm32f0xx_hal.o Drivers\STM32F0xx_HAL_Driver\Src\stm32f0xx_hal_adc.o Drivers\STM32F0xx_HAL_Driver\Src\stm32f0xx_hal_adc_ex.o Drivers\STM32F0xx_HAL_Driver\Src\stm32f0xx_hal_cortex.o Drivers\STM32F0xx_HAL_Driver\Src\stm32f0xx_hal_dma.o Drivers\STM32F0xx_HAL_Driver\Src\stm32f0xx_hal_flash.o Drivers\STM32F0xx_HAL_Driver\Src\stm32f0xx_hal_flash_ex.o Drivers\STM32F0xx_HAL_Driver\Src\stm32f0xx_hal_gpio.o Drivers\STM32F0xx_HAL_Driver\Src\stm32f0xx_hal_i2c.o Drivers\STM32F0xx_HAL_Driver\Src\stm32f0xx_hal_i2c_ex.o Drivers\STM32F0xx_HAL_Driver\Src\stm32f0xx_hal_pwr.o Drivers\STM32F0xx_HAL_Driver\Src\stm32f0xx_hal_pwr_ex.o Drivers\STM32F0xx_HAL_Driver\Src\stm32f0xx_hal_rcc.o Drivers\STM32F0xx_HAL_Driver\Src\stm32f0xx_hal_rcc_ex.o Drivers\STM32F0xx_HAL_Driver\Src\stm32f0xx_hal_tim.o Drivers\STM32F0xx_HAL_Driver\Src\stm32f0xx_hal_tim_ex.o Drivers\STM32F0xx_HAL_Driver\Src\stm32f0xx_ll_dma.o Drivers\STM32F0xx_HAL_Driver\Src\stm32f0xx_ll_exti.o Drivers\STM32F0xx_HAL_Driver\Src\stm32f0xx_ll_gpio.o Drivers\STM32F0xx_HAL_Driver\Src\stm32f0xx_ll_rcc.o Drivers\STM32F0xx_HAL_Driver\Src\stm32f0xx_ll_tim.o Drivers\STM32F0xx_HAL_Driver\Src\stm32f0xx_ll_utils.o Src\adc.o Src\dma.o Src\gpio.o Src\main.o Src\stm32f0xx_hal_msp.o Src\stm32f0xx_it.o Src\syscalls.o Src\system_stm32f0xx.o Src\tim.o startup\startup_stm32f051x8.o -mthumb -mcpu=cortex-m0 -T../STM32F051K8_FLASH.ld -specs=nosys.specs -static -Wl,-Map=PWMGEN_STM32F051_LL.map -Wl,--gc-sections -Wl,--defsym=malloc_getpagesize_P=0x80 -Wl,--start-group -lc -lm -Wl,--end-group -specs=nano.specs 
H:\Programs\TrueSTUDIO for STM32 9.2.0\ide\jre\bin\java -jar H:\Programs\TrueSTUDIO for STM32 9.2.0\Tools\arm-atollic-reports.jar sizeinfo list PWMGEN_STM32F051_LL.elf 
Generate build reports...
Print size information
   text	   data	    bss	    dec	    hex	filename
  10312	     16	   1748	  12076	   2f2c	PWMGEN_STM32F051_LL.elf
Print size information done
Generate listing file
Output sent to: PWMGEN_STM32F051_LL.list
Generate listing file done
Generate build reports done
arm-atollic-eabi-objcopy.exe -O ihex PWMGEN_STM32F051_LL.elf PWMGEN_STM32F051_LL.hex 
01:34:15 **** Incremental Build of configuration Debug for project PWMGEN_STM32F051_LL ****
Info: Internal Builder is used for build
arm-atollic-eabi-gcc -c -mthumb -mcpu=cortex-m0 -std=gnu11 -DUSE_FULL_LL_DRIVER -D__weak=__attribute__((weak)) -D__packed=__attribute__((__packed__)) -DSTM32F051x8 -DUSE_HAL_DRIVER -I../Inc -I../Drivers/STM32F0xx_HAL_Driver/Inc -I../Drivers/CMSIS/Device/ST/STM32F0xx/Include -I../Drivers/CMSIS/Include -I../Drivers/STM32F0xx_HAL_Driver/Inc/Legacy -Og -ffunction-sections -fdata-sections -g -fstack-usage -Wall -specs=nano.specs -o Src\tim.o ..\Src\tim.c 
arm-atollic-eabi-gcc -o PWMGEN_STM32F051_LL.elf Drivers\STM32F0xx_HAL_Driver\Src\stm32f0xx_hal.o Drivers\STM32F0xx_HAL_Driver\Src\stm32f0xx_hal_adc.o Drivers\STM32F0xx_HAL_Driver\Src\stm32f0xx_hal_adc_ex.o Drivers\STM32F0xx_HAL_Driver\Src\stm32f0xx_hal_cortex.o Drivers\STM32F0xx_HAL_Driver\Src\stm32f0xx_hal_dma.o Drivers\STM32F0xx_HAL_Driver\Src\stm32f0xx_hal_flash.o Drivers\STM32F0xx_HAL_Driver\Src\stm32f0xx_hal_flash_ex.o Drivers\STM32F0xx_HAL_Driver\Src\stm32f0xx_hal_gpio.o Drivers\STM32F0xx_HAL_Driver\Src\stm32f0xx_hal_i2c.o Drivers\STM32F0xx_HAL_Driver\Src\stm32f0xx_hal_i2c_ex.o Drivers\STM32F0xx_HAL_Driver\Src\stm32f0xx_hal_pwr.o Drivers\STM32F0xx_HAL_Driver\Src\stm32f0xx_hal_pwr_ex.o Drivers\STM32F0xx_HAL_Driver\Src\stm32f0xx_hal_rcc.o Drivers\STM32F0xx_HAL_Driver\Src\stm32f0xx_hal_rcc_ex.o Drivers\STM32F0xx_HAL_Driver\Src\stm32f0xx_hal_tim.o Drivers\STM32F0xx_HAL_Driver\Src\stm32f0xx_hal_tim_ex.o Drivers\STM32F0xx_HAL_Driver\Src\stm32f0xx_ll_dma.o Drivers\STM32F0xx_HAL_Driver\Src\stm32f0xx_ll_exti.o Drivers\STM32F0xx_HAL_Driver\Src\stm32f0xx_ll_gpio.o Drivers\STM32F0xx_HAL_Driver\Src\stm32f0xx_ll_rcc.o Drivers\STM32F0xx_HAL_Driver\Src\stm32f0xx_ll_tim.o Drivers\STM32F0xx_HAL_Driver\Src\stm32f0xx_ll_utils.o Src\adc.o Src\dma.o Src\gpio.o Src\main.o Src\stm32f0xx_hal_msp.o Src\stm32f0xx_it.o Src\syscalls.o Src\system_stm32f0xx.o Src\tim.o startup\startup_stm32f051x8.o -mthumb -mcpu=cortex-m0 -T../STM32F051K8_FLASH.ld -specs=nosys.specs -static -Wl,-Map=PWMGEN_STM32F051_LL.map -Wl,--gc-sections -Wl,--defsym=malloc_getpagesize_P=0x80 -Wl,--start-group -lc -lm -Wl,--end-group -specs=nano.specs 
H:\Programs\TrueSTUDIO for STM32 9.2.0\ide\jre\bin\java -jar H:\Programs\TrueSTUDIO for STM32 9.2.0\Tools\arm-atollic-reports.jar sizeinfo list PWMGEN_STM32F051_LL.elf 
Generate build reports...
Print size information
   text	   data	    bss	    dec	    hex	filename
  10308	     16	   1748	  12072	   2f28	PWMGEN_STM32F051_LL.elf
Print size information done
Generate listing file
Output sent to: PWMGEN_STM32F051_LL.list
Generate listing file done
Generate build reports done
arm-atollic-eabi-objcopy.exe -O ihex PWMGEN_STM32F051_LL.elf PWMGEN_STM32F051_LL.hex 
01:34:46 **** Incremental Build of configuration Debug for project PWMGEN_STM32F051_LL ****
Info: Internal Builder is used for build
arm-atollic-eabi-gcc -c -mthumb -mcpu=cortex-m0 -std=gnu11 -DUSE_FULL_LL_DRIVER -D__weak=__attribute__((weak)) -D__packed=__attribute__((__packed__)) -DSTM32F051x8 -DUSE_HAL_DRIVER -I../Inc -I../Drivers/STM32F0xx_HAL_Driver/Inc -I../Drivers/CMSIS/Device/ST/STM32F0xx/Include -I../Drivers/CMSIS/Include -I../Drivers/STM32F0xx_HAL_Driver/Inc/Legacy -Og -ffunction-sections -fdata-sections -g -fstack-usage -Wall -specs=nano.specs -o Src\tim.o ..\Src\tim.c 
arm-atollic-eabi-gcc -o PWMGEN_STM32F051_LL.elf Drivers\STM32F0xx_HAL_Driver\Src\stm32f0xx_hal.o Drivers\STM32F0xx_HAL_Driver\Src\stm32f0xx_hal_adc.o Drivers\STM32F0xx_HAL_Driver\Src\stm32f0xx_hal_adc_ex.o Drivers\STM32F0xx_HAL_Driver\Src\stm32f0xx_hal_cortex.o Drivers\STM32F0xx_HAL_Driver\Src\stm32f0xx_hal_dma.o Drivers\STM32F0xx_HAL_Driver\Src\stm32f0xx_hal_flash.o Drivers\STM32F0xx_HAL_Driver\Src\stm32f0xx_hal_flash_ex.o Drivers\STM32F0xx_HAL_Driver\Src\stm32f0xx_hal_gpio.o Drivers\STM32F0xx_HAL_Driver\Src\stm32f0xx_hal_i2c.o Drivers\STM32F0xx_HAL_Driver\Src\stm32f0xx_hal_i2c_ex.o Drivers\STM32F0xx_HAL_Driver\Src\stm32f0xx_hal_pwr.o Drivers\STM32F0xx_HAL_Driver\Src\stm32f0xx_hal_pwr_ex.o Drivers\STM32F0xx_HAL_Driver\Src\stm32f0xx_hal_rcc.o Drivers\STM32F0xx_HAL_Driver\Src\stm32f0xx_hal_rcc_ex.o Drivers\STM32F0xx_HAL_Driver\Src\stm32f0xx_hal_tim.o Drivers\STM32F0xx_HAL_Driver\Src\stm32f0xx_hal_tim_ex.o Drivers\STM32F0xx_HAL_Driver\Src\stm32f0xx_ll_dma.o Drivers\STM32F0xx_HAL_Driver\Src\stm32f0xx_ll_exti.o Drivers\STM32F0xx_HAL_Driver\Src\stm32f0xx_ll_gpio.o Drivers\STM32F0xx_HAL_Driver\Src\stm32f0xx_ll_rcc.o Drivers\STM32F0xx_HAL_Driver\Src\stm32f0xx_ll_tim.o Drivers\STM32F0xx_HAL_Driver\Src\stm32f0xx_ll_utils.o Src\adc.o Src\dma.o Src\gpio.o Src\main.o Src\stm32f0xx_hal_msp.o Src\stm32f0xx_it.o Src\syscalls.o Src\system_stm32f0xx.o Src\tim.o startup\startup_stm32f051x8.o -mthumb -mcpu=cortex-m0 -T../STM32F051K8_FLASH.ld -specs=nosys.specs -static -Wl,-Map=PWMGEN_STM32F051_LL.map -Wl,--gc-sections -Wl,--defsym=malloc_getpagesize_P=0x80 -Wl,--start-group -lc -lm -Wl,--end-group -specs=nano.specs 
H:\Programs\TrueSTUDIO for STM32 9.2.0\ide\jre\bin\java -jar H:\Programs\TrueSTUDIO for STM32 9.2.0\Tools\arm-atollic-reports.jar sizeinfo list PWMGEN_STM32F051_LL.elf 
Generate build reports...
Print size information
   text	   data	    bss	    dec	    hex	filename
  10308	     16	   1748	  12072	   2f28	PWMGEN_STM32F051_LL.elf
Print size information done
Generate listing file
Output sent to: PWMGEN_STM32F051_LL.list
Generate listing file done
Generate build reports done
arm-atollic-eabi-objcopy.exe -O ihex PWMGEN_STM32F051_LL.elf PWMGEN_STM32F051_LL.hex 
01:35:43 **** Incremental Build of configuration Debug for project PWMGEN_STM32F051_LL ****
Info: Internal Builder is used for build
arm-atollic-eabi-gcc -c -mthumb -mcpu=cortex-m0 -std=gnu11 -DUSE_FULL_LL_DRIVER -D__weak=__attribute__((weak)) -D__packed=__attribute__((__packed__)) -DSTM32F051x8 -DUSE_HAL_DRIVER -I../Inc -I../Drivers/STM32F0xx_HAL_Driver/Inc -I../Drivers/CMSIS/Device/ST/STM32F0xx/Include -I../Drivers/CMSIS/Include -I../Drivers/STM32F0xx_HAL_Driver/Inc/Legacy -Og -ffunction-sections -fdata-sections -g -fstack-usage -Wall -specs=nano.specs -o Drivers\STM32F0xx_HAL_Driver\Src\stm32f0xx_hal_pwr_ex.o ..\Drivers\STM32F0xx_HAL_Driver\Src\stm32f0xx_hal_pwr_ex.c 
arm-atollic-eabi-gcc -c -mthumb -mcpu=cortex-m0 -std=gnu11 -DUSE_FULL_LL_DRIVER -D__weak=__attribute__((weak)) -D__packed=__attribute__((__packed__)) -DSTM32F051x8 -DUSE_HAL_DRIVER -I../Inc -I../Drivers/STM32F0xx_HAL_Driver/Inc -I../Drivers/CMSIS/Device/ST/STM32F0xx/Include -I../Drivers/CMSIS/Include -I../Drivers/STM32F0xx_HAL_Driver/Inc/Legacy -Og -ffunction-sections -fdata-sections -g -fstack-usage -Wall -specs=nano.specs -o Src\tim.o ..\Src\tim.c 
arm-atollic-eabi-gcc -c -mthumb -mcpu=cortex-m0 -std=gnu11 -DUSE_FULL_LL_DRIVER -D__weak=__attribute__((weak)) -D__packed=__attribute__((__packed__)) -DSTM32F051x8 -DUSE_HAL_DRIVER -I../Inc -I../Drivers/STM32F0xx_HAL_Driver/Inc -I../Drivers/CMSIS/Device/ST/STM32F0xx/Include -I../Drivers/CMSIS/Include -I../Drivers/STM32F0xx_HAL_Driver/Inc/Legacy -Og -ffunction-sections -fdata-sections -g -fstack-usage -Wall -specs=nano.specs -o Drivers\STM32F0xx_HAL_Driver\Src\stm32f0xx_hal_flash.o ..\Drivers\STM32F0xx_HAL_Driver\Src\stm32f0xx_hal_flash.c 
arm-atollic-eabi-gcc -c -mthumb -mcpu=cortex-m0 -std=gnu11 -DUSE_FULL_LL_DRIVER -D__weak=__attribute__((weak)) -D__packed=__attribute__((__packed__)) -DSTM32F051x8 -DUSE_HAL_DRIVER -I../Inc -I../Drivers/STM32F0xx_HAL_Driver/Inc -I../Drivers/CMSIS/Device/ST/STM32F0xx/Include -I../Drivers/CMSIS/Include -I../Drivers/STM32F0xx_HAL_Driver/Inc/Legacy -Og -ffunction-sections -fdata-sections -g -fstack-usage -Wall -specs=nano.specs -o Drivers\STM32F0xx_HAL_Driver\Src\stm32f0xx_hal_pwr.o ..\Drivers\STM32F0xx_HAL_Driver\Src\stm32f0xx_hal_pwr.c 
arm-atollic-eabi-gcc -c -mthumb -mcpu=cortex-m0 -std=gnu11 -DUSE_FULL_LL_DRIVER -D__weak=__attribute__((weak)) -D__packed=__attribute__((__packed__)) -DSTM32F051x8 -DUSE_HAL_DRIVER -I../Inc -I../Drivers/STM32F0xx_HAL_Driver/Inc -I../Drivers/CMSIS/Device/ST/STM32F0xx/Include -I../Drivers/CMSIS/Include -I../Drivers/STM32F0xx_HAL_Driver/Inc/Legacy -Og -ffunction-sections -fdata-sections -g -fstack-usage -Wall -specs=nano.specs -o Src\stm32f0xx_hal_msp.o ..\Src\stm32f0xx_hal_msp.c 
arm-atollic-eabi-gcc -c -mthumb -mcpu=cortex-m0 -std=gnu11 -DUSE_FULL_LL_DRIVER -D__weak=__attribute__((weak)) -D__packed=__attribute__((__packed__)) -DSTM32F051x8 -DUSE_HAL_DRIVER -I../Inc -I../Drivers/STM32F0xx_HAL_Driver/Inc -I../Drivers/CMSIS/Device/ST/STM32F0xx/Include -I../Drivers/CMSIS/Include -I../Drivers/STM32F0xx_HAL_Driver/Inc/Legacy -Og -ffunction-sections -fdata-sections -g -fstack-usage -Wall -specs=nano.specs -o Src\gpio.o ..\Src\gpio.c 
arm-atollic-eabi-gcc -c -mthumb -mcpu=cortex-m0 -std=gnu11 -DUSE_FULL_LL_DRIVER -D__weak=__attribute__((weak)) -D__packed=__attribute__((__packed__)) -DSTM32F051x8 -DUSE_HAL_DRIVER -I../Inc -I../Drivers/STM32F0xx_HAL_Driver/Inc -I../Drivers/CMSIS/Device/ST/STM32F0xx/Include -I../Drivers/CMSIS/Include -I../Drivers/STM32F0xx_HAL_Driver/Inc/Legacy -Og -ffunction-sections -fdata-sections -g -fstack-usage -Wall -specs=nano.specs -o Drivers\STM32F0xx_HAL_Driver\Src\stm32f0xx_hal_i2c_ex.o ..\Drivers\STM32F0xx_HAL_Driver\Src\stm32f0xx_hal_i2c_ex.c 
arm-atollic-eabi-gcc -c -mthumb -mcpu=cortex-m0 -std=gnu11 -DUSE_FULL_LL_DRIVER -D__weak=__attribute__((weak)) -D__packed=__attribute__((__packed__)) -DSTM32F051x8 -DUSE_HAL_DRIVER -I../Inc -I../Drivers/STM32F0xx_HAL_Driver/Inc -I../Drivers/CMSIS/Device/ST/STM32F0xx/Include -I../Drivers/CMSIS/Include -I../Drivers/STM32F0xx_HAL_Driver/Inc/Legacy -Og -ffunction-sections -fdata-sections -g -fstack-usage -Wall -specs=nano.specs -o Drivers\STM32F0xx_HAL_Driver\Src\stm32f0xx_hal_tim_ex.o ..\Drivers\STM32F0xx_HAL_Driver\Src\stm32f0xx_hal_tim_ex.c 
arm-atollic-eabi-gcc -c -mthumb -mcpu=cortex-m0 -std=gnu11 -DUSE_FULL_LL_DRIVER -D__weak=__attribute__((weak)) -D__packed=__attribute__((__packed__)) -DSTM32F051x8 -DUSE_HAL_DRIVER -I../Inc -I../Drivers/STM32F0xx_HAL_Driver/Inc -I../Drivers/CMSIS/Device/ST/STM32F0xx/Include -I../Drivers/CMSIS/Include -I../Drivers/STM32F0xx_HAL_Driver/Inc/Legacy -Og -ffunction-sections -fdata-sections -g -fstack-usage -Wall -specs=nano.specs -o Drivers\STM32F0xx_HAL_Driver\Src\stm32f0xx_hal_adc.o ..\Drivers\STM32F0xx_HAL_Driver\Src\stm32f0xx_hal_adc.c 
arm-atollic-eabi-gcc -c -mthumb -mcpu=cortex-m0 -std=gnu11 -DUSE_FULL_LL_DRIVER -D__weak=__attribute__((weak)) -D__packed=__attribute__((__packed__)) -DSTM32F051x8 -DUSE_HAL_DRIVER -I../Inc -I../Drivers/STM32F0xx_HAL_Driver/Inc -I../Drivers/CMSIS/Device/ST/STM32F0xx/Include -I../Drivers/CMSIS/Include -I../Drivers/STM32F0xx_HAL_Driver/Inc/Legacy -Og -ffunction-sections -fdata-sections -g -fstack-usage -Wall -specs=nano.specs -o Drivers\STM32F0xx_HAL_Driver\Src\stm32f0xx_hal_rcc.o ..\Drivers\STM32F0xx_HAL_Driver\Src\stm32f0xx_hal_rcc.c 
arm-atollic-eabi-gcc -c -mthumb -mcpu=cortex-m0 -std=gnu11 -DUSE_FULL_LL_DRIVER -D__weak=__attribute__((weak)) -D__packed=__attribute__((__packed__)) -DSTM32F051x8 -DUSE_HAL_DRIVER -I../Inc -I../Drivers/STM32F0xx_HAL_Driver/Inc -I../Drivers/CMSIS/Device/ST/STM32F0xx/Include -I../Drivers/CMSIS/Include -I../Drivers/STM32F0xx_HAL_Driver/Inc/Legacy -Og -ffunction-sections -fdata-sections -g -fstack-usage -Wall -specs=nano.specs -o Drivers\STM32F0xx_HAL_Driver\Src\stm32f0xx_hal_flash_ex.o ..\Drivers\STM32F0xx_HAL_Driver\Src\stm32f0xx_hal_flash_ex.c 
arm-atollic-eabi-gcc -c -mthumb -mcpu=cortex-m0 -std=gnu11 -DUSE_FULL_LL_DRIVER -D__weak=__attribute__((weak)) -D__packed=__attribute__((__packed__)) -DSTM32F051x8 -DUSE_HAL_DRIVER -I../Inc -I../Drivers/STM32F0xx_HAL_Driver/Inc -I../Drivers/CMSIS/Device/ST/STM32F0xx/Include -I../Drivers/CMSIS/Include -I../Drivers/STM32F0xx_HAL_Driver/Inc/Legacy -Og -ffunction-sections -fdata-sections -g -fstack-usage -Wall -specs=nano.specs -o Drivers\STM32F0xx_HAL_Driver\Src\stm32f0xx_hal_tim.o ..\Drivers\STM32F0xx_HAL_Driver\Src\stm32f0xx_hal_tim.c 
arm-atollic-eabi-gcc -c -mthumb -mcpu=cortex-m0 -std=gnu11 -DUSE_FULL_LL_DRIVER -D__weak=__attribute__((weak)) -D__packed=__attribute__((__packed__)) -DSTM32F051x8 -DUSE_HAL_DRIVER -I../Inc -I../Drivers/STM32F0xx_HAL_Driver/Inc -I../Drivers/CMSIS/Device/ST/STM32F0xx/Include -I../Drivers/CMSIS/Include -I../Drivers/STM32F0xx_HAL_Driver/Inc/Legacy -Og -ffunction-sections -fdata-sections -g -fstack-usage -Wall -specs=nano.specs -o Drivers\STM32F0xx_HAL_Driver\Src\stm32f0xx_hal_dma.o ..\Drivers\STM32F0xx_HAL_Driver\Src\stm32f0xx_hal_dma.c 
arm-atollic-eabi-gcc -c -mthumb -mcpu=cortex-m0 -std=gnu11 -DUSE_FULL_LL_DRIVER -D__weak=__attribute__((weak)) -D__packed=__attribute__((__packed__)) -DSTM32F051x8 -DUSE_HAL_DRIVER -I../Inc -I../Drivers/STM32F0xx_HAL_Driver/Inc -I../Drivers/CMSIS/Device/ST/STM32F0xx/Include -I../Drivers/CMSIS/Include -I../Drivers/STM32F0xx_HAL_Driver/Inc/Legacy -Og -ffunction-sections -fdata-sections -g -fstack-usage -Wall -specs=nano.specs -o Drivers\STM32F0xx_HAL_Driver\Src\stm32f0xx_hal_gpio.o ..\Drivers\STM32F0xx_HAL_Driver\Src\stm32f0xx_hal_gpio.c 
arm-atollic-eabi-gcc -c -mthumb -mcpu=cortex-m0 -std=gnu11 -DUSE_FULL_LL_DRIVER -D__weak=__attribute__((weak)) -D__packed=__attribute__((__packed__)) -DSTM32F051x8 -DUSE_HAL_DRIVER -I../Inc -I../Drivers/STM32F0xx_HAL_Driver/Inc -I../Drivers/CMSIS/Device/ST/STM32F0xx/Include -I../Drivers/CMSIS/Include -I../Drivers/STM32F0xx_HAL_Driver/Inc/Legacy -Og -ffunction-sections -fdata-sections -g -fstack-usage -Wall -specs=nano.specs -o Drivers\STM32F0xx_HAL_Driver\Src\stm32f0xx_hal.o ..\Drivers\STM32F0xx_HAL_Driver\Src\stm32f0xx_hal.c 
arm-atollic-eabi-gcc -c -mthumb -mcpu=cortex-m0 -std=gnu11 -DUSE_FULL_LL_DRIVER -D__weak=__attribute__((weak)) -D__packed=__attribute__((__packed__)) -DSTM32F051x8 -DUSE_HAL_DRIVER -I../Inc -I../Drivers/STM32F0xx_HAL_Driver/Inc -I../Drivers/CMSIS/Device/ST/STM32F0xx/Include -I../Drivers/CMSIS/Include -I../Drivers/STM32F0xx_HAL_Driver/Inc/Legacy -Og -ffunction-sections -fdata-sections -g -fstack-usage -Wall -specs=nano.specs -o Drivers\STM32F0xx_HAL_Driver\Src\stm32f0xx_hal_adc_ex.o ..\Drivers\STM32F0xx_HAL_Driver\Src\stm32f0xx_hal_adc_ex.c 
arm-atollic-eabi-gcc -c -mthumb -mcpu=cortex-m0 -std=gnu11 -DUSE_FULL_LL_DRIVER -D__weak=__attribute__((weak)) -D__packed=__attribute__((__packed__)) -DSTM32F051x8 -DUSE_HAL_DRIVER -I../Inc -I../Drivers/STM32F0xx_HAL_Driver/Inc -I../Drivers/CMSIS/Device/ST/STM32F0xx/Include -I../Drivers/CMSIS/Include -I../Drivers/STM32F0xx_HAL_Driver/Inc/Legacy -Og -ffunction-sections -fdata-sections -g -fstack-usage -Wall -specs=nano.specs -o Src\dma.o ..\Src\dma.c 
arm-atollic-eabi-gcc -c -mthumb -mcpu=cortex-m0 -std=gnu11 -DUSE_FULL_LL_DRIVER -D__weak=__attribute__((weak)) -D__packed=__attribute__((__packed__)) -DSTM32F051x8 -DUSE_HAL_DRIVER -I../Inc -I../Drivers/STM32F0xx_HAL_Driver/Inc -I../Drivers/CMSIS/Device/ST/STM32F0xx/Include -I../Drivers/CMSIS/Include -I../Drivers/STM32F0xx_HAL_Driver/Inc/Legacy -Og -ffunction-sections -fdata-sections -g -fstack-usage -Wall -specs=nano.specs -o Drivers\STM32F0xx_HAL_Driver\Src\stm32f0xx_hal_rcc_ex.o ..\Drivers\STM32F0xx_HAL_Driver\Src\stm32f0xx_hal_rcc_ex.c 
arm-atollic-eabi-gcc -c -mthumb -mcpu=cortex-m0 -std=gnu11 -DUSE_FULL_LL_DRIVER -D__weak=__attribute__((weak)) -D__packed=__attribute__((__packed__)) -DSTM32F051x8 -DUSE_HAL_DRIVER -I../Inc -I../Drivers/STM32F0xx_HAL_Driver/Inc -I../Drivers/CMSIS/Device/ST/STM32F0xx/Include -I../Drivers/CMSIS/Include -I../Drivers/STM32F0xx_HAL_Driver/Inc/Legacy -Og -ffunction-sections -fdata-sections -g -fstack-usage -Wall -specs=nano.specs -o Src\stm32f0xx_it.o ..\Src\stm32f0xx_it.c 
arm-atollic-eabi-gcc -c -mthumb -mcpu=cortex-m0 -std=gnu11 -DUSE_FULL_LL_DRIVER -D__weak=__attribute__((weak)) -D__packed=__attribute__((__packed__)) -DSTM32F051x8 -DUSE_HAL_DRIVER -I../Inc -I../Drivers/STM32F0xx_HAL_Driver/Inc -I../Drivers/CMSIS/Device/ST/STM32F0xx/Include -I../Drivers/CMSIS/Include -I../Drivers/STM32F0xx_HAL_Driver/Inc/Legacy -Og -ffunction-sections -fdata-sections -g -fstack-usage -Wall -specs=nano.specs -o Src\adc.o ..\Src\adc.c 
arm-atollic-eabi-gcc -c -mthumb -mcpu=cortex-m0 -std=gnu11 -DUSE_FULL_LL_DRIVER -D__weak=__attribute__((weak)) -D__packed=__attribute__((__packed__)) -DSTM32F051x8 -DUSE_HAL_DRIVER -I../Inc -I../Drivers/STM32F0xx_HAL_Driver/Inc -I../Drivers/CMSIS/Device/ST/STM32F0xx/Include -I../Drivers/CMSIS/Include -I../Drivers/STM32F0xx_HAL_Driver/Inc/Legacy -Og -ffunction-sections -fdata-sections -g -fstack-usage -Wall -specs=nano.specs -o Drivers\STM32F0xx_HAL_Driver\Src\stm32f0xx_hal_i2c.o ..\Drivers\STM32F0xx_HAL_Driver\Src\stm32f0xx_hal_i2c.c 
arm-atollic-eabi-gcc -c -mthumb -mcpu=cortex-m0 -std=gnu11 -DUSE_FULL_LL_DRIVER -D__weak=__attribute__((weak)) -D__packed=__attribute__((__packed__)) -DSTM32F051x8 -DUSE_HAL_DRIVER -I../Inc -I../Drivers/STM32F0xx_HAL_Driver/Inc -I../Drivers/CMSIS/Device/ST/STM32F0xx/Include -I../Drivers/CMSIS/Include -I../Drivers/STM32F0xx_HAL_Driver/Inc/Legacy -Og -ffunction-sections -fdata-sections -g -fstack-usage -Wall -specs=nano.specs -o Drivers\STM32F0xx_HAL_Driver\Src\stm32f0xx_hal_cortex.o ..\Drivers\STM32F0xx_HAL_Driver\Src\stm32f0xx_hal_cortex.c 
arm-atollic-eabi-gcc -c -mthumb -mcpu=cortex-m0 -std=gnu11 -DUSE_FULL_LL_DRIVER -D__weak=__attribute__((weak)) -D__packed=__attribute__((__packed__)) -DSTM32F051x8 -DUSE_HAL_DRIVER -I../Inc -I../Drivers/STM32F0xx_HAL_Driver/Inc -I../Drivers/CMSIS/Device/ST/STM32F0xx/Include -I../Drivers/CMSIS/Include -I../Drivers/STM32F0xx_HAL_Driver/Inc/Legacy -Og -ffunction-sections -fdata-sections -g -fstack-usage -Wall -specs=nano.specs -o Src\main.o ..\Src\main.c 
arm-atollic-eabi-gcc -o PWMGEN_STM32F051_LL.elf Drivers\STM32F0xx_HAL_Driver\Src\stm32f0xx_hal.o Drivers\STM32F0xx_HAL_Driver\Src\stm32f0xx_hal_adc.o Drivers\STM32F0xx_HAL_Driver\Src\stm32f0xx_hal_adc_ex.o Drivers\STM32F0xx_HAL_Driver\Src\stm32f0xx_hal_cortex.o Drivers\STM32F0xx_HAL_Driver\Src\stm32f0xx_hal_dma.o Drivers\STM32F0xx_HAL_Driver\Src\stm32f0xx_hal_flash.o Drivers\STM32F0xx_HAL_Driver\Src\stm32f0xx_hal_flash_ex.o Drivers\STM32F0xx_HAL_Driver\Src\stm32f0xx_hal_gpio.o Drivers\STM32F0xx_HAL_Driver\Src\stm32f0xx_hal_i2c.o Drivers\STM32F0xx_HAL_Driver\Src\stm32f0xx_hal_i2c_ex.o Drivers\STM32F0xx_HAL_Driver\Src\stm32f0xx_hal_pwr.o Drivers\STM32F0xx_HAL_Driver\Src\stm32f0xx_hal_pwr_ex.o Drivers\STM32F0xx_HAL_Driver\Src\stm32f0xx_hal_rcc.o Drivers\STM32F0xx_HAL_Driver\Src\stm32f0xx_hal_rcc_ex.o Drivers\STM32F0xx_HAL_Driver\Src\stm32f0xx_hal_tim.o Drivers\STM32F0xx_HAL_Driver\Src\stm32f0xx_hal_tim_ex.o Drivers\STM32F0xx_HAL_Driver\Src\stm32f0xx_ll_dma.o Drivers\STM32F0xx_HAL_Driver\Src\stm32f0xx_ll_exti.o Drivers\STM32F0xx_HAL_Driver\Src\stm32f0xx_ll_gpio.o Drivers\STM32F0xx_HAL_Driver\Src\stm32f0xx_ll_rcc.o Drivers\STM32F0xx_HAL_Driver\Src\stm32f0xx_ll_tim.o Drivers\STM32F0xx_HAL_Driver\Src\stm32f0xx_ll_utils.o Src\adc.o Src\dma.o Src\gpio.o Src\main.o Src\stm32f0xx_hal_msp.o Src\stm32f0xx_it.o Src\syscalls.o Src\system_stm32f0xx.o Src\tim.o startup\startup_stm32f051x8.o -mthumb -mcpu=cortex-m0 -T../STM32F051K8_FLASH.ld -specs=nosys.specs -static -Wl,-Map=PWMGEN_STM32F051_LL.map -Wl,--gc-sections -Wl,--defsym=malloc_getpagesize_P=0x80 -Wl,--start-group -lc -lm -Wl,--end-group -specs=nano.specs 
H:\Programs\TrueSTUDIO for STM32 9.2.0\ide\jre\bin\java -jar H:\Programs\TrueSTUDIO for STM32 9.2.0\Tools\arm-atollic-reports.jar sizeinfo list PWMGEN_STM32F051_LL.elf 
Generate build reports...
Print size information
   text	   data	    bss	    dec	    hex	filename
  10308	     16	   1748	  12072	   2f28	PWMGEN_STM32F051_LL.elf
Print size information done
Generate listing file
Output sent to: PWMGEN_STM32F051_LL.list
Generate listing file done
Generate build reports done
arm-atollic-eabi-objcopy.exe -O ihex PWMGEN_STM32F051_LL.elf PWMGEN_STM32F051_LL.hex 
01:36:15 **** Incremental Build of configuration Debug for project PWMGEN_STM32F051_LL ****
Info: Internal Builder is used for build
arm-atollic-eabi-gcc -c -mthumb -mcpu=cortex-m0 -std=gnu11 -DUSE_FULL_LL_DRIVER -D__weak=__attribute__((weak)) -D__packed=__attribute__((__packed__)) -DSTM32F051x8 -DUSE_HAL_DRIVER -I../Inc -I../Drivers/STM32F0xx_HAL_Driver/Inc -I../Drivers/CMSIS/Device/ST/STM32F0xx/Include -I../Drivers/CMSIS/Include -I../Drivers/STM32F0xx_HAL_Driver/Inc/Legacy -Og -ffunction-sections -fdata-sections -g -fstack-usage -Wall -specs=nano.specs -o Drivers\STM32F0xx_HAL_Driver\Src\stm32f0xx_hal_pwr.o ..\Drivers\STM32F0xx_HAL_Driver\Src\stm32f0xx_hal_pwr.c 
arm-atollic-eabi-gcc -c -mthumb -mcpu=cortex-m0 -std=gnu11 -DUSE_FULL_LL_DRIVER -D__weak=__attribute__((weak)) -D__packed=__attribute__((__packed__)) -DSTM32F051x8 -DUSE_HAL_DRIVER -I../Inc -I../Drivers/STM32F0xx_HAL_Driver/Inc -I../Drivers/CMSIS/Device/ST/STM32F0xx/Include -I../Drivers/CMSIS/Include -I../Drivers/STM32F0xx_HAL_Driver/Inc/Legacy -Og -ffunction-sections -fdata-sections -g -fstack-usage -Wall -specs=nano.specs -o Drivers\STM32F0xx_HAL_Driver\Src\stm32f0xx_hal_pwr_ex.o ..\Drivers\STM32F0xx_HAL_Driver\Src\stm32f0xx_hal_pwr_ex.c 
arm-atollic-eabi-gcc -c -mthumb -mcpu=cortex-m0 -std=gnu11 -DUSE_FULL_LL_DRIVER -D__weak=__attribute__((weak)) -D__packed=__attribute__((__packed__)) -DSTM32F051x8 -DUSE_HAL_DRIVER -I../Inc -I../Drivers/STM32F0xx_HAL_Driver/Inc -I../Drivers/CMSIS/Device/ST/STM32F0xx/Include -I../Drivers/CMSIS/Include -I../Drivers/STM32F0xx_HAL_Driver/Inc/Legacy -Og -ffunction-sections -fdata-sections -g -fstack-usage -Wall -specs=nano.specs -o Drivers\STM32F0xx_HAL_Driver\Src\stm32f0xx_hal_cortex.o ..\Drivers\STM32F0xx_HAL_Driver\Src\stm32f0xx_hal_cortex.c 
arm-atollic-eabi-gcc -c -mthumb -mcpu=cortex-m0 -std=gnu11 -DUSE_FULL_LL_DRIVER -D__weak=__attribute__((weak)) -D__packed=__attribute__((__packed__)) -DSTM32F051x8 -DUSE_HAL_DRIVER -I../Inc -I../Drivers/STM32F0xx_HAL_Driver/Inc -I../Drivers/CMSIS/Device/ST/STM32F0xx/Include -I../Drivers/CMSIS/Include -I../Drivers/STM32F0xx_HAL_Driver/Inc/Legacy -Og -ffunction-sections -fdata-sections -g -fstack-usage -Wall -specs=nano.specs -o Drivers\STM32F0xx_HAL_Driver\Src\stm32f0xx_hal_tim_ex.o ..\Drivers\STM32F0xx_HAL_Driver\Src\stm32f0xx_hal_tim_ex.c 
arm-atollic-eabi-gcc -c -mthumb -mcpu=cortex-m0 -std=gnu11 -DUSE_FULL_LL_DRIVER -D__weak=__attribute__((weak)) -D__packed=__attribute__((__packed__)) -DSTM32F051x8 -DUSE_HAL_DRIVER -I../Inc -I../Drivers/STM32F0xx_HAL_Driver/Inc -I../Drivers/CMSIS/Device/ST/STM32F0xx/Include -I../Drivers/CMSIS/Include -I../Drivers/STM32F0xx_HAL_Driver/Inc/Legacy -Og -ffunction-sections -fdata-sections -g -fstack-usage -Wall -specs=nano.specs -o Drivers\STM32F0xx_HAL_Driver\Src\stm32f0xx_hal_adc.o ..\Drivers\STM32F0xx_HAL_Driver\Src\stm32f0xx_hal_adc.c 
arm-atollic-eabi-gcc -c -mthumb -mcpu=cortex-m0 -std=gnu11 -DUSE_FULL_LL_DRIVER -D__weak=__attribute__((weak)) -D__packed=__attribute__((__packed__)) -DSTM32F051x8 -DUSE_HAL_DRIVER -I../Inc -I../Drivers/STM32F0xx_HAL_Driver/Inc -I../Drivers/CMSIS/Device/ST/STM32F0xx/Include -I../Drivers/CMSIS/Include -I../Drivers/STM32F0xx_HAL_Driver/Inc/Legacy -Og -ffunction-sections -fdata-sections -g -fstack-usage -Wall -specs=nano.specs -o Src\stm32f0xx_hal_msp.o ..\Src\stm32f0xx_hal_msp.c 
arm-atollic-eabi-gcc -c -mthumb -mcpu=cortex-m0 -std=gnu11 -DUSE_FULL_LL_DRIVER -D__weak=__attribute__((weak)) -D__packed=__attribute__((__packed__)) -DSTM32F051x8 -DUSE_HAL_DRIVER -I../Inc -I../Drivers/STM32F0xx_HAL_Driver/Inc -I../Drivers/CMSIS/Device/ST/STM32F0xx/Include -I../Drivers/CMSIS/Include -I../Drivers/STM32F0xx_HAL_Driver/Inc/Legacy -Og -ffunction-sections -fdata-sections -g -fstack-usage -Wall -specs=nano.specs -o Drivers\STM32F0xx_HAL_Driver\Src\stm32f0xx_hal_rcc.o ..\Drivers\STM32F0xx_HAL_Driver\Src\stm32f0xx_hal_rcc.c 
arm-atollic-eabi-gcc -c -mthumb -mcpu=cortex-m0 -std=gnu11 -DUSE_FULL_LL_DRIVER -D__weak=__attribute__((weak)) -D__packed=__attribute__((__packed__)) -DSTM32F051x8 -DUSE_HAL_DRIVER -I../Inc -I../Drivers/STM32F0xx_HAL_Driver/Inc -I../Drivers/CMSIS/Device/ST/STM32F0xx/Include -I../Drivers/CMSIS/Include -I../Drivers/STM32F0xx_HAL_Driver/Inc/Legacy -Og -ffunction-sections -fdata-sections -g -fstack-usage -Wall -specs=nano.specs -o Drivers\STM32F0xx_HAL_Driver\Src\stm32f0xx_hal_adc_ex.o ..\Drivers\STM32F0xx_HAL_Driver\Src\stm32f0xx_hal_adc_ex.c 
arm-atollic-eabi-gcc -c -mthumb -mcpu=cortex-m0 -std=gnu11 -DUSE_FULL_LL_DRIVER -D__weak=__attribute__((weak)) -D__packed=__attribute__((__packed__)) -DSTM32F051x8 -DUSE_HAL_DRIVER -I../Inc -I../Drivers/STM32F0xx_HAL_Driver/Inc -I../Drivers/CMSIS/Device/ST/STM32F0xx/Include -I../Drivers/CMSIS/Include -I../Drivers/STM32F0xx_HAL_Driver/Inc/Legacy -Og -ffunction-sections -fdata-sections -g -fstack-usage -Wall -specs=nano.specs -o Src\adc.o ..\Src\adc.c 
arm-atollic-eabi-gcc -c -mthumb -mcpu=cortex-m0 -std=gnu11 -DUSE_FULL_LL_DRIVER -D__weak=__attribute__((weak)) -D__packed=__attribute__((__packed__)) -DSTM32F051x8 -DUSE_HAL_DRIVER -I../Inc -I../Drivers/STM32F0xx_HAL_Driver/Inc -I../Drivers/CMSIS/Device/ST/STM32F0xx/Include -I../Drivers/CMSIS/Include -I../Drivers/STM32F0xx_HAL_Driver/Inc/Legacy -Og -ffunction-sections -fdata-sections -g -fstack-usage -Wall -specs=nano.specs -o Drivers\STM32F0xx_HAL_Driver\Src\stm32f0xx_hal.o ..\Drivers\STM32F0xx_HAL_Driver\Src\stm32f0xx_hal.c 
arm-atollic-eabi-gcc -c -mthumb -mcpu=cortex-m0 -std=gnu11 -DUSE_FULL_LL_DRIVER -D__weak=__attribute__((weak)) -D__packed=__attribute__((__packed__)) -DSTM32F051x8 -DUSE_HAL_DRIVER -I../Inc -I../Drivers/STM32F0xx_HAL_Driver/Inc -I../Drivers/CMSIS/Device/ST/STM32F0xx/Include -I../Drivers/CMSIS/Include -I../Drivers/STM32F0xx_HAL_Driver/Inc/Legacy -Og -ffunction-sections -fdata-sections -g -fstack-usage -Wall -specs=nano.specs -o Drivers\STM32F0xx_HAL_Driver\Src\stm32f0xx_hal_gpio.o ..\Drivers\STM32F0xx_HAL_Driver\Src\stm32f0xx_hal_gpio.c 
arm-atollic-eabi-gcc -c -mthumb -mcpu=cortex-m0 -std=gnu11 -DUSE_FULL_LL_DRIVER -D__weak=__attribute__((weak)) -D__packed=__attribute__((__packed__)) -DSTM32F051x8 -DUSE_HAL_DRIVER -I../Inc -I../Drivers/STM32F0xx_HAL_Driver/Inc -I../Drivers/CMSIS/Device/ST/STM32F0xx/Include -I../Drivers/CMSIS/Include -I../Drivers/STM32F0xx_HAL_Driver/Inc/Legacy -Og -ffunction-sections -fdata-sections -g -fstack-usage -Wall -specs=nano.specs -o Drivers\STM32F0xx_HAL_Driver\Src\stm32f0xx_hal_i2c.o ..\Drivers\STM32F0xx_HAL_Driver\Src\stm32f0xx_hal_i2c.c 
arm-atollic-eabi-gcc -c -mthumb -mcpu=cortex-m0 -std=gnu11 -DUSE_FULL_LL_DRIVER -D__weak=__attribute__((weak)) -D__packed=__attribute__((__packed__)) -DSTM32F051x8 -DUSE_HAL_DRIVER -I../Inc -I../Drivers/STM32F0xx_HAL_Driver/Inc -I../Drivers/CMSIS/Device/ST/STM32F0xx/Include -I../Drivers/CMSIS/Include -I../Drivers/STM32F0xx_HAL_Driver/Inc/Legacy -Og -ffunction-sections -fdata-sections -g -fstack-usage -Wall -specs=nano.specs -o Drivers\STM32F0xx_HAL_Driver\Src\stm32f0xx_hal_i2c_ex.o ..\Drivers\STM32F0xx_HAL_Driver\Src\stm32f0xx_hal_i2c_ex.c 
arm-atollic-eabi-gcc -c -mthumb -mcpu=cortex-m0 -std=gnu11 -DUSE_FULL_LL_DRIVER -D__weak=__attribute__((weak)) -D__packed=__attribute__((__packed__)) -DSTM32F051x8 -DUSE_HAL_DRIVER -I../Inc -I../Drivers/STM32F0xx_HAL_Driver/Inc -I../Drivers/CMSIS/Device/ST/STM32F0xx/Include -I../Drivers/CMSIS/Include -I../Drivers/STM32F0xx_HAL_Driver/Inc/Legacy -Og -ffunction-sections -fdata-sections -g -fstack-usage -Wall -specs=nano.specs -o Drivers\STM32F0xx_HAL_Driver\Src\stm32f0xx_hal_flash.o ..\Drivers\STM32F0xx_HAL_Driver\Src\stm32f0xx_hal_flash.c 
arm-atollic-eabi-gcc -c -mthumb -mcpu=cortex-m0 -std=gnu11 -DUSE_FULL_LL_DRIVER -D__weak=__attribute__((weak)) -D__packed=__attribute__((__packed__)) -DSTM32F051x8 -DUSE_HAL_DRIVER -I../Inc -I../Drivers/STM32F0xx_HAL_Driver/Inc -I../Drivers/CMSIS/Device/ST/STM32F0xx/Include -I../Drivers/CMSIS/Include -I../Drivers/STM32F0xx_HAL_Driver/Inc/Legacy -Og -ffunction-sections -fdata-sections -g -fstack-usage -Wall -specs=nano.specs -o Drivers\STM32F0xx_HAL_Driver\Src\stm32f0xx_hal_flash_ex.o ..\Drivers\STM32F0xx_HAL_Driver\Src\stm32f0xx_hal_flash_ex.c 
arm-atollic-eabi-gcc -c -mthumb -mcpu=cortex-m0 -std=gnu11 -DUSE_FULL_LL_DRIVER -D__weak=__attribute__((weak)) -D__packed=__attribute__((__packed__)) -DSTM32F051x8 -DUSE_HAL_DRIVER -I../Inc -I../Drivers/STM32F0xx_HAL_Driver/Inc -I../Drivers/CMSIS/Device/ST/STM32F0xx/Include -I../Drivers/CMSIS/Include -I../Drivers/STM32F0xx_HAL_Driver/Inc/Legacy -Og -ffunction-sections -fdata-sections -g -fstack-usage -Wall -specs=nano.specs -o Drivers\STM32F0xx_HAL_Driver\Src\stm32f0xx_hal_rcc_ex.o ..\Drivers\STM32F0xx_HAL_Driver\Src\stm32f0xx_hal_rcc_ex.c 
arm-atollic-eabi-gcc -c -mthumb -mcpu=cortex-m0 -std=gnu11 -DUSE_FULL_LL_DRIVER -D__weak=__attribute__((weak)) -D__packed=__attribute__((__packed__)) -DSTM32F051x8 -DUSE_HAL_DRIVER -I../Inc -I../Drivers/STM32F0xx_HAL_Driver/Inc -I../Drivers/CMSIS/Device/ST/STM32F0xx/Include -I../Drivers/CMSIS/Include -I../Drivers/STM32F0xx_HAL_Driver/Inc/Legacy -Og -ffunction-sections -fdata-sections -g -fstack-usage -Wall -specs=nano.specs -o Drivers\STM32F0xx_HAL_Driver\Src\stm32f0xx_hal_tim.o ..\Drivers\STM32F0xx_HAL_Driver\Src\stm32f0xx_hal_tim.c 
arm-atollic-eabi-gcc -c -mthumb -mcpu=cortex-m0 -std=gnu11 -DUSE_FULL_LL_DRIVER -D__weak=__attribute__((weak)) -D__packed=__attribute__((__packed__)) -DSTM32F051x8 -DUSE_HAL_DRIVER -I../Inc -I../Drivers/STM32F0xx_HAL_Driver/Inc -I../Drivers/CMSIS/Device/ST/STM32F0xx/Include -I../Drivers/CMSIS/Include -I../Drivers/STM32F0xx_HAL_Driver/Inc/Legacy -Og -ffunction-sections -fdata-sections -g -fstack-usage -Wall -specs=nano.specs -o Src\gpio.o ..\Src\gpio.c 
arm-atollic-eabi-gcc -c -mthumb -mcpu=cortex-m0 -std=gnu11 -DUSE_FULL_LL_DRIVER -D__weak=__attribute__((weak)) -D__packed=__attribute__((__packed__)) -DSTM32F051x8 -DUSE_HAL_DRIVER -I../Inc -I../Drivers/STM32F0xx_HAL_Driver/Inc -I../Drivers/CMSIS/Device/ST/STM32F0xx/Include -I../Drivers/CMSIS/Include -I../Drivers/STM32F0xx_HAL_Driver/Inc/Legacy -Og -ffunction-sections -fdata-sections -g -fstack-usage -Wall -specs=nano.specs -o Src\stm32f0xx_it.o ..\Src\stm32f0xx_it.c 
arm-atollic-eabi-gcc -c -mthumb -mcpu=cortex-m0 -std=gnu11 -DUSE_FULL_LL_DRIVER -D__weak=__attribute__((weak)) -D__packed=__attribute__((__packed__)) -DSTM32F051x8 -DUSE_HAL_DRIVER -I../Inc -I../Drivers/STM32F0xx_HAL_Driver/Inc -I../Drivers/CMSIS/Device/ST/STM32F0xx/Include -I../Drivers/CMSIS/Include -I../Drivers/STM32F0xx_HAL_Driver/Inc/Legacy -Og -ffunction-sections -fdata-sections -g -fstack-usage -Wall -specs=nano.specs -o Src\main.o ..\Src\main.c 
arm-atollic-eabi-gcc -c -mthumb -mcpu=cortex-m0 -std=gnu11 -DUSE_FULL_LL_DRIVER -D__weak=__attribute__((weak)) -D__packed=__attribute__((__packed__)) -DSTM32F051x8 -DUSE_HAL_DRIVER -I../Inc -I../Drivers/STM32F0xx_HAL_Driver/Inc -I../Drivers/CMSIS/Device/ST/STM32F0xx/Include -I../Drivers/CMSIS/Include -I../Drivers/STM32F0xx_HAL_Driver/Inc/Legacy -Og -ffunction-sections -fdata-sections -g -fstack-usage -Wall -specs=nano.specs -o Drivers\STM32F0xx_HAL_Driver\Src\stm32f0xx_hal_dma.o ..\Drivers\STM32F0xx_HAL_Driver\Src\stm32f0xx_hal_dma.c 
arm-atollic-eabi-gcc -c -mthumb -mcpu=cortex-m0 -std=gnu11 -DUSE_FULL_LL_DRIVER -D__weak=__attribute__((weak)) -D__packed=__attribute__((__packed__)) -DSTM32F051x8 -DUSE_HAL_DRIVER -I../Inc -I../Drivers/STM32F0xx_HAL_Driver/Inc -I../Drivers/CMSIS/Device/ST/STM32F0xx/Include -I../Drivers/CMSIS/Include -I../Drivers/STM32F0xx_HAL_Driver/Inc/Legacy -Og -ffunction-sections -fdata-sections -g -fstack-usage -Wall -specs=nano.specs -o Src\tim.o ..\Src\tim.c 
[...]
arm-atollic-eabi-gcc -c -mthumb -mcpu=cortex-m0 -std=gnu11 -DUSE_FULL_LL_DRIVER -D__weak=__attribute__((weak)) -D__packed=__attribute__((__packed__)) -DSTM32F051x8 -DUSE_HAL_DRIVER -I../Inc -I../Drivers/STM32F0xx_HAL_Driver/Inc -I../Drivers/CMSIS/Device/ST/STM32F0xx/Include -I../Drivers/CMSIS/Include -I../Drivers/STM32F0xx_HAL_Driver/Inc/Legacy -Og -ffunction-sections -fdata-sections -g -fstack-usage -Wall -specs=nano.specs -o Src\main.o ..\Src\main.c 
arm-atollic-eabi-gcc -o PWMGEN_STM32F051_LL.elf Drivers\STM32F0xx_HAL_Driver\Src\stm32f0xx_hal.o Drivers\STM32F0xx_HAL_Driver\Src\stm32f0xx_hal_adc.o Drivers\STM32F0xx_HAL_Driver\Src\stm32f0xx_hal_adc_ex.o Drivers\STM32F0xx_HAL_Driver\Src\stm32f0xx_hal_cortex.o Drivers\STM32F0xx_HAL_Driver\Src\stm32f0xx_hal_dma.o Drivers\STM32F0xx_HAL_Driver\Src\stm32f0xx_hal_flash.o Drivers\STM32F0xx_HAL_Driver\Src\stm32f0xx_hal_flash_ex.o Drivers\STM32F0xx_HAL_Driver\Src\stm32f0xx_hal_gpio.o Drivers\STM32F0xx_HAL_Driver\Src\stm32f0xx_hal_i2c.o Drivers\STM32F0xx_HAL_Driver\Src\stm32f0xx_hal_i2c_ex.o Drivers\STM32F0xx_HAL_Driver\Src\stm32f0xx_hal_pwr.o Drivers\STM32F0xx_HAL_Driver\Src\stm32f0xx_hal_pwr_ex.o Drivers\STM32F0xx_HAL_Driver\Src\stm32f0xx_hal_rcc.o Drivers\STM32F0xx_HAL_Driver\Src\stm32f0xx_hal_rcc_ex.o Drivers\STM32F0xx_HAL_Driver\Src\stm32f0xx_hal_tim.o Drivers\STM32F0xx_HAL_Driver\Src\stm32f0xx_hal_tim_ex.o Drivers\STM32F0xx_HAL_Driver\Src\stm32f0xx_ll_dma.o Drivers\STM32F0xx_HAL_Driver\Src\stm32f0xx_ll_exti.o Drivers\STM32F0xx_HAL_Driver\Src\stm32f0xx_ll_gpio.o Drivers\STM32F0xx_HAL_Driver\Src\stm32f0xx_ll_rcc.o Drivers\STM32F0xx_HAL_Driver\Src\stm32f0xx_ll_tim.o Drivers\STM32F0xx_HAL_Driver\Src\stm32f0xx_ll_utils.o Src\adc.o Src\dma.o Src\gpio.o Src\main.o Src\stm32f0xx_hal_msp.o Src\stm32f0xx_it.o Src\syscalls.o Src\system_stm32f0xx.o Src\tim.o startup\startup_stm32f051x8.o -mthumb -mcpu=cortex-m0 -T../STM32F051K8_FLASH.ld -specs=nosys.specs -static -Wl,-Map=PWMGEN_STM32F051_LL.map -Wl,--gc-sections -Wl,--defsym=malloc_getpagesize_P=0x80 -Wl,--start-group -lc -lm -Wl,--end-group -specs=nano.specs 
H:\Programs\TrueSTUDIO for STM32 9.2.0\ide\jre\bin\java -jar H:\Programs\TrueSTUDIO for STM32 9.2.0\Tools\arm-atollic-reports.jar sizeinfo list PWMGEN_STM32F051_LL.elf 
Generate build reports...
Print size information
   text	   data	    bss	    dec	    hex	filename
  11148	     16	   1812	  12976	   32b0	PWMGEN_STM32F051_LL.elf
Print size information done
Generate listing file
Output sent to: PWMGEN_STM32F051_LL.list
Generate listing file done
Generate build reports done
arm-atollic-eabi-objcopy.exe -O ihex PWMGEN_STM32F051_LL.elf PWMGEN_STM32F051_LL.hex 
01:44:43 **** Incremental Build of configuration Debug for project PWMGEN_STM32F051_LL ****
Info: Internal Builder is used for build
arm-atollic-eabi-gcc -c -mthumb -mcpu=cortex-m0 -std=gnu11 -DUSE_FULL_LL_DRIVER -D__weak=__attribute__((weak)) -D__packed=__attribute__((__packed__)) -DSTM32F051x8 -DUSE_HAL_DRIVER -I../Inc -I../Drivers/STM32F0xx_HAL_Driver/Inc -I../Drivers/CMSIS/Device/ST/STM32F0xx/Include -I../Drivers/CMSIS/Include -I../Drivers/STM32F0xx_HAL_Driver/Inc/Legacy -Og -ffunction-sections -fdata-sections -g -fstack-usage -Wall -specs=nano.specs -o Src\main.o ..\Src\main.c 
arm-atollic-eabi-gcc -o PWMGEN_STM32F051_LL.elf Drivers\STM32F0xx_HAL_Driver\Src\stm32f0xx_hal.o Drivers\STM32F0xx_HAL_Driver\Src\stm32f0xx_hal_adc.o Drivers\STM32F0xx_HAL_Driver\Src\stm32f0xx_hal_adc_ex.o Drivers\STM32F0xx_HAL_Driver\Src\stm32f0xx_hal_cortex.o Drivers\STM32F0xx_HAL_Driver\Src\stm32f0xx_hal_dma.o Drivers\STM32F0xx_HAL_Driver\Src\stm32f0xx_hal_flash.o Drivers\STM32F0xx_HAL_Driver\Src\stm32f0xx_hal_flash_ex.o Drivers\STM32F0xx_HAL_Driver\Src\stm32f0xx_hal_gpio.o Drivers\STM32F0xx_HAL_Driver\Src\stm32f0xx_hal_i2c.o Drivers\STM32F0xx_HAL_Driver\Src\stm32f0xx_hal_i2c_ex.o Drivers\STM32F0xx_HAL_Driver\Src\stm32f0xx_hal_pwr.o Drivers\STM32F0xx_HAL_Driver\Src\stm32f0xx_hal_pwr_ex.o Drivers\STM32F0xx_HAL_Driver\Src\stm32f0xx_hal_rcc.o Drivers\STM32F0xx_HAL_Driver\Src\stm32f0xx_hal_rcc_ex.o Drivers\STM32F0xx_HAL_Driver\Src\stm32f0xx_hal_tim.o Drivers\STM32F0xx_HAL_Driver\Src\stm32f0xx_hal_tim_ex.o Drivers\STM32F0xx_HAL_Driver\Src\stm32f0xx_ll_dma.o Drivers\STM32F0xx_HAL_Driver\Src\stm32f0xx_ll_exti.o Drivers\STM32F0xx_HAL_Driver\Src\stm32f0xx_ll_gpio.o Drivers\STM32F0xx_HAL_Driver\Src\stm32f0xx_ll_rcc.o Drivers\STM32F0xx_HAL_Driver\Src\stm32f0xx_ll_tim.o Drivers\STM32F0xx_HAL_Driver\Src\stm32f0xx_ll_utils.o Src\adc.o Src\dma.o Src\gpio.o Src\main.o Src\stm32f0xx_hal_msp.o Src\stm32f0xx_it.o Src\syscalls.o Src\system_stm32f0xx.o Src\tim.o startup\startup_stm32f051x8.o -mthumb -mcpu=cortex-m0 -T../STM32F051K8_FLASH.ld -specs=nosys.specs -static -Wl,-Map=PWMGEN_STM32F051_LL.map -Wl,--gc-sections -Wl,--defsym=malloc_getpagesize_P=0x80 -Wl,--start-group -lc -lm -Wl,--end-group -specs=nano.specs 
H:\Programs\TrueSTUDIO for STM32 9.2.0\ide\jre\bin\java -jar H:\Programs\TrueSTUDIO for STM32 9.2.0\Tools\arm-atollic-reports.jar sizeinfo list PWMGEN_STM32F051_LL.elf 
Generate build reports...
Print size information
   text	   data	    bss	    dec	    hex	filename
  11128	     16	   1812	  12956	   329c	PWMGEN_STM32F051_LL.elf
Print size information done
Generate listing file
Output sent to: PWMGEN_STM32F051_LL.list
Generate listing file done
Generate build reports done
arm-atollic-eabi-objcopy.exe -O ihex PWMGEN_STM32F051_LL.elf PWMGEN_STM32F051_LL.hex 
01:45:27 **** Incremental Build of configuration Debug for project PWMGEN_STM32F051_LL ****
Info: Internal Builder is used for build
arm-atollic-eabi-gcc -c -mthumb -mcpu=cortex-m0 -std=gnu11 -DUSE_FULL_LL_DRIVER -D__weak=__attribute__((weak)) -D__packed=__attribute__((__packed__)) -DSTM32F051x8 -DUSE_HAL_DRIVER -I../Inc -I../Drivers/STM32F0xx_HAL_Driver/Inc -I../Drivers/CMSIS/Device/ST/STM32F0xx/Include -I../Drivers/CMSIS/Include -I../Drivers/STM32F0xx_HAL_Driver/Inc/Legacy -Og -ffunction-sections -fdata-sections -g -fstack-usage -Wall -specs=nano.specs -o Drivers\STM32F0xx_HAL_Driver\Src\stm32f0xx_hal_i2c.o ..\Drivers\STM32F0xx_HAL_Driver\Src\stm32f0xx_hal_i2c.c 
arm-atollic-eabi-gcc -c -mthumb -mcpu=cortex-m0 -std=gnu11 -DUSE_FULL_LL_DRIVER -D__weak=__attribute__((weak)) -D__packed=__attribute__((__packed__)) -DSTM32F051x8 -DUSE_HAL_DRIVER -I../Inc -I../Drivers/STM32F0xx_HAL_Driver/Inc -I../Drivers/CMSIS/Device/ST/STM32F0xx/Include -I../Drivers/CMSIS/Include -I../Drivers/STM32F0xx_HAL_Driver/Inc/Legacy -Og -ffunction-sections -fdata-sections -g -fstack-usage -Wall -specs=nano.specs -o Drivers\STM32F0xx_HAL_Driver\Src\stm32f0xx_hal_cortex.o ..\Drivers\STM32F0xx_HAL_Driver\Src\stm32f0xx_hal_cortex.c 
arm-atollic-eabi-gcc -c -mthumb -mcpu=cortex-m0 -std=gnu11 -DUSE_FULL_LL_DRIVER -D__weak=__attribute__((weak)) -D__packed=__attribute__((__packed__)) -DSTM32F051x8 -DUSE_HAL_DRIVER -I../Inc -I../Drivers/STM32F0xx_HAL_Driver/Inc -I../Drivers/CMSIS/Device/ST/STM32F0xx/Include -I../Drivers/CMSIS/Include -I../Drivers/STM32F0xx_HAL_Driver/Inc/Legacy -Og -ffunction-sections -fdata-sections -g -fstack-usage -Wall -specs=nano.specs -o Drivers\STM32F0xx_HAL_Driver\Src\stm32f0xx_hal_rcc.o ..\Drivers\STM32F0xx_HAL_Driver\Src\stm32f0xx_hal_rcc.c 
arm-atollic-eabi-gcc -c -mthumb -mcpu=cortex-m0 -std=gnu11 -DUSE_FULL_LL_DRIVER -D__weak=__attribute__((weak)) -D__packed=__attribute__((__packed__)) -DSTM32F051x8 -DUSE_HAL_DRIVER -I../Inc -I../Drivers/STM32F0xx_HAL_Driver/Inc -I../Drivers/CMSIS/Device/ST/STM32F0xx/Include -I../Drivers/CMSIS/Include -I../Drivers/STM32F0xx_HAL_Driver/Inc/Legacy -Og -ffunction-sections -fdata-sections -g -fstack-usage -Wall -specs=nano.specs -o Drivers\STM32F0xx_HAL_Driver\Src\stm32f0xx_hal_rcc_ex.o ..\Drivers\STM32F0xx_HAL_Driver\Src\stm32f0xx_hal_rcc_ex.c 
arm-atollic-eabi-gcc -c -mthumb -mcpu=cortex-m0 -std=gnu11 -DUSE_FULL_LL_DRIVER -D__weak=__attribute__((weak)) -D__packed=__attribute__((__packed__)) -DSTM32F051x8 -DUSE_HAL_DRIVER -I../Inc -I../Drivers/STM32F0xx_HAL_Driver/Inc -I../Drivers/CMSIS/Device/ST/STM32F0xx/Include -I../Drivers/CMSIS/Include -I../Drivers/STM32F0xx_HAL_Driver/Inc/Legacy -Og -ffunction-sections -fdata-sections -g -fstack-usage -Wall -specs=nano.specs -o Src\stm32f0xx_it.o ..\Src\stm32f0xx_it.c 
arm-atollic-eabi-gcc -c -mthumb -mcpu=cortex-m0 -std=gnu11 -DUSE_FULL_LL_DRIVER -D__weak=__attribute__((weak)) -D__packed=__attribute__((__packed__)) -DSTM32F051x8 -DUSE_HAL_DRIVER -I../Inc -I../Drivers/STM32F0xx_HAL_Driver/Inc -I../Drivers/CMSIS/Device/ST/STM32F0xx/Include -I../Drivers/CMSIS/Include -I../Drivers/STM32F0xx_HAL_Driver/Inc/Legacy -Og -ffunction-sections -fdata-sections -g -fstack-usage -Wall -specs=nano.specs -o Src\adc.o ..\Src\adc.c 
arm-atollic-eabi-gcc -c -mthumb -mcpu=cortex-m0 -std=gnu11 -DUSE_FULL_LL_DRIVER -D__weak=__attribute__((weak)) -D__packed=__attribute__((__packed__)) -DSTM32F051x8 -DUSE_HAL_DRIVER -I../Inc -I../Drivers/STM32F0xx_HAL_Driver/Inc -I../Drivers/CMSIS/Device/ST/STM32F0xx/Include -I../Drivers/CMSIS/Include -I../Drivers/STM32F0xx_HAL_Driver/Inc/Legacy -Og -ffunction-sections -fdata-sections -g -fstack-usage -Wall -specs=nano.specs -o Drivers\STM32F0xx_HAL_Driver\Src\stm32f0xx_hal_gpio.o ..\Drivers\STM32F0xx_HAL_Driver\Src\stm32f0xx_hal_gpio.c 
arm-atollic-eabi-gcc -c -mthumb -mcpu=cortex-m0 -std=gnu11 -DUSE_FULL_LL_DRIVER -D__weak=__attribute__((weak)) -D__packed=__attribute__((__packed__)) -DSTM32F051x8 -DUSE_HAL_DRIVER -I../Inc -I../Drivers/STM32F0xx_HAL_Driver/Inc -I../Drivers/CMSIS/Device/ST/STM32F0xx/Include -I../Drivers/CMSIS/Include -I../Drivers/STM32F0xx_HAL_Driver/Inc/Legacy -Og -ffunction-sections -fdata-sections -g -fstack-usage -Wall -specs=nano.specs -o Src\main.o ..\Src\main.c 
arm-atollic-eabi-gcc -c -mthumb -mcpu=cortex-m0 -std=gnu11 -DUSE_FULL_LL_DRIVER -D__weak=__attribute__((weak)) -D__packed=__attribute__((__packed__)) -DSTM32F051x8 -DUSE_HAL_DRIVER -I../Inc -I../Drivers/STM32F0xx_HAL_Driver/Inc -I../Drivers/CMSIS/Device/ST/STM32F0xx/Include -I../Drivers/CMSIS/Include -I../Drivers/STM32F0xx_HAL_Driver/Inc/Legacy -Og -ffunction-sections -fdata-sections -g -fstack-usage -Wall -specs=nano.specs -o Drivers\STM32F0xx_HAL_Driver\Src\stm32f0xx_hal_pwr_ex.o ..\Drivers\STM32F0xx_HAL_Driver\Src\stm32f0xx_hal_pwr_ex.c 
arm-atollic-eabi-gcc -c -mthumb -mcpu=cortex-m0 -std=gnu11 -DUSE_FULL_LL_DRIVER -D__weak=__attribute__((weak)) -D__packed=__attribute__((__packed__)) -DSTM32F051x8 -DUSE_HAL_DRIVER -I../Inc -I../Drivers/STM32F0xx_HAL_Driver/Inc -I../Drivers/CMSIS/Device/ST/STM32F0xx/Include -I../Drivers/CMSIS/Include -I../Drivers/STM32F0xx_HAL_Driver/Inc/Legacy -Og -ffunction-sections -fdata-sections -g -fstack-usage -Wall -specs=nano.specs -o Drivers\STM32F0xx_HAL_Driver\Src\stm32f0xx_hal_tim.o ..\Drivers\STM32F0xx_HAL_Driver\Src\stm32f0xx_hal_tim.c 
arm-atollic-eabi-gcc -c -mthumb -mcpu=cortex-m0 -std=gnu11 -DUSE_FULL_LL_DRIVER -D__weak=__attribute__((weak)) -D__packed=__attribute__((__packed__)) -DSTM32F051x8 -DUSE_HAL_DRIVER -I../Inc -I../Drivers/STM32F0xx_HAL_Driver/Inc -I../Drivers/CMSIS/Device/ST/STM32F0xx/Include -I../Drivers/CMSIS/Include -I../Drivers/STM32F0xx_HAL_Driver/Inc/Legacy -Og -ffunction-sections -fdata-sections -g -fstack-usage -Wall -specs=nano.specs -o Drivers\STM32F0xx_HAL_Driver\Src\stm32f0xx_hal_adc_ex.o ..\Drivers\STM32F0xx_HAL_Driver\Src\stm32f0xx_hal_adc_ex.c 
arm-atollic-eabi-gcc -c -mthumb -mcpu=cortex-m0 -std=gnu11 -DUSE_FULL_LL_DRIVER -D__weak=__attribute__((weak)) -D__packed=__attribute__((__packed__)) -DSTM32F051x8 -DUSE_HAL_DRIVER -I../Inc -I../Drivers/STM32F0xx_HAL_Driver/Inc -I../Drivers/CMSIS/Device/ST/STM32F0xx/Include -I../Drivers/CMSIS/Include -I../Drivers/STM32F0xx_HAL_Driver/Inc/Legacy -Og -ffunction-sections -fdata-sections -g -fstack-usage -Wall -specs=nano.specs -o Src\stm32f0xx_hal_msp.o ..\Src\stm32f0xx_hal_msp.c 
arm-atollic-eabi-gcc -c -mthumb -mcpu=cortex-m0 -std=gnu11 -DUSE_FULL_LL_DRIVER -D__weak=__attribute__((weak)) -D__packed=__attribute__((__packed__)) -DSTM32F051x8 -DUSE_HAL_DRIVER -I../Inc -I../Drivers/STM32F0xx_HAL_Driver/Inc -I../Drivers/CMSIS/Device/ST/STM32F0xx/Include -I../Drivers/CMSIS/Include -I../Drivers/STM32F0xx_HAL_Driver/Inc/Legacy -Og -ffunction-sections -fdata-sections -g -fstack-usage -Wall -specs=nano.specs -o Drivers\STM32F0xx_HAL_Driver\Src\stm32f0xx_hal_adc.o ..\Drivers\STM32F0xx_HAL_Driver\Src\stm32f0xx_hal_adc.c 
arm-atollic-eabi-gcc -c -mthumb -mcpu=cortex-m0 -std=gnu11 -DUSE_FULL_LL_DRIVER -D__weak=__attribute__((weak)) -D__packed=__attribute__((__packed__)) -DSTM32F051x8 -DUSE_HAL_DRIVER -I../Inc -I../Drivers/STM32F0xx_HAL_Driver/Inc -I../Drivers/CMSIS/Device/ST/STM32F0xx/Include -I../Drivers/CMSIS/Include -I../Drivers/STM32F0xx_HAL_Driver/Inc/Legacy -Og -ffunction-sections -fdata-sections -g -fstack-usage -Wall -specs=nano.specs -o Drivers\STM32F0xx_HAL_Driver\Src\stm32f0xx_hal_pwr.o ..\Drivers\STM32F0xx_HAL_Driver\Src\stm32f0xx_hal_pwr.c 
arm-atollic-eabi-gcc -c -mthumb -mcpu=cortex-m0 -std=gnu11 -DUSE_FULL_LL_DRIVER -D__weak=__attribute__((weak)) -D__packed=__attribute__((__packed__)) -DSTM32F051x8 -DUSE_HAL_DRIVER -I../Inc -I../Drivers/STM32F0xx_HAL_Driver/Inc -I../Drivers/CMSIS/Device/ST/STM32F0xx/Include -I../Drivers/CMSIS/Include -I../Drivers/STM32F0xx_HAL_Driver/Inc/Legacy -Og -ffunction-sections -fdata-sections -g -fstack-usage -Wall -specs=nano.specs -o Drivers\STM32F0xx_HAL_Driver\Src\stm32f0xx_hal_dma.o ..\Drivers\STM32F0xx_HAL_Driver\Src\stm32f0xx_hal_dma.c 
arm-atollic-eabi-gcc -c -mthumb -mcpu=cortex-m0 -std=gnu11 -DUSE_FULL_LL_DRIVER -D__weak=__attribute__((weak)) -D__packed=__attribute__((__packed__)) -DSTM32F051x8 -DUSE_HAL_DRIVER -I../Inc -I../Drivers/STM32F0xx_HAL_Driver/Inc -I../Drivers/CMSIS/Device/ST/STM32F0xx/Include -I../Drivers/CMSIS/Include -I../Drivers/STM32F0xx_HAL_Driver/Inc/Legacy -Og -ffunction-sections -fdata-sections -g -fstack-usage -Wall -specs=nano.specs -o Src\tim.o ..\Src\tim.c 
arm-atollic-eabi-gcc -c -mthumb -mcpu=cortex-m0 -std=gnu11 -DUSE_FULL_LL_DRIVER -D__weak=__attribute__((weak)) -D__packed=__attribute__((__packed__)) -DSTM32F051x8 -DUSE_HAL_DRIVER -I../Inc -I../Drivers/STM32F0xx_HAL_Driver/Inc -I../Drivers/CMSIS/Device/ST/STM32F0xx/Include -I../Drivers/CMSIS/Include -I../Drivers/STM32F0xx_HAL_Driver/Inc/Legacy -Og -ffunction-sections -fdata-sections -g -fstack-usage -Wall -specs=nano.specs -o Drivers\STM32F0xx_HAL_Driver\Src\stm32f0xx_hal_flash_ex.o ..\Drivers\STM32F0xx_HAL_Driver\Src\stm32f0xx_hal_flash_ex.c 
arm-atollic-eabi-gcc -c -mthumb -mcpu=cortex-m0 -std=gnu11 -DUSE_FULL_LL_DRIVER -D__weak=__attribute__((weak)) -D__packed=__attribute__((__packed__)) -DSTM32F051x8 -DUSE_HAL_DRIVER -I../Inc -I../Drivers/STM32F0xx_HAL_Driver/Inc -I../Drivers/CMSIS/Device/ST/STM32F0xx/Include -I../Drivers/CMSIS/Include -I../Drivers/STM32F0xx_HAL_Driver/Inc/Legacy -Og -ffunction-sections -fdata-sections -g -fstack-usage -Wall -specs=nano.specs -o Drivers\STM32F0xx_HAL_Driver\Src\stm32f0xx_hal_tim_ex.o ..\Drivers\STM32F0xx_HAL_Driver\Src\stm32f0xx_hal_tim_ex.c 
arm-atollic-eabi-gcc -c -mthumb -mcpu=cortex-m0 -std=gnu11 -DUSE_FULL_LL_DRIVER -D__weak=__attribute__((weak)) -D__packed=__attribute__((__packed__)) -DSTM32F051x8 -DUSE_HAL_DRIVER -I../Inc -I../Drivers/STM32F0xx_HAL_Driver/Inc -I../Drivers/CMSIS/Device/ST/STM32F0xx/Include -I../Drivers/CMSIS/Include -I../Drivers/STM32F0xx_HAL_Driver/Inc/Legacy -Og -ffunction-sections -fdata-sections -g -fstack-usage -Wall -specs=nano.specs -o Src\dma.o ..\Src\dma.c 
arm-atollic-eabi-gcc -c -mthumb -mcpu=cortex-m0 -std=gnu11 -DUSE_FULL_LL_DRIVER -D__weak=__attribute__((weak)) -D__packed=__attribute__((__packed__)) -DSTM32F051x8 -DUSE_HAL_DRIVER -I../Inc -I../Drivers/STM32F0xx_HAL_Driver/Inc -I../Drivers/CMSIS/Device/ST/STM32F0xx/Include -I../Drivers/CMSIS/Include -I../Drivers/STM32F0xx_HAL_Driver/Inc/Legacy -Og -ffunction-sections -fdata-sections -g -fstack-usage -Wall -specs=nano.specs -o Drivers\STM32F0xx_HAL_Driver\Src\stm32f0xx_hal.o ..\Drivers\STM32F0xx_HAL_Driver\Src\stm32f0xx_hal.c 
arm-atollic-eabi-gcc -c -mthumb -mcpu=cortex-m0 -std=gnu11 -DUSE_FULL_LL_DRIVER -D__weak=__attribute__((weak)) -D__packed=__attribute__((__packed__)) -DSTM32F051x8 -DUSE_HAL_DRIVER -I../Inc -I../Drivers/STM32F0xx_HAL_Driver/Inc -I../Drivers/CMSIS/Device/ST/STM32F0xx/Include -I../Drivers/CMSIS/Include -I../Drivers/STM32F0xx_HAL_Driver/Inc/Legacy -Og -ffunction-sections -fdata-sections -g -fstack-usage -Wall -specs=nano.specs -o Drivers\STM32F0xx_HAL_Driver\Src\stm32f0xx_hal_i2c_ex.o ..\Drivers\STM32F0xx_HAL_Driver\Src\stm32f0xx_hal_i2c_ex.c 
arm-atollic-eabi-gcc -c -mthumb -mcpu=cortex-m0 -std=gnu11 -DUSE_FULL_LL_DRIVER -D__weak=__attribute__((weak)) -D__packed=__attribute__((__packed__)) -DSTM32F051x8 -DUSE_HAL_DRIVER -I../Inc -I../Drivers/STM32F0xx_HAL_Driver/Inc -I../Drivers/CMSIS/Device/ST/STM32F0xx/Include -I../Drivers/CMSIS/Include -I../Drivers/STM32F0xx_HAL_Driver/Inc/Legacy -Og -ffunction-sections -fdata-sections -g -fstack-usage -Wall -specs=nano.specs -o Drivers\STM32F0xx_HAL_Driver\Src\stm32f0xx_hal_flash.o ..\Drivers\STM32F0xx_HAL_Driver\Src\stm32f0xx_hal_flash.c 
arm-atollic-eabi-gcc -c -mthumb -mcpu=cortex-m0 -std=gnu11 -DUSE_FULL_LL_DRIVER -D__weak=__attribute__((weak)) -D__packed=__attribute__((__packed__)) -DSTM32F051x8 -DUSE_HAL_DRIVER -I../Inc -I../Drivers/STM32F0xx_HAL_Driver/Inc -I../Drivers/CMSIS/Device/ST/STM32F0xx/Include -I../Drivers/CMSIS/Include -I../Drivers/STM32F0xx_HAL_Driver/Inc/Legacy -Og -ffunction-sections -fdata-sections -g -fstack-usage -Wall -specs=nano.specs -o Src\gpio.o ..\Src\gpio.c 
arm-atollic-eabi-gcc -o PWMGEN_STM32F051_LL.elf Drivers\STM32F0xx_HAL_Driver\Src\stm32f0xx_hal.o Drivers\STM32F0xx_HAL_Driver\Src\stm32f0xx_hal_adc.o Drivers\STM32F0xx_HAL_Driver\Src\stm32f0xx_hal_adc_ex.o Drivers\STM32F0xx_HAL_Driver\Src\stm32f0xx_hal_cortex.o Drivers\STM32F0xx_HAL_Driver\Src\stm32f0xx_hal_dma.o Drivers\STM32F0xx_HAL_Driver\Src\stm32f0xx_hal_flash.o Drivers\STM32F0xx_HAL_Driver\Src\stm32f0xx_hal_flash_ex.o Drivers\STM32F0xx_HAL_Driver\Src\stm32f0xx_hal_gpio.o Drivers\STM32F0xx_HAL_Driver\Src\stm32f0xx_hal_i2c.o Drivers\STM32F0xx_HAL_Driver\Src\stm32f0xx_hal_i2c_ex.o Drivers\STM32F0xx_HAL_Driver\Src\stm32f0xx_hal_pwr.o Drivers\STM32F0xx_HAL_Driver\Src\stm32f0xx_hal_pwr_ex.o Drivers\STM32F0xx_HAL_Driver\Src\stm32f0xx_hal_rcc.o Drivers\STM32F0xx_HAL_Driver\Src\stm32f0xx_hal_rcc_ex.o Drivers\STM32F0xx_HAL_Driver\Src\stm32f0xx_hal_tim.o Drivers\STM32F0xx_HAL_Driver\Src\stm32f0xx_hal_tim_ex.o Drivers\STM32F0xx_HAL_Driver\Src\stm32f0xx_ll_dma.o Drivers\STM32F0xx_HAL_Driver\Src\stm32f0xx_ll_exti.o Drivers\STM32F0xx_HAL_Driver\Src\stm32f0xx_ll_gpio.o Drivers\STM32F0xx_HAL_Driver\Src\stm32f0xx_ll_rcc.o Drivers\STM32F0xx_HAL_Driver\Src\stm32f0xx_ll_tim.o Drivers\STM32F0xx_HAL_Driver\Src\stm32f0xx_ll_utils.o Src\adc.o Src\dma.o Src\gpio.o Src\main.o Src\stm32f0xx_hal_msp.o Src\stm32f0xx_it.o Src\syscalls.o Src\system_stm32f0xx.o Src\tim.o startup\startup_stm32f051x8.o -mthumb -mcpu=cortex-m0 -T../STM32F051K8_FLASH.ld -specs=nosys.specs -static -Wl,-Map=PWMGEN_STM32F051_LL.map -Wl,--gc-sections -Wl,--defsym=malloc_getpagesize_P=0x80 -Wl,--start-group -lc -lm -Wl,--end-group -specs=nano.specs 
H:\Programs\TrueSTUDIO for STM32 9.2.0\ide\jre\bin\java -jar H:\Programs\TrueSTUDIO for STM32 9.2.0\Tools\arm-atollic-reports.jar sizeinfo list PWMGEN_STM32F051_LL.elf 
Generate build reports...
Print size information
   text	   data	    bss	    dec	    hex	filename
  10216	     16	   1748	  11980	   2ecc	PWMGEN_STM32F051_LL.elf
Print size information done
Generate listing file
Output sent to: PWMGEN_STM32F051_LL.list
Generate listing file done
Generate build reports done
arm-atollic-eabi-objcopy.exe -O ihex PWMGEN_STM32F051_LL.elf PWMGEN_STM32F051_LL.hex 
