01:45:27 **** Incremental Build of configuration Debug for project PWMGEN_STM32F051_LL ****
Info: Internal Builder is used for build
arm-atollic-eabi-gcc -c -mthumb -mcpu=cortex-m0 -std=gnu11 -DUSE_FULL_LL_DRIVER -D__weak=__attribute__((weak)) -D__packed=__attribute__((__packed__)) -DSTM32F051x8 -DUSE_HAL_DRIVER -I../Inc -I../Drivers/STM32F0xx_HAL_Driver/Inc -I../Drivers/CMSIS/Device/ST/STM32F0xx/Include -I../Drivers/CMSIS/Include -I../Drivers/STM32F0xx_HAL_Driver/Inc/Legacy -Og -ffunction-sections -fdata-sections -g -fstack-usage -Wall -specs=nano.specs -o Drivers\STM32F0xx_HAL_Driver\Src\stm32f0xx_hal_i2c.o ..\Drivers\STM32F0xx_HAL_Driver\Src\stm32f0xx_hal_i2c.c 
arm-atollic-eabi-gcc -c -mthumb -mcpu=cortex-m0 -std=gnu11 -DUSE_FULL_LL_DRIVER -D__weak=__attribute__((weak)) -D__packed=__attribute__((__packed__)) -DSTM32F051x8 -DUSE_HAL_DRIVER -I../Inc -I../Drivers/STM32F0xx_HAL_Driver/Inc -I../Drivers/CMSIS/Device/ST/STM32F0xx/Include -I../Drivers/CMSIS/Include -I../Drivers/STM32F0xx_HAL_Driver/Inc/Legacy -Og -ffunction-sections -fdata-sections -g -fstack-usage -Wall -specs=nano.specs -o Drivers\STM32F0xx_HAL_Driver\Src\stm32f0xx_hal_cortex.o ..\Drivers\STM32F0xx_HAL_Driver\Src\stm32f0xx_hal_cortex.c 
arm-atollic-eabi-gcc -c -mthumb -mcpu=cortex-m0 -std=gnu11 -DUSE_FULL_LL_DRIVER -D__weak=__attribute__((weak)) -D__packed=__attribute__((__packed__)) -DSTM32F051x8 -DUSE_HAL_DRIVER -I../Inc -I../Drivers/STM32F0xx_HAL_Driver/Inc -I../Drivers/CMSIS/Device/ST/STM32F0xx/Include -I../Drivers/CMSIS/Include -I../Drivers/STM32F0xx_HAL_Driver/Inc/Legacy -Og -ffunction-sections -fdata-sections -g -fstack-usage -Wall -specs=nano.specs -o Drivers\STM32F0xx_HAL_Driver\Src\stm32f0xx_hal_rcc.o ..\Drivers\STM32F0xx_HAL_Driver\Src\stm32f0xx_hal_rcc.c 
arm-atollic-eabi-gcc -c -mthumb -mcpu=cortex-m0 -std=gnu11 -DUSE_FULL_LL_DRIVER -D__weak=__attribute__((weak)) -D__packed=__attribute__((__packed__)) -DSTM32F051x8 -DUSE_HAL_DRIVER -I../Inc -I../Drivers/STM32F0xx_HAL_Driver/Inc -I../Drivers/CMSIS/Device/ST/STM32F0xx/Include -I../Drivers/CMSIS/Include -I../Drivers/STM32F0xx_HAL_Driver/Inc/Legacy -Og -ffunction-sections -fdata-sections -g -fstack-usage -Wall -specs=nano.specs -o Drivers\STM32F0xx_HAL_Driver\Src\stm32f0xx_hal_rcc_ex.o ..\Drivers\STM32F0xx_HAL_Driver\Src\stm32f0xx_hal_rcc_ex.c 
arm-atollic-eabi-gcc -c -mthumb -mcpu=cortex-m0 -std=gnu11 -DUSE_FULL_LL_DRIVER -D__weak=__attribute__((weak)) -D__packed=__attribute__((__packed__)) -DSTM32F051x8 -DUSE_HAL_DRIVER -I../Inc -I../Drivers/STM32F0xx_HAL_Driver/Inc -I../Drivers/CMSIS/Device/ST/STM32F0xx/Include -I../Drivers/CMSIS/Include -I../Drivers/STM32F0xx_HAL_Driver/Inc/Legacy -Og -ffunction-sections -fdata-sections -g -fstack-usage -Wall -specs=nano.specs -o Src\stm32f0xx_it.o ..\Src\stm32f0xx_it.c 
arm-atollic-eabi-gcc -c -mthumb -mcpu=cortex-m0 -std=gnu11 -DUSE_FULL_LL_DRIVER -D__weak=__attribute__((weak)) -D__packed=__attribute__((__packed__)) -DSTM32F051x8 -DUSE_HAL_DRIVER -I../Inc -I../Drivers/STM32F0xx_HAL_Driver/Inc -I../Drivers/CMSIS/Device/ST/STM32F0xx/Include -I../Drivers/CMSIS/Include -I../Drivers/STM32F0xx_HAL_Driver/Inc/Legacy -Og -ffunction-sections -fdata-sections -g -fstack-usage -Wall -specs=nano.specs -o Src\adc.o ..\Src\adc.c 
arm-atollic-eabi-gcc -c -mthumb -mcpu=cortex-m0 -std=gnu11 -DUSE_FULL_LL_DRIVER -D__weak=__attribute__((weak)) -D__packed=__attribute__((__packed__)) -DSTM32F051x8 -DUSE_HAL_DRIVER -I../Inc -I../Drivers/STM32F0xx_HAL_Driver/Inc -I../Drivers/CMSIS/Device/ST/STM32F0xx/Include -I../Drivers/CMSIS/Include -I../Drivers/STM32F0xx_HAL_Driver/Inc/Legacy -Og -ffunction-sections -fdata-sections -g -fstack-usage -Wall -specs=nano.specs -o Drivers\STM32F0xx_HAL_Driver\Src\stm32f0xx_hal_gpio.o ..\Drivers\STM32F0xx_HAL_Driver\Src\stm32f0xx_hal_gpio.c 
arm-atollic-eabi-gcc -c -mthumb -mcpu=cortex-m0 -std=gnu11 -DUSE_FULL_LL_DRIVER -D__weak=__attribute__((weak)) -D__packed=__attribute__((__packed__)) -DSTM32F051x8 -DUSE_HAL_DRIVER -I../Inc -I../Drivers/STM32F0xx_HAL_Driver/Inc -I../Drivers/CMSIS/Device/ST/STM32F0xx/Include -I../Drivers/CMSIS/Include -I../Drivers/STM32F0xx_HAL_Driver/Inc/Legacy -Og -ffunction-sections -fdata-sections -g -fstack-usage -Wall -specs=nano.specs -o Src\main.o ..\Src\main.c 
arm-atollic-eabi-gcc -c -mthumb -mcpu=cortex-m0 -std=gnu11 -DUSE_FULL_LL_DRIVER -D__weak=__attribute__((weak)) -D__packed=__attribute__((__packed__)) -DSTM32F051x8 -DUSE_HAL_DRIVER -I../Inc -I../Drivers/STM32F0xx_HAL_Driver/Inc -I../Drivers/CMSIS/Device/ST/STM32F0xx/Include -I../Drivers/CMSIS/Include -I../Drivers/STM32F0xx_HAL_Driver/Inc/Legacy -Og -ffunction-sections -fdata-sections -g -fstack-usage -Wall -specs=nano.specs -o Drivers\STM32F0xx_HAL_Driver\Src\stm32f0xx_hal_pwr_ex.o ..\Drivers\STM32F0xx_HAL_Driver\Src\stm32f0xx_hal_pwr_ex.c 
arm-atollic-eabi-gcc -c -mthumb -mcpu=cortex-m0 -std=gnu11 -DUSE_FULL_LL_DRIVER -D__weak=__attribute__((weak)) -D__packed=__attribute__((__packed__)) -DSTM32F051x8 -DUSE_HAL_DRIVER -I../Inc -I../Drivers/STM32F0xx_HAL_Driver/Inc -I../Drivers/CMSIS/Device/ST/STM32F0xx/Include -I../Drivers/CMSIS/Include -I../Drivers/STM32F0xx_HAL_Driver/Inc/Legacy -Og -ffunction-sections -fdata-sections -g -fstack-usage -Wall -specs=nano.specs -o Drivers\STM32F0xx_HAL_Driver\Src\stm32f0xx_hal_tim.o ..\Drivers\STM32F0xx_HAL_Driver\Src\stm32f0xx_hal_tim.c 
arm-atollic-eabi-gcc -c -mthumb -mcpu=cortex-m0 -std=gnu11 -DUSE_FULL_LL_DRIVER -D__weak=__attribute__((weak)) -D__packed=__attribute__((__packed__)) -DSTM32F051x8 -DUSE_HAL_DRIVER -I../Inc -I../Drivers/STM32F0xx_HAL_Driver/Inc -I../Drivers/CMSIS/Device/ST/STM32F0xx/Include -I../Drivers/CMSIS/Include -I../Drivers/STM32F0xx_HAL_Driver/Inc/Legacy -Og -ffunction-sections -fdata-sections -g -fstack-usage -Wall -specs=nano.specs -o Drivers\STM32F0xx_HAL_Driver\Src\stm32f0xx_hal_adc_ex.o ..\Drivers\STM32F0xx_HAL_Driver\Src\stm32f0xx_hal_adc_ex.c 
arm-atollic-eabi-gcc -c -mthumb -mcpu=cortex-m0 -std=gnu11 -DUSE_FULL_LL_DRIVER -D__weak=__attribute__((weak)) -D__packed=__attribute__((__packed__)) -DSTM32F051x8 -DUSE_HAL_DRIVER -I../Inc -I../Drivers/STM32F0xx_HAL_Driver/Inc -I../Drivers/CMSIS/Device/ST/STM32F0xx/Include -I../Drivers/CMSIS/Include -I../Drivers/STM32F0xx_HAL_Driver/Inc/Legacy -Og -ffunction-sections -fdata-sections -g -fstack-usage -Wall -specs=nano.specs -o Src\stm32f0xx_hal_msp.o ..\Src\stm32f0xx_hal_msp.c 
arm-atollic-eabi-gcc -c -mthumb -mcpu=cortex-m0 -std=gnu11 -DUSE_FULL_LL_DRIVER -D__weak=__attribute__((weak)) -D__packed=__attribute__((__packed__)) -DSTM32F051x8 -DUSE_HAL_DRIVER -I../Inc -I../Drivers/STM32F0xx_HAL_Driver/Inc -I../Drivers/CMSIS/Device/ST/STM32F0xx/Include -I../Drivers/CMSIS/Include -I../Drivers/STM32F0xx_HAL_Driver/Inc/Legacy -Og -ffunction-sections -fdata-sections -g -fstack-usage -Wall -specs=nano.specs -o Drivers\STM32F0xx_HAL_Driver\Src\stm32f0xx_hal_adc.o ..\Drivers\STM32F0xx_HAL_Driver\Src\stm32f0xx_hal_adc.c 
arm-atollic-eabi-gcc -c -mthumb -mcpu=cortex-m0 -std=gnu11 -DUSE_FULL_LL_DRIVER -D__weak=__attribute__((weak)) -D__packed=__attribute__((__packed__)) -DSTM32F051x8 -DUSE_HAL_DRIVER -I../Inc -I../Drivers/STM32F0xx_HAL_Driver/Inc -I../Drivers/CMSIS/Device/ST/STM32F0xx/Include -I../Drivers/CMSIS/Include -I../Drivers/STM32F0xx_HAL_Driver/Inc/Legacy -Og -ffunction-sections -fdata-sections -g -fstack-usage -Wall -specs=nano.specs -o Drivers\STM32F0xx_HAL_Driver\Src\stm32f0xx_hal_pwr.o ..\Drivers\STM32F0xx_HAL_Driver\Src\stm32f0xx_hal_pwr.c 
arm-atollic-eabi-gcc -c -mthumb -mcpu=cortex-m0 -std=gnu11 -DUSE_FULL_LL_DRIVER -D__weak=__attribute__((weak)) -D__packed=__attribute__((__packed__)) -DSTM32F051x8 -DUSE_HAL_DRIVER -I../Inc -I../Drivers/STM32F0xx_HAL_Driver/Inc -I../Drivers/CMSIS/Device/ST/STM32F0xx/Include -I../Drivers/CMSIS/Include -I../Drivers/STM32F0xx_HAL_Driver/Inc/Legacy -Og -ffunction-sections -fdata-sections -g -fstack-usage -Wall -specs=nano.specs -o Drivers\STM32F0xx_HAL_Driver\Src\stm32f0xx_hal_dma.o ..\Drivers\STM32F0xx_HAL_Driver\Src\stm32f0xx_hal_dma.c 
arm-atollic-eabi-gcc -c -mthumb -mcpu=cortex-m0 -std=gnu11 -DUSE_FULL_LL_DRIVER -D__weak=__attribute__((weak)) -D__packed=__attribute__((__packed__)) -DSTM32F051x8 -DUSE_HAL_DRIVER -I../Inc -I../Drivers/STM32F0xx_HAL_Driver/Inc -I../Drivers/CMSIS/Device/ST/STM32F0xx/Include -I../Drivers/CMSIS/Include -I../Drivers/STM32F0xx_HAL_Driver/Inc/Legacy -Og -ffunction-sections -fdata-sections -g -fstack-usage -Wall -specs=nano.specs -o Src\tim.o ..\Src\tim.c 
arm-atollic-eabi-gcc -c -mthumb -mcpu=cortex-m0 -std=gnu11 -DUSE_FULL_LL_DRIVER -D__weak=__attribute__((weak)) -D__packed=__attribute__((__packed__)) -DSTM32F051x8 -DUSE_HAL_DRIVER -I../Inc -I../Drivers/STM32F0xx_HAL_Driver/Inc -I../Drivers/CMSIS/Device/ST/STM32F0xx/Include -I../Drivers/CMSIS/Include -I../Drivers/STM32F0xx_HAL_Driver/Inc/Legacy -Og -ffunction-sections -fdata-sections -g -fstack-usage -Wall -specs=nano.specs -o Drivers\STM32F0xx_HAL_Driver\Src\stm32f0xx_hal_flash_ex.o ..\Drivers\STM32F0xx_HAL_Driver\Src\stm32f0xx_hal_flash_ex.c 
arm-atollic-eabi-gcc -c -mthumb -mcpu=cortex-m0 -std=gnu11 -DUSE_FULL_LL_DRIVER -D__weak=__attribute__((weak)) -D__packed=__attribute__((__packed__)) -DSTM32F051x8 -DUSE_HAL_DRIVER -I../Inc -I../Drivers/STM32F0xx_HAL_Driver/Inc -I../Drivers/CMSIS/Device/ST/STM32F0xx/Include -I../Drivers/CMSIS/Include -I../Drivers/STM32F0xx_HAL_Driver/Inc/Legacy -Og -ffunction-sections -fdata-sections -g -fstack-usage -Wall -specs=nano.specs -o Drivers\STM32F0xx_HAL_Driver\Src\stm32f0xx_hal_tim_ex.o ..\Drivers\STM32F0xx_HAL_Driver\Src\stm32f0xx_hal_tim_ex.c 
arm-atollic-eabi-gcc -c -mthumb -mcpu=cortex-m0 -std=gnu11 -DUSE_FULL_LL_DRIVER -D__weak=__attribute__((weak)) -D__packed=__attribute__((__packed__)) -DSTM32F051x8 -DUSE_HAL_DRIVER -I../Inc -I../Drivers/STM32F0xx_HAL_Driver/Inc -I../Drivers/CMSIS/Device/ST/STM32F0xx/Include -I../Drivers/CMSIS/Include -I../Drivers/STM32F0xx_HAL_Driver/Inc/Legacy -Og -ffunction-sections -fdata-sections -g -fstack-usage -Wall -specs=nano.specs -o Src\dma.o ..\Src\dma.c 
arm-atollic-eabi-gcc -c -mthumb -mcpu=cortex-m0 -std=gnu11 -DUSE_FULL_LL_DRIVER -D__weak=__attribute__((weak)) -D__packed=__attribute__((__packed__)) -DSTM32F051x8 -DUSE_HAL_DRIVER -I../Inc -I../Drivers/STM32F0xx_HAL_Driver/Inc -I../Drivers/CMSIS/Device/ST/STM32F0xx/Include -I../Drivers/CMSIS/Include -I../Drivers/STM32F0xx_HAL_Driver/Inc/Legacy -Og -ffunction-sections -fdata-sections -g -fstack-usage -Wall -specs=nano.specs -o Drivers\STM32F0xx_HAL_Driver\Src\stm32f0xx_hal.o ..\Drivers\STM32F0xx_HAL_Driver\Src\stm32f0xx_hal.c 
arm-atollic-eabi-gcc -c -mthumb -mcpu=cortex-m0 -std=gnu11 -DUSE_FULL_LL_DRIVER -D__weak=__attribute__((weak)) -D__packed=__attribute__((__packed__)) -DSTM32F051x8 -DUSE_HAL_DRIVER -I../Inc -I../Drivers/STM32F0xx_HAL_Driver/Inc -I../Drivers/CMSIS/Device/ST/STM32F0xx/Include -I../Drivers/CMSIS/Include -I../Drivers/STM32F0xx_HAL_Driver/Inc/Legacy -Og -ffunction-sections -fdata-sections -g -fstack-usage -Wall -specs=nano.specs -o Drivers\STM32F0xx_HAL_Driver\Src\stm32f0xx_hal_i2c_ex.o ..\Drivers\STM32F0xx_HAL_Driver\Src\stm32f0xx_hal_i2c_ex.c 
arm-atollic-eabi-gcc -c -mthumb -mcpu=cortex-m0 -std=gnu11 -DUSE_FULL_LL_DRIVER -D__weak=__attribute__((weak)) -D__packed=__attribute__((__packed__)) -DSTM32F051x8 -DUSE_HAL_DRIVER -I../Inc -I../Drivers/STM32F0xx_HAL_Driver/Inc -I../Drivers/CMSIS/Device/ST/STM32F0xx/Include -I../Drivers/CMSIS/Include -I../Drivers/STM32F0xx_HAL_Driver/Inc/Legacy -Og -ffunction-sections -fdata-sections -g -fstack-usage -Wall -specs=nano.specs -o Drivers\STM32F0xx_HAL_Driver\Src\stm32f0xx_hal_flash.o ..\Drivers\STM32F0xx_HAL_Driver\Src\stm32f0xx_hal_flash.c 
arm-atollic-eabi-gcc -c -mthumb -mcpu=cortex-m0 -std=gnu11 -DUSE_FULL_LL_DRIVER -D__weak=__attribute__((weak)) -D__packed=__attribute__((__packed__)) -DSTM32F051x8 -DUSE_HAL_DRIVER -I../Inc -I../Drivers/STM32F0xx_HAL_Driver/Inc -I../Drivers/CMSIS/Device/ST/STM32F0xx/Include -I../Drivers/CMSIS/Include -I../Drivers/STM32F0xx_HAL_Driver/Inc/Legacy -Og -ffunction-sections -fdata-sections -g -fstack-usage -Wall -specs=nano.specs -o Src\gpio.o ..\Src\gpio.c 
arm-atollic-eabi-gcc -o PWMGEN_STM32F051_LL.elf Drivers\STM32F0xx_HAL_Driver\Src\stm32f0xx_hal.o Drivers\STM32F0xx_HAL_Driver\Src\stm32f0xx_hal_adc.o Drivers\STM32F0xx_HAL_Driver\Src\stm32f0xx_hal_adc_ex.o Drivers\STM32F0xx_HAL_Driver\Src\stm32f0xx_hal_cortex.o Drivers\STM32F0xx_HAL_Driver\Src\stm32f0xx_hal_dma.o Drivers\STM32F0xx_HAL_Driver\Src\stm32f0xx_hal_flash.o Drivers\STM32F0xx_HAL_Driver\Src\stm32f0xx_hal_flash_ex.o Drivers\STM32F0xx_HAL_Driver\Src\stm32f0xx_hal_gpio.o Drivers\STM32F0xx_HAL_Driver\Src\stm32f0xx_hal_i2c.o Drivers\STM32F0xx_HAL_Driver\Src\stm32f0xx_hal_i2c_ex.o Drivers\STM32F0xx_HAL_Driver\Src\stm32f0xx_hal_pwr.o Drivers\STM32F0xx_HAL_Driver\Src\stm32f0xx_hal_pwr_ex.o Drivers\STM32F0xx_HAL_Driver\Src\stm32f0xx_hal_rcc.o Drivers\STM32F0xx_HAL_Driver\Src\stm32f0xx_hal_rcc_ex.o Drivers\STM32F0xx_HAL_Driver\Src\stm32f0xx_hal_tim.o Drivers\STM32F0xx_HAL_Driver\Src\stm32f0xx_hal_tim_ex.o Drivers\STM32F0xx_HAL_Driver\Src\stm32f0xx_ll_dma.o Drivers\STM32F0xx_HAL_Driver\Src\stm32f0xx_ll_exti.o Drivers\STM32F0xx_HAL_Driver\Src\stm32f0xx_ll_gpio.o Drivers\STM32F0xx_HAL_Driver\Src\stm32f0xx_ll_rcc.o Drivers\STM32F0xx_HAL_Driver\Src\stm32f0xx_ll_tim.o Drivers\STM32F0xx_HAL_Driver\Src\stm32f0xx_ll_utils.o Src\adc.o Src\dma.o Src\gpio.o Src\main.o Src\stm32f0xx_hal_msp.o Src\stm32f0xx_it.o Src\syscalls.o Src\system_stm32f0xx.o Src\tim.o startup\startup_stm32f051x8.o -mthumb -mcpu=cortex-m0 -T../STM32F051K8_FLASH.ld -specs=nosys.specs -static -Wl,-Map=PWMGEN_STM32F051_LL.map -Wl,--gc-sections -Wl,--defsym=malloc_getpagesize_P=0x80 -Wl,--start-group -lc -lm -Wl,--end-group -specs=nano.specs 
H:\Programs\TrueSTUDIO for STM32 9.2.0\ide\jre\bin\java -jar H:\Programs\TrueSTUDIO for STM32 9.2.0\Tools\arm-atollic-reports.jar sizeinfo list PWMGEN_STM32F051_LL.elf 
Generate build reports...
Print size information
   text	   data	    bss	    dec	    hex	filename
  10216	     16	   1748	  11980	   2ecc	PWMGEN_STM32F051_LL.elf
Print size information done
Generate listing file
Output sent to: PWMGEN_STM32F051_LL.list
Generate listing file done
Generate build reports done
arm-atollic-eabi-objcopy.exe -O ihex PWMGEN_STM32F051_LL.elf PWMGEN_STM32F051_LL.hex 

01:45:33 Build Finished (took 5s.862ms)

